******************************************************************************
                  TI ARM Linker PC v20.2.6                     
******************************************************************************
>> Linked Thu Mar  2 12:50:08 2023

OUTPUT FILE NAME:   <Lab 6.out>
ENTRY POINT SYMBOL: "_c_int00_noargs"  address: 00003d79


MEMORY CONFIGURATION

         name            origin    length      used     unused   attr    fill
----------------------  --------  ---------  --------  --------  ----  --------
  FLASH                 00000000   00040000  00004108  0003bef8  R  X
  SRAM                  20000000   00008000  00002336  00005cca  RW X


SEGMENT ALLOCATION MAP

run origin  load origin   length   init length attrs members
----------  ----------- ---------- ----------- ----- -------
00000000    00000000    00004108   00004108    r-x
  00000000    00000000    0000026c   0000026c    r-- .intvecs
  0000026c    0000026c    00003d2c   00003d2c    r-x .text
  00003f98    00003f98    00000118   00000118    r-- .const
  000040b0    000040b0    00000058   00000058    r-- .cinit
20000000    20000000    0000233d   00000000    rw-
  20000000    20000000    0000026c   00000000    rw- .vtable
  20000270    20000270    00001000   00000000    rw- .stack
  20001270    20001270    00001000   00000000    rw- .sysmem
  20002270    20002270    00000089   00000000    rw- .bss
  200022fc    200022fc    00000041   00000000    rw- .data


SECTION ALLOCATION MAP

 output                                  attributes/
section   page    origin      length       input sections
--------  ----  ----------  ----------   ----------------
.intvecs   0    00000000    0000026c     
                  00000000    0000026c     tm4c123gh6pm_startup_ccs.obj (.intvecs)

.text      0    0000026c    00003d2c     
                  0000026c    00000c20     open_interface.obj (.text)
                  00000e8c    00000a4e     rtsv7M4_T_le_v4SPD16_eabi.lib : _printfi.c.obj (.text:__TI_printfi)
                  000018da    00000002                                   : _lock.c.obj (.text:_nop)
                  000018dc    00000328     lcd.obj (.text)
                  00001c04    00000270     rtsv7M4_T_le_v4SPD16_eabi.lib : _printfi.c.obj (.text:_pconv_a)
                  00001e74    00000260     libcybotScan.lib : cyBot_Scan.obj (.text)
                  000020d4    00000248     Timer.obj (.text)
                  0000231c    000001ec     libcybotScan.lib : ping.obj (.text)
                  00002508    000001d0     rtsv7M4_T_le_v4SPD16_eabi.lib : _printfi.c.obj (.text:_pconv_g)
                  000026d8    000001bc     uart-interrupt.obj (.text)
                  00002894    000001b6     rtsv7M4_T_le_v4SPD16_eabi.lib : fd_add_t2.asm.obj (.text)
                  00002a4a    00000002                                   : div0.asm.obj (.text)
                  00002a4c    00000158     libcybotScan.lib : servo.obj (.text)
                  00002ba4    0000013c     rtsv7M4_T_le_v4SPD16_eabi.lib : _printfi.c.obj (.text:_pconv_e)
                  00002ce0    00000136                                   : fd_div_t2.asm.obj (.text)
                  00002e16    00000002     --HOLE-- [fill = 0]
                  00002e18    00000124                                   : _printfi.c.obj (.text:fcvt)
                  00002f3c    00000118     libcybotScan.lib : ir.obj (.text)
                  00003054    00000110     rtsv7M4_T_le_v4SPD16_eabi.lib : s_scalbn.c.obj (.text:scalbn)
                  00003164    00000100                                   : memory.c.obj (.text:aligned_alloc)
                  00003264    000000fc                                   : fd_mul_t2.asm.obj (.text)
                  00003360    000000e4                                   : memory.c.obj (.text:free)
                  00003444    000000b8     lab6-interrupt_template.obj (.text)
                  000034fc    000000b1     rtsv7M4_T_le_v4SPD16_eabi.lib : _printfi.c.obj (.text:_ltostr)
                  000035ad    00000001     --HOLE-- [fill = 0]
                  000035ae    0000009c                                   : memcpy_t2.asm.obj (.text)
                  0000364a    00000096                                   : ull_div_t2.asm.obj (.text)
                  000036e0    00000086                                   : fd_cmp_t2.asm.obj (.text:__aeabi_cdcmple)
                  00003766    00000086                                   : fd_cmp_t2.asm.obj (.text:__aeabi_cdrcmple)
                  000037ec    0000007a                                   : memset_t2.asm.obj (.text)
                  00003866    00000002     --HOLE-- [fill = 0]
                  00003868    00000070                                   : memory.c.obj (.text:split)
                  000038d8    0000006e                                   : _printfi.c.obj (.text:_mcpy)
                  00003946    0000006e                                   : fd_tos_t2.asm.obj (.text)
                  000039b4    00000068                                   : copy_decompress_lzss.c.obj (.text:decompress:lzss:__TI_decompress_lzss)
                  00003a1c    00000064                                   : s_frexp.c.obj (.text:frexp)
                  00003a80    00000056                                   : _printfi.c.obj (.text:_pconv_f)
                  00003ad6    00000054                                   : _ltoa.c.obj (.text:__TI_ltoa)
                  00003b2a    00000052                                   : _printfi.c.obj (.text:_ecpy)
                  00003b7c    0000004c                                   : atoi.c.obj (.text:atoi)
                  00003bc8    00000048                                   : fd_toi_t2.asm.obj (.text)
                  00003c10    00000044                                   : autoinit.c.obj (.text:__TI_auto_init_nobinit_nopinit:__TI_auto_init_nobinit_nopinit)
                  00003c54    00000040                                   : vsnprintf.c.obj (.text:vsnprintf)
                  00003c94    0000003e                                   : _printfi.c.obj (.text:_fcpy)
                  00003cd2    00000002     --HOLE-- [fill = 0]
                  00003cd4    00000038                                   : memory.c.obj (.text:calloc)
                  00003d0c    00000038                                   : fs_tod_t2.asm.obj (.text)
                  00003d44    00000034     driverlib.lib : interrupt.obj (.text:IntRegister)
                  00003d78    00000034     rtsv7M4_T_le_v4SPD16_eabi.lib : boot_cortex_m.c.obj (.text:_c_int00_noargs:_c_int00_noargs)
                  00003dac    00000030                                   : vsnprintf.c.obj (.text:_outs)
                  00003ddc    0000002e                                   : i_tofd_t2.asm.obj (.text)
                  00003e0a    00000002     --HOLE-- [fill = 0]
                  00003e0c    00000028                                   : memory.c.obj (.text:free_list_insert)
                  00003e34    0000001c                                   : copy_zero_init.c.obj (.text:decompress:ZI:__TI_zero_init_nomemset:__TI_zero_init_nomemset)
                  00003e50    0000001c                                   : memory.c.obj (.text:free_list_remove)
                  00003e6c    0000001c                                   : memccpy.c.obj (.text:memccpy)
                  00003e88    0000001a                                   : s_copysign.c.obj (.text:copysign)
                  00003ea2    00000018                                   : vsnprintf.c.obj (.text:_outc)
                  00003eba    00000018     open_interface.obj (.text:oi_parseInt)
                  00003ed2    00000018     rtsv7M4_T_le_v4SPD16_eabi.lib : strcmp.c.obj (.text:strcmp)
                  00003eea    00000016                                   : strchr.c.obj (.text:strchr)
                  00003f00    00000014                                   : strcpy.c.obj (.text:strcpy)
                  00003f14    00000014                                   : strlen.c.obj (.text:strlen)
                  00003f28    00000012                                   : wcslen.c.obj (.text:wcslen)
                  00003f3a    00000010     driverlib.lib : interrupt.obj (.text:IntMasterEnable)
                  00003f4a    00000010     lcd.obj (.text:lcd_clear)
                  00003f5a    0000000e     rtsv7M4_T_le_v4SPD16_eabi.lib : copy_decompress_none.c.obj (.text:decompress:none:__TI_decompress_none)
                  00003f68    0000000c     driverlib.lib : cpu.obj (.text:CPUcpsie)
                  00003f74    0000000c     tm4c123gh6pm_startup_ccs.obj (.text)
                  00003f80    00000008     rtsv7M4_T_le_v4SPD16_eabi.lib : errno.c.obj (.text:__aeabi_errno_addr)
                  00003f88    00000008                                   : memory.c.obj (.text:malloc)
                  00003f90    00000004                                   : pre_init.c.obj (.text:_system_pre_init)
                  00003f94    00000004                                   : exit.c.obj (.text:abort:abort)

.const     0    00003f98    00000118     
                  00003f98    00000101     rtsv7M4_T_le_v4SPD16_eabi.lib : ctype.c.obj (.const:.string:_ctypes_)
                  00004099    0000000f     open_interface.obj (.const:.string:$P$T0$3)
                  000040a8    00000004     lcd.obj (.const:.string:lineAddress$1)
                  000040ac    00000004     lcd.obj (.const:.string:lineAddresses$2)

.cinit     0    000040b0    00000058     
                  000040b0    0000001f     (.cinit..data.load) [load image, compression = lzss]
                  000040cf    00000001     --HOLE-- [fill = 0]
                  000040d0    0000000c     (__TI_handler_table)
                  000040dc    00000004     --HOLE-- [fill = 0]
                  000040e0    00000008     (.cinit..bss.load) [load image, compression = zero_init]
                  000040e8    00000008     (.cinit..vtable.load) [load image, compression = zero_init]
                  000040f0    00000018     (__TI_cinit_table)

.init_array 
*          0    00000000    00000000     UNINITIALIZED

.vtable    0    20000000    0000026c     UNINITIALIZED
                  20000000    0000026c     driverlib.lib : interrupt.obj (.vtable)

.stack     0    20000270    00001000     UNINITIALIZED
                  20000270    00000004     rtsv7M4_T_le_v4SPD16_eabi.lib : boot_cortex_m.c.obj (.stack)
                  20000274    00000ffc     --HOLE--

.sysmem    0    20001270    00001000     UNINITIALIZED
                  20001270    00000010     rtsv7M4_T_le_v4SPD16_eabi.lib : memory.c.obj (.sysmem)
                  20001280    00000ff0     --HOLE--

.bss       0    20002270    00000089     UNINITIALIZED
                  20002270    00000054     lcd.obj (.bss:lastbuffer$3)
                  200022c4    00000018     open_interface.obj (.bss:firmware$2)
                  200022dc    00000004     (.common:_timeout_ticks)
                  200022e0    00000004     (.common:fallingEdge)
                  200022e4    00000004     (.common:isr_int_value)
                  200022e8    00000004     (.common:left_calibration_value)
                  200022ec    00000004     (.common:pulseLength)
                  200022f0    00000004     (.common:right_calibration_value)
                  200022f4    00000004     (.common:risingEdge)
                  200022f8    00000001     (.common:isRisingEdge)

.data      0    200022fc    00000041     UNINITIALIZED
                  200022fc    00000020     open_interface.obj (.data)
                  2000231c    00000008     rtsv7M4_T_le_v4SPD16_eabi.lib : _lock.c.obj (.data:$O1$$)
                  20002324    00000008                                   : memory.c.obj (.data:$O1$$)
                  2000232c    00000008     uart-interrupt.obj (.data)
                  20002334    00000004     libcybotScan.lib : cyBot_Scan.obj (.data)
                  20002338    00000004     rtsv7M4_T_le_v4SPD16_eabi.lib : errno.c.obj (.data)
                  2000233c    00000001     Timer.obj (.data)

__llvm_prf_cnts 
*          0    20000000    00000000     UNINITIALIZED

MODULE SUMMARY

       Module                         code    ro data   rw data
       ------                         ----    -------   -------
    .\
       open_interface.obj             3128    15        56     
       lcd.obj                        824     8         84     
       tm4c123gh6pm_startup_ccs.obj   12      620       0      
       Timer.obj                      584     0         5      
       uart-interrupt.obj             444     0         8      
       lab6-interrupt_template.obj    184     0         8      
    +--+------------------------------+-------+---------+---------+
       Total:                         5176    643       161    
                                                               
    ../libcybotScan.lib
       cyBot_Scan.obj                 608     0         4      
       ping.obj                       492     0         13     
       servo.obj                      344     0         0      
       ir.obj                         280     0         4      
    +--+------------------------------+-------+---------+---------+
       Total:                         1724    0         21     
                                                               
    C:/ti/TivaWare_C_Series-2.2.0.295/driverlib/ccs/Debug/driverlib.lib
       interrupt.obj                  68      0         620    
       cpu.obj                        12      0         0      
    +--+------------------------------+-------+---------+---------+
       Total:                         80      0         620    
                                                               
    C:\ti\ccs1200\ccs\tools\compiler\ti-cgt-arm_20.2.6.LTS\lib\rtsv7M4_T_le_v4SPD16_eabi.lib
       _printfi.c.obj                 4851    0         0      
       memory.c.obj                   728     0         8      
       fd_add_t2.asm.obj              438     0         0      
       fd_div_t2.asm.obj              310     0         0      
       s_scalbn.c.obj                 272     0         0      
       fd_cmp_t2.asm.obj              268     0         0      
       ctype.c.obj                    0       257       0      
       fd_mul_t2.asm.obj              252     0         0      
       memcpy_t2.asm.obj              156     0         0      
       ull_div_t2.asm.obj             150     0         0      
       vsnprintf.c.obj                136     0         0      
       memset_t2.asm.obj              122     0         0      
       fd_tos_t2.asm.obj              110     0         0      
       copy_decompress_lzss.c.obj     104     0         0      
       s_frexp.c.obj                  100     0         0      
       _ltoa.c.obj                    84      0         0      
       atoi.c.obj                     76      0         0      
       fd_toi_t2.asm.obj              72      0         0      
       autoinit.c.obj                 68      0         0      
       fs_tod_t2.asm.obj              56      0         0      
       boot_cortex_m.c.obj            52      0         0      
       i_tofd_t2.asm.obj              46      0         0      
       copy_zero_init.c.obj           28      0         0      
       memccpy.c.obj                  28      0         0      
       s_copysign.c.obj               26      0         0      
       strcmp.c.obj                   24      0         0      
       strchr.c.obj                   22      0         0      
       strcpy.c.obj                   20      0         0      
       strlen.c.obj                   20      0         0      
       wcslen.c.obj                   18      0         0      
       copy_decompress_none.c.obj     14      0         0      
       errno.c.obj                    8       0         4      
       _lock.c.obj                    2       0         8      
       exit.c.obj                     4       0         0      
       pre_init.c.obj                 4       0         0      
       div0.asm.obj                   2       0         0      
    +--+------------------------------+-------+---------+---------+
       Total:                         8671    257       20     
                                                               
       Heap:                          0       0         4096   
       Stack:                         0       0         4096   
       Linker Generated:              0       83        0      
    +--+------------------------------+-------+---------+---------+
       Grand Total:                   15651   983       9014   


LINKER GENERATED COPY TABLES

__TI_cinit_table @ 000040f0 records: 3, size/record: 8, table size: 24
	.data: load addr=000040b0, load size=0000001f bytes, run addr=200022fc, run size=00000041 bytes, compression=lzss
	.bss: load addr=000040e0, load size=00000008 bytes, run addr=20002270, run size=00000089 bytes, compression=zero_init
	.vtable: load addr=000040e8, load size=00000008 bytes, run addr=20000000, run size=0000026c bytes, compression=zero_init


LINKER GENERATED HANDLER TABLE

__TI_handler_table @ 000040d0 records: 3, size/record: 4, table size: 12
	index: 0, handler: __TI_zero_init
	index: 1, handler: __TI_decompress_lzss
	index: 2, handler: __TI_decompress_none


GLOBAL SYMBOLS: SORTED ALPHABETICALLY BY Name 

address   name                          
-------   ----                          
00002fd5  ADC0SS0_Handler               
00003f95  C$$EXIT                       
00003f69  CPUcpsie                      
00000bc3  GPIOF_Handler                 
00003f3b  IntMasterEnable               
00003d45  IntRegister                   
00003f75  ResetISR                      
0000240d  TIMER3B_Handler               
000027f5  UART1_Handler                 
20001270  __STACK_END                   
00001000  __STACK_SIZE                  
20000470  __STACK_TOP                   
00001000  __SYSMEM_SIZE                 
000040f0  __TI_CINIT_Base               
00004108  __TI_CINIT_Limit              
000040d0  __TI_Handler_Table_Base       
000040dc  __TI_Handler_Table_Limit      
00003c11  __TI_auto_init_nobinit_nopinit
000039b5  __TI_decompress_lzss          
00003f5b  __TI_decompress_none          
00003ad7  __TI_ltoa                     
ffffffff  __TI_pprof_out_hndl           
00000e8d  __TI_printfi                  
ffffffff  __TI_prof_data_size           
ffffffff  __TI_prof_data_start          
00000000  __TI_static_base__            
00003e35  __TI_zero_init_nomemset       
000036e1  __aeabi_cdcmpeq               
000036e1  __aeabi_cdcmple               
00003767  __aeabi_cdrcmple              
00003947  __aeabi_d2f                   
00003bc9  __aeabi_d2iz                  
0000289f  __aeabi_dadd                  
00002ce1  __aeabi_ddiv                  
00003265  __aeabi_dmul                  
00002895  __aeabi_dsub                  
00003f81  __aeabi_errno_addr            
00003d0d  __aeabi_f2d                   
00003ddd  __aeabi_i2d                   
00002a4b  __aeabi_idiv0                 
00002a4b  __aeabi_ldiv0                 
000037ed  __aeabi_memclr                
000037ed  __aeabi_memclr4               
000037ed  __aeabi_memclr8               
000035af  __aeabi_memcpy                
000035af  __aeabi_memcpy4               
000035af  __aeabi_memcpy8               
000037ef  __aeabi_memset                
000037ef  __aeabi_memset4               
000037ef  __aeabi_memset8               
0000364b  __aeabi_uldivmod              
ffffffff  __binit__                     
ffffffff  __c_args__                    
UNDEFED   __mpu_init                    
20000270  __stack                       
20000000  __start___llvm_prf_cnts       
20000000  __stop___llvm_prf_cnts        
00003d79  _c_int00_noargs               
00003f98  _ctypes_                      
2000231c  _lock                         
000018db  _nop                          
2000233c  _running                      
20001270  _sys_memory                   
UNDEFED   _system_post_cinit            
00003f91  _system_pre_init              
200022dc  _timeout_ticks                
20002320  _unlock                       
00003f95  abort                         
00003165  aligned_alloc                 
00003b7d  atoi                          
ffffffff  binit                         
00003cd5  calloc                        
2000232c  command_byte                  
20002330  command_flag                  
00003e89  copysign                      
00003e89  copysignl                     
00001f4d  cyBOT_SERVO_cal               
00001edb  cyBOT_Scan                    
00001e83  cyBOT_init_Scan               
20002334  cyBOT_scan_features           
00001e75  cyBOT_scan_version            
20002338  errno                         
200022e0  fallingEdge                   
00003361  free                          
00003a1d  frexp                         
00003a1d  frexpl                        
20000000  g_pfnRAMVectors               
00000000  g_pfnVectors                  
0000097f  go_charge                     
00002feb  ir_enableInterrupt            
00002fcd  ir_getDistance                
00002fa5  ir_getValue                   
00002f3d  ir_init                       
200022f8  isRisingEdge                  
200022e4  isr_int_value                 
00003f4b  lcd_clear                     
00001ab1  lcd_gotoLine                  
00001919  lcd_init                      
00001b17  lcd_printf                    
000019d9  lcd_putc                      
00001a11  lcd_puts                      
000018dd  lcd_reverseNibble             
00001a2f  lcd_sendCommand               
00001a6d  lcd_sendNibble                
00001ad9  lcd_setCursorPos              
00003055  ldexp                         
00003055  ldexpl                        
200022e8  left_calibration_value        
00003445  main                          
00003f89  malloc                        
00003165  memalign                      
00003e6d  memccpy                       
000035af  memcpy                        
000037f5  memset                        
200022fc  motor_cal_factor_L            
20002300  motor_cal_factor_R            
0000026d  oi_alloc                      
00000aa9  oi_checkFirmware              
000002c7  oi_close                      
00000279  oi_free                       
00000ded  oi_getMotorCalibrationLeft    
00000e01  oi_getMotorCalibrationRight   
000002b1  oi_init                       
00000289  oi_init_noupdate              
00000915  oi_loadSong                   
00003ebb  oi_parseInt                   
0000032b  oi_parsePacket                
0000096b  oi_play_song                  
0000084b  oi_setLeds                    
00000db1  oi_setMotorCalibration        
0000088f  oi_setWheels                  
00000b51  oi_shutoff_init               
0000098d  oi_uartInit                   
00000a31  oi_uartReceive                
00000a77  oi_uartSendBuff               
00000a15  oi_uartSendChar               
00000a59  oi_uartSendStr                
000002d9  oi_update                     
0000245f  ping_getDistance              
0000231d  ping_init                     
000023a3  ping_trigger                  
200022ec  pulseLength                   
200022f0  right_calibration_value       
200022f4  risingEdge                    
00003055  scalbn                        
00003055  scalbnl                       
00002a4d  servo_init                    
00002add  servo_move                    
00002b3d  servo_setPWM                  
00002ad1  servo_stop                    
00003eeb  strchr                        
00003ed3  strcmp                        
00003f01  strcpy                        
00003f15  strlen                        
000021f3  timer_getMicros               
0000219b  timer_getMillis               
000020d5  timer_init                    
00002177  timer_pause                   
00002189  timer_resume                  
0000214d  timer_stop                    
0000224d  timer_waitMicros              
0000227f  timer_waitMillis              
000026d9  uart_interrupt_init           
000027ab  uart_receive                  
000027bf  uart_receive_nonblocking      
0000278f  uart_sendChar                 
000027d7  uart_sendStr                  
00003c55  vsnprintf                     
00003f29  wcslen                        


GLOBAL SYMBOLS: SORTED BY Symbol Address 

address   name                          
-------   ----                          
00000000  __TI_static_base__            
00000000  g_pfnVectors                  
0000026d  oi_alloc                      
00000279  oi_free                       
00000289  oi_init_noupdate              
000002b1  oi_init                       
000002c7  oi_close                      
000002d9  oi_update                     
0000032b  oi_parsePacket                
0000084b  oi_setLeds                    
0000088f  oi_setWheels                  
00000915  oi_loadSong                   
0000096b  oi_play_song                  
0000097f  go_charge                     
0000098d  oi_uartInit                   
00000a15  oi_uartSendChar               
00000a31  oi_uartReceive                
00000a59  oi_uartSendStr                
00000a77  oi_uartSendBuff               
00000aa9  oi_checkFirmware              
00000b51  oi_shutoff_init               
00000bc3  GPIOF_Handler                 
00000db1  oi_setMotorCalibration        
00000ded  oi_getMotorCalibrationLeft    
00000e01  oi_getMotorCalibrationRight   
00000e8d  __TI_printfi                  
00001000  __STACK_SIZE                  
00001000  __SYSMEM_SIZE                 
000018db  _nop                          
000018dd  lcd_reverseNibble             
00001919  lcd_init                      
000019d9  lcd_putc                      
00001a11  lcd_puts                      
00001a2f  lcd_sendCommand               
00001a6d  lcd_sendNibble                
00001ab1  lcd_gotoLine                  
00001ad9  lcd_setCursorPos              
00001b17  lcd_printf                    
00001e75  cyBOT_scan_version            
00001e83  cyBOT_init_Scan               
00001edb  cyBOT_Scan                    
00001f4d  cyBOT_SERVO_cal               
000020d5  timer_init                    
0000214d  timer_stop                    
00002177  timer_pause                   
00002189  timer_resume                  
0000219b  timer_getMillis               
000021f3  timer_getMicros               
0000224d  timer_waitMicros              
0000227f  timer_waitMillis              
0000231d  ping_init                     
000023a3  ping_trigger                  
0000240d  TIMER3B_Handler               
0000245f  ping_getDistance              
000026d9  uart_interrupt_init           
0000278f  uart_sendChar                 
000027ab  uart_receive                  
000027bf  uart_receive_nonblocking      
000027d7  uart_sendStr                  
000027f5  UART1_Handler                 
00002895  __aeabi_dsub                  
0000289f  __aeabi_dadd                  
00002a4b  __aeabi_idiv0                 
00002a4b  __aeabi_ldiv0                 
00002a4d  servo_init                    
00002ad1  servo_stop                    
00002add  servo_move                    
00002b3d  servo_setPWM                  
00002ce1  __aeabi_ddiv                  
00002f3d  ir_init                       
00002fa5  ir_getValue                   
00002fcd  ir_getDistance                
00002fd5  ADC0SS0_Handler               
00002feb  ir_enableInterrupt            
00003055  ldexp                         
00003055  ldexpl                        
00003055  scalbn                        
00003055  scalbnl                       
00003165  aligned_alloc                 
00003165  memalign                      
00003265  __aeabi_dmul                  
00003361  free                          
00003445  main                          
000035af  __aeabi_memcpy                
000035af  __aeabi_memcpy4               
000035af  __aeabi_memcpy8               
000035af  memcpy                        
0000364b  __aeabi_uldivmod              
000036e1  __aeabi_cdcmpeq               
000036e1  __aeabi_cdcmple               
00003767  __aeabi_cdrcmple              
000037ed  __aeabi_memclr                
000037ed  __aeabi_memclr4               
000037ed  __aeabi_memclr8               
000037ef  __aeabi_memset                
000037ef  __aeabi_memset4               
000037ef  __aeabi_memset8               
000037f5  memset                        
00003947  __aeabi_d2f                   
000039b5  __TI_decompress_lzss          
00003a1d  frexp                         
00003a1d  frexpl                        
00003ad7  __TI_ltoa                     
00003b7d  atoi                          
00003bc9  __aeabi_d2iz                  
00003c11  __TI_auto_init_nobinit_nopinit
00003c55  vsnprintf                     
00003cd5  calloc                        
00003d0d  __aeabi_f2d                   
00003d45  IntRegister                   
00003d79  _c_int00_noargs               
00003ddd  __aeabi_i2d                   
00003e35  __TI_zero_init_nomemset       
00003e6d  memccpy                       
00003e89  copysign                      
00003e89  copysignl                     
00003ebb  oi_parseInt                   
00003ed3  strcmp                        
00003eeb  strchr                        
00003f01  strcpy                        
00003f15  strlen                        
00003f29  wcslen                        
00003f3b  IntMasterEnable               
00003f4b  lcd_clear                     
00003f5b  __TI_decompress_none          
00003f69  CPUcpsie                      
00003f75  ResetISR                      
00003f81  __aeabi_errno_addr            
00003f89  malloc                        
00003f91  _system_pre_init              
00003f95  C$$EXIT                       
00003f95  abort                         
00003f98  _ctypes_                      
000040d0  __TI_Handler_Table_Base       
000040dc  __TI_Handler_Table_Limit      
000040f0  __TI_CINIT_Base               
00004108  __TI_CINIT_Limit              
20000000  __start___llvm_prf_cnts       
20000000  __stop___llvm_prf_cnts        
20000000  g_pfnRAMVectors               
20000270  __stack                       
20000470  __STACK_TOP                   
20001270  __STACK_END                   
20001270  _sys_memory                   
200022dc  _timeout_ticks                
200022e0  fallingEdge                   
200022e4  isr_int_value                 
200022e8  left_calibration_value        
200022ec  pulseLength                   
200022f0  right_calibration_value       
200022f4  risingEdge                    
200022f8  isRisingEdge                  
200022fc  motor_cal_factor_L            
20002300  motor_cal_factor_R            
2000231c  _lock                         
20002320  _unlock                       
2000232c  command_byte                  
20002330  command_flag                  
20002334  cyBOT_scan_features           
20002338  errno                         
2000233c  _running                      
ffffffff  __TI_pprof_out_hndl           
ffffffff  __TI_prof_data_size           
ffffffff  __TI_prof_data_start          
ffffffff  __binit__                     
ffffffff  __c_args__                    
ffffffff  binit                         
UNDEFED   __mpu_init                    
UNDEFED   _system_post_cinit            

[169 symbols]
