******************************************************************************
                  TI ARM Linker PC v20.2.6                     
******************************************************************************
>> Linked Thu Apr  6 12:37:48 2023

OUTPUT FILE NAME:   <Lab 9.out>
ENTRY POINT SYMBOL: "_c_int00_noargs"  address: 00002881


MEMORY CONFIGURATION

         name            origin    length      used     unused   attr    fill
----------------------  --------  ---------  --------  --------  ----  --------
  FLASH                 00000000   00040000  00002ba5  0003d45b  R  X
  SRAM                  20000000   00008000  000022d8  00005d28  RW X


SEGMENT ALLOCATION MAP

run origin  load origin   length   init length attrs members
----------  ----------- ---------- ----------- ----- -------
00000000    00000000    00002ba8   00002ba8    r-x
  00000000    00000000    0000026c   0000026c    r-- .intvecs
  0000026c    0000026c    000027f0   000027f0    r-x .text
  00002a5c    00002a5c    00000109   00000109    r-- .const
  00002b68    00002b68    00000040   00000040    r-- .cinit
20000000    20000000    000022dc   00000000    rw-
  20000000    20000000    0000026c   00000000    rw- .vtable
  20000270    20000270    00001000   00000000    rw- .stack
  20001270    20001270    00001000   00000000    rw- .sysmem
  20002270    20002270    00000058   00000000    rw- .bss
  200022c8    200022c8    00000014   00000000    rw- .data


SECTION ALLOCATION MAP

 output                                  attributes/
section   page    origin      length       input sections
--------  ----  ----------  ----------   ----------------
.intvecs   0    00000000    0000026c     
                  00000000    0000026c     tm4c123gh6pm_startup_ccs.obj (.intvecs)

.text      0    0000026c    000027f0     
                  0000026c    00000a4e     rtsv7M4_T_le_v4SPD16_eabi.lib : _printfi.c.obj (.text:__TI_printfi)
                  00000cba    00000002                                   : div0.asm.obj (.text)
                  00000cbc    00000328     lcd.obj (.text)
                  00000fe4    00000298     ping_template.obj (.text)
                  0000127c    00000270     rtsv7M4_T_le_v4SPD16_eabi.lib : _printfi.c.obj (.text:_pconv_a)
                  000014ec    00000248     Timer.obj (.text)
                  00001734    000001d0     rtsv7M4_T_le_v4SPD16_eabi.lib : _printfi.c.obj (.text:_pconv_g)
                  00001904    000001b6                                   : fd_add_t2.asm.obj (.text)
                  00001aba    00000002     --HOLE-- [fill = 0]
                  00001abc    0000013c                                   : _printfi.c.obj (.text:_pconv_e)
                  00001bf8    00000136                                   : fd_div_t2.asm.obj (.text)
                  00001d2e    00000002     --HOLE-- [fill = 0]
                  00001d30    00000124                                   : _printfi.c.obj (.text:fcvt)
                  00001e54    00000110                                   : s_scalbn.c.obj (.text:scalbn)
                  00001f64    000000fc                                   : fd_mul_t2.asm.obj (.text)
                  00002060    000000b1                                   : _printfi.c.obj (.text:_ltostr)
                  00002111    00000001     --HOLE-- [fill = 0]
                  00002112    0000009c                                   : memcpy_t2.asm.obj (.text)
                  000021ae    00000096                                   : ull_div_t2.asm.obj (.text)
                  00002244    00000086                                   : fd_cmp_t2.asm.obj (.text:__aeabi_cdcmple)
                  000022ca    00000086                                   : fd_cmp_t2.asm.obj (.text:__aeabi_cdrcmple)
                  00002350    0000007a                                   : memset_t2.asm.obj (.text)
                  000023ca    0000006e                                   : _printfi.c.obj (.text:_mcpy)
                  00002438    0000006e                                   : fd_tos_t2.asm.obj (.text)
                  000024a6    00000068                                   : copy_decompress_lzss.c.obj (.text:decompress:lzss:__TI_decompress_lzss)
                  0000250e    00000002     --HOLE-- [fill = 0]
                  00002510    00000064                                   : s_frexp.c.obj (.text:frexp)
                  00002574    00000056                                   : _printfi.c.obj (.text:_pconv_f)
                  000025ca    00000054                                   : _ltoa.c.obj (.text:__TI_ltoa)
                  0000261e    00000052                                   : _printfi.c.obj (.text:_ecpy)
                  00002670    0000004c                                   : atoi.c.obj (.text:atoi)
                  000026bc    0000004c     lab9_template.obj (.text)
                  00002708    00000048     rtsv7M4_T_le_v4SPD16_eabi.lib : fd_toi_t2.asm.obj (.text)
                  00002750    00000044                                   : autoinit.c.obj (.text:__TI_auto_init_nobinit_nopinit:__TI_auto_init_nobinit_nopinit)
                  00002794    00000040                                   : vsnprintf.c.obj (.text:vsnprintf)
                  000027d4    0000003e                                   : _printfi.c.obj (.text:_fcpy)
                  00002812    00000038                                   : fs_tod_t2.asm.obj (.text)
                  0000284a    00000002     --HOLE-- [fill = 0]
                  0000284c    00000034     driverlib.lib : interrupt.obj (.text:IntRegister)
                  00002880    00000034     rtsv7M4_T_le_v4SPD16_eabi.lib : boot_cortex_m.c.obj (.text:_c_int00_noargs:_c_int00_noargs)
                  000028b4    00000030                                   : vsnprintf.c.obj (.text:_outs)
                  000028e4    0000002e                                   : i_tofd_t2.asm.obj (.text)
                  00002912    00000020                                   : u_tofd_t2.asm.obj (.text)
                  00002932    0000001c                                   : copy_zero_init.c.obj (.text:decompress:ZI:__TI_zero_init_nomemset:__TI_zero_init_nomemset)
                  0000294e    0000001c                                   : memccpy.c.obj (.text:memccpy)
                  0000296a    0000001a                                   : s_copysign.c.obj (.text:copysign)
                  00002984    00000018                                   : vsnprintf.c.obj (.text:_outc)
                  0000299c    00000018                                   : strcmp.c.obj (.text:strcmp)
                  000029b4    00000016                                   : strchr.c.obj (.text:strchr)
                  000029ca    00000014                                   : strcpy.c.obj (.text:strcpy)
                  000029de    00000014                                   : strlen.c.obj (.text:strlen)
                  000029f2    00000012                                   : wcslen.c.obj (.text:wcslen)
                  00002a04    00000010     driverlib.lib : interrupt.obj (.text:IntMasterEnable)
                  00002a14    00000010     lcd.obj (.text:lcd_clear)
                  00002a24    0000000e     rtsv7M4_T_le_v4SPD16_eabi.lib : copy_decompress_none.c.obj (.text:decompress:none:__TI_decompress_none)
                  00002a32    0000000c     driverlib.lib : cpu.obj (.text:CPUcpsie)
                  00002a3e    0000000c     tm4c123gh6pm_startup_ccs.obj (.text)
                  00002a4a    00000002     --HOLE-- [fill = 0]
                  00002a4c    00000008     rtsv7M4_T_le_v4SPD16_eabi.lib : errno.c.obj (.text:__aeabi_errno_addr)
                  00002a54    00000004                                   : pre_init.c.obj (.text:_system_pre_init)
                  00002a58    00000004                                   : exit.c.obj (.text:abort:abort)

.const     0    00002a5c    00000109     
                  00002a5c    00000101     rtsv7M4_T_le_v4SPD16_eabi.lib : ctype.c.obj (.const:.string:_ctypes_)
                  00002b5d    00000004     lcd.obj (.const:.string:lineAddress$1)
                  00002b61    00000004     lcd.obj (.const:.string:lineAddresses$2)

.cinit     0    00002b68    00000040     
                  00002b68    0000000c     (__TI_handler_table)
                  00002b74    00000004     --HOLE-- [fill = 0]
                  00002b78    00000008     (.cinit..bss.load) [load image, compression = zero_init]
                  00002b80    00000008     (.cinit..data.load) [load image, compression = lzss]
                  00002b88    00000008     (.cinit..vtable.load) [load image, compression = zero_init]
                  00002b90    00000018     (__TI_cinit_table)

.init_array 
*          0    00000000    00000000     UNINITIALIZED

.vtable    0    20000000    0000026c     UNINITIALIZED
                  20000000    0000026c     driverlib.lib : interrupt.obj (.vtable)

.stack     0    20000270    00001000     UNINITIALIZED
                  20000270    00000004     rtsv7M4_T_le_v4SPD16_eabi.lib : boot_cortex_m.c.obj (.stack)
                  20000274    00000ffc     --HOLE--

.sysmem    0    20001270    00001000     UNINITIALIZED
                  20001270    00000010     rtsv7M4_T_le_v4SPD16_eabi.lib : memory.c.obj (.sysmem)
                  20001280    00000ff0     --HOLE--

.bss       0    20002270    00000058     UNINITIALIZED
                  20002270    00000054     lcd.obj (.bss:lastbuffer$3)
                  200022c4    00000004     (.common:_timeout_ticks)

.data      0    200022c8    00000014     UNINITIALIZED
                  200022c8    0000000d     ping_template.obj (.data)
                  200022d5    00000001     Timer.obj (.data)
                  200022d6    00000002     --HOLE--
                  200022d8    00000004     rtsv7M4_T_le_v4SPD16_eabi.lib : errno.c.obj (.data)

__llvm_prf_cnts 
*          0    20000000    00000000     UNINITIALIZED

MODULE SUMMARY

       Module                         code    ro data   rw data
       ------                         ----    -------   -------
    .\
       lcd.obj                        824     8         84     
       ping_template.obj              664     0         13     
       tm4c123gh6pm_startup_ccs.obj   12      620       0      
       Timer.obj                      584     0         5      
       lab9_template.obj              76      0         0      
    +--+------------------------------+-------+---------+---------+
       Total:                         2160    628       102    
                                                               
    C:/ti/TivaWare_C_Series-2.2.0.295/driverlib/ccs/Debug/driverlib.lib
       interrupt.obj                  68      0         620    
       cpu.obj                        12      0         0      
    +--+------------------------------+-------+---------+---------+
       Total:                         80      0         620    
                                                               
    C:\ti\ccs1200\ccs\tools\compiler\ti-cgt-arm_20.2.6.LTS\lib\rtsv7M4_T_le_v4SPD16_eabi.lib
       _printfi.c.obj                 4851    0         0      
       fd_add_t2.asm.obj              438     0         0      
       fd_div_t2.asm.obj              310     0         0      
       s_scalbn.c.obj                 272     0         0      
       fd_cmp_t2.asm.obj              268     0         0      
       ctype.c.obj                    0       257       0      
       fd_mul_t2.asm.obj              252     0         0      
       memcpy_t2.asm.obj              156     0         0      
       ull_div_t2.asm.obj             150     0         0      
       vsnprintf.c.obj                136     0         0      
       memset_t2.asm.obj              122     0         0      
       fd_tos_t2.asm.obj              110     0         0      
       copy_decompress_lzss.c.obj     104     0         0      
       s_frexp.c.obj                  100     0         0      
       _ltoa.c.obj                    84      0         0      
       atoi.c.obj                     76      0         0      
       fd_toi_t2.asm.obj              72      0         0      
       autoinit.c.obj                 68      0         0      
       fs_tod_t2.asm.obj              56      0         0      
       boot_cortex_m.c.obj            52      0         0      
       i_tofd_t2.asm.obj              46      0         0      
       u_tofd_t2.asm.obj              32      0         0      
       copy_zero_init.c.obj           28      0         0      
       memccpy.c.obj                  28      0         0      
       s_copysign.c.obj               26      0         0      
       strcmp.c.obj                   24      0         0      
       strchr.c.obj                   22      0         0      
       strcpy.c.obj                   20      0         0      
       strlen.c.obj                   20      0         0      
       wcslen.c.obj                   18      0         0      
       copy_decompress_none.c.obj     14      0         0      
       errno.c.obj                    8       0         4      
       exit.c.obj                     4       0         0      
       pre_init.c.obj                 4       0         0      
       div0.asm.obj                   2       0         0      
    +--+------------------------------+-------+---------+---------+
       Total:                         7973    257       4      
                                                               
       Heap:                          0       0         4096   
       Stack:                         0       0         4096   
       Linker Generated:              0       60        0      
    +--+------------------------------+-------+---------+---------+
       Grand Total:                   10213   945       8918   


LINKER GENERATED COPY TABLES

__TI_cinit_table @ 00002b90 records: 3, size/record: 8, table size: 24
	.bss: load addr=00002b78, load size=00000008 bytes, run addr=20002270, run size=00000058 bytes, compression=zero_init
	.data: load addr=00002b80, load size=00000008 bytes, run addr=200022c8, run size=00000014 bytes, compression=lzss
	.vtable: load addr=00002b88, load size=00000008 bytes, run addr=20000000, run size=0000026c bytes, compression=zero_init


LINKER GENERATED HANDLER TABLE

__TI_handler_table @ 00002b68 records: 3, size/record: 4, table size: 12
	index: 0, handler: __TI_zero_init
	index: 1, handler: __TI_decompress_lzss
	index: 2, handler: __TI_decompress_none


GLOBAL SYMBOLS: SORTED ALPHABETICALLY BY Name 

address   name                          
-------   ----                          
00002a59  C$$EXIT                       
00002a33  CPUcpsie                      
200022cc  END_TIME                      
00002a05  IntMasterEnable               
0000284d  IntRegister                   
00002a3f  ResetISR                      
200022c8  START_TIME                    
200022d4  STATE                         
0000112f  TIMER3B_Handler               
20001270  __STACK_END                   
00001000  __STACK_SIZE                  
20000470  __STACK_TOP                   
00001000  __SYSMEM_SIZE                 
00002b90  __TI_CINIT_Base               
00002ba8  __TI_CINIT_Limit              
00002b68  __TI_Handler_Table_Base       
00002b74  __TI_Handler_Table_Limit      
00002751  __TI_auto_init_nobinit_nopinit
000024a7  __TI_decompress_lzss          
00002a25  __TI_decompress_none          
000025cb  __TI_ltoa                     
ffffffff  __TI_pprof_out_hndl           
0000026d  __TI_printfi                  
ffffffff  __TI_prof_data_size           
ffffffff  __TI_prof_data_start          
00000000  __TI_static_base__            
00002933  __TI_zero_init_nomemset       
00002245  __aeabi_cdcmpeq               
00002245  __aeabi_cdcmple               
000022cb  __aeabi_cdrcmple              
00002439  __aeabi_d2f                   
00002709  __aeabi_d2iz                  
0000190f  __aeabi_dadd                  
00001bf9  __aeabi_ddiv                  
00001f65  __aeabi_dmul                  
00001905  __aeabi_dsub                  
00002a4d  __aeabi_errno_addr            
00002813  __aeabi_f2d                   
000028e5  __aeabi_i2d                   
00000cbb  __aeabi_idiv0                 
00000cbb  __aeabi_ldiv0                 
00002351  __aeabi_memclr                
00002351  __aeabi_memclr4               
00002351  __aeabi_memclr8               
00002113  __aeabi_memcpy                
00002113  __aeabi_memcpy4               
00002113  __aeabi_memcpy8               
00002353  __aeabi_memset                
00002353  __aeabi_memset4               
00002353  __aeabi_memset8               
00002913  __aeabi_ui2d                  
000021af  __aeabi_uldivmod              
ffffffff  __binit__                     
ffffffff  __c_args__                    
UNDEFED   __mpu_init                    
20000270  __stack                       
20000000  __start___llvm_prf_cnts       
20000000  __stop___llvm_prf_cnts        
00002881  _c_int00_noargs               
00002a5c  _ctypes_                      
200022d5  _running                      
20001270  _sys_memory                   
UNDEFED   _system_post_cinit            
00002a55  _system_pre_init              
200022c4  _timeout_ticks                
00002a59  abort                         
00002671  atoi                          
ffffffff  binit                         
0000296b  copysign                      
0000296b  copysignl                     
200022d0  count                         
200022d8  errno                         
00002511  frexp                         
00002511  frexpl                        
20000000  g_pfnRAMVectors               
00000000  g_pfnVectors                  
00002a15  lcd_clear                     
00000e91  lcd_gotoLine                  
00000cf9  lcd_init                      
00000ef7  lcd_printf                    
00000db9  lcd_putc                      
00000df1  lcd_puts                      
00000cbd  lcd_reverseNibble             
00000e0f  lcd_sendCommand               
00000e4d  lcd_sendNibble                
00000eb9  lcd_setCursorPos              
00001e55  ldexp                         
00001e55  ldexpl                        
000026bd  main                          
0000294f  memccpy                       
00002113  memcpy                        
00002359  memset                        
0000116f  ping_getDistance              
00000fe5  ping_init                     
000010b1  ping_trigger                  
00001e55  scalbn                        
00001e55  scalbnl                       
000029b5  strchr                        
0000299d  strcmp                        
000029cb  strcpy                        
000029df  strlen                        
0000160b  timer_getMicros               
000015b3  timer_getMillis               
000014ed  timer_init                    
0000158f  timer_pause                   
000015a1  timer_resume                  
00001565  timer_stop                    
00001665  timer_waitMicros              
00001697  timer_waitMillis              
00002795  vsnprintf                     
000029f3  wcslen                        


GLOBAL SYMBOLS: SORTED BY Symbol Address 

address   name                          
-------   ----                          
00000000  __TI_static_base__            
00000000  g_pfnVectors                  
0000026d  __TI_printfi                  
00000cbb  __aeabi_idiv0                 
00000cbb  __aeabi_ldiv0                 
00000cbd  lcd_reverseNibble             
00000cf9  lcd_init                      
00000db9  lcd_putc                      
00000df1  lcd_puts                      
00000e0f  lcd_sendCommand               
00000e4d  lcd_sendNibble                
00000e91  lcd_gotoLine                  
00000eb9  lcd_setCursorPos              
00000ef7  lcd_printf                    
00000fe5  ping_init                     
00001000  __STACK_SIZE                  
00001000  __SYSMEM_SIZE                 
000010b1  ping_trigger                  
0000112f  TIMER3B_Handler               
0000116f  ping_getDistance              
000014ed  timer_init                    
00001565  timer_stop                    
0000158f  timer_pause                   
000015a1  timer_resume                  
000015b3  timer_getMillis               
0000160b  timer_getMicros               
00001665  timer_waitMicros              
00001697  timer_waitMillis              
00001905  __aeabi_dsub                  
0000190f  __aeabi_dadd                  
00001bf9  __aeabi_ddiv                  
00001e55  ldexp                         
00001e55  ldexpl                        
00001e55  scalbn                        
00001e55  scalbnl                       
00001f65  __aeabi_dmul                  
00002113  __aeabi_memcpy                
00002113  __aeabi_memcpy4               
00002113  __aeabi_memcpy8               
00002113  memcpy                        
000021af  __aeabi_uldivmod              
00002245  __aeabi_cdcmpeq               
00002245  __aeabi_cdcmple               
000022cb  __aeabi_cdrcmple              
00002351  __aeabi_memclr                
00002351  __aeabi_memclr4               
00002351  __aeabi_memclr8               
00002353  __aeabi_memset                
00002353  __aeabi_memset4               
00002353  __aeabi_memset8               
00002359  memset                        
00002439  __aeabi_d2f                   
000024a7  __TI_decompress_lzss          
00002511  frexp                         
00002511  frexpl                        
000025cb  __TI_ltoa                     
00002671  atoi                          
000026bd  main                          
00002709  __aeabi_d2iz                  
00002751  __TI_auto_init_nobinit_nopinit
00002795  vsnprintf                     
00002813  __aeabi_f2d                   
0000284d  IntRegister                   
00002881  _c_int00_noargs               
000028e5  __aeabi_i2d                   
00002913  __aeabi_ui2d                  
00002933  __TI_zero_init_nomemset       
0000294f  memccpy                       
0000296b  copysign                      
0000296b  copysignl                     
0000299d  strcmp                        
000029b5  strchr                        
000029cb  strcpy                        
000029df  strlen                        
000029f3  wcslen                        
00002a05  IntMasterEnable               
00002a15  lcd_clear                     
00002a25  __TI_decompress_none          
00002a33  CPUcpsie                      
00002a3f  ResetISR                      
00002a4d  __aeabi_errno_addr            
00002a55  _system_pre_init              
00002a59  C$$EXIT                       
00002a59  abort                         
00002a5c  _ctypes_                      
00002b68  __TI_Handler_Table_Base       
00002b74  __TI_Handler_Table_Limit      
00002b90  __TI_CINIT_Base               
00002ba8  __TI_CINIT_Limit              
20000000  __start___llvm_prf_cnts       
20000000  __stop___llvm_prf_cnts        
20000000  g_pfnRAMVectors               
20000270  __stack                       
20000470  __STACK_TOP                   
20001270  __STACK_END                   
20001270  _sys_memory                   
200022c4  _timeout_ticks                
200022c8  START_TIME                    
200022cc  END_TIME                      
200022d0  count                         
200022d4  STATE                         
200022d5  _running                      
200022d8  errno                         
ffffffff  __TI_pprof_out_hndl           
ffffffff  __TI_prof_data_size           
ffffffff  __TI_prof_data_start          
ffffffff  __binit__                     
ffffffff  __c_args__                    
ffffffff  binit                         
UNDEFED   __mpu_init                    
UNDEFED   _system_post_cinit            

[111 symbols]
