******************************************************************************
                  TI ARM Linker PC v20.2.6                     
******************************************************************************
>> Linked Thu Apr  6 14:00:54 2023

OUTPUT FILE NAME:   <Lab 10.out>
ENTRY POINT SYMBOL: "_c_int00_noargs"  address: 00002689


MEMORY CONFIGURATION

         name            origin    length      used     unused   attr    fill
----------------------  --------  ---------  --------  --------  ----  --------
  FLASH                 00000000   00040000  00002991  0003d66f  R  X
  SRAM                  20000000   00008000  000012c9  00006d37  RW X


SEGMENT ALLOCATION MAP

run origin  load origin   length   init length attrs members
----------  ----------- ---------- ----------- ----- -------
00000000    00000000    00002998   00002998    r-x
  00000000    00000000    0000026c   0000026c    r-- .intvecs
  0000026c    0000026c    000025dc   000025dc    r-x .text
  00002848    00002848    00000109   00000109    r-- .const
  00002958    00002958    00000040   00000040    r-- .cinit
20000000    20000000    000012cd   00000000    rw-
  20000000    20000000    0000026c   00000000    rw- .vtable
  20000270    20000270    00001000   00000000    rw- .stack
  20001270    20001270    00000058   00000000    rw- .bss
  200012c8    200012c8    00000005   00000000    rw- .data


SECTION ALLOCATION MAP

 output                                  attributes/
section   page    origin      length       input sections
--------  ----  ----------  ----------   ----------------
.intvecs   0    00000000    0000026c     
                  00000000    0000026c     tm4c123gh6pm_startup_ccs.obj (.intvecs)

.text      0    0000026c    000025dc     
                  0000026c    00000a4e     rtsv7M4_T_le_v4SPD16_eabi.lib : _printfi.c.obj (.text:__TI_printfi)
                  00000cba    00000002                                   : div0.asm.obj (.text)
                  00000cbc    00000328     lcd.obj (.text)
                  00000fe4    00000270     rtsv7M4_T_le_v4SPD16_eabi.lib : _printfi.c.obj (.text:_pconv_a)
                  00001254    00000248     Timer.obj (.text)
                  0000149c    000001d0     rtsv7M4_T_le_v4SPD16_eabi.lib : _printfi.c.obj (.text:_pconv_g)
                  0000166c    000001b6                                   : fd_add_t2.asm.obj (.text)
                  00001822    00000002     --HOLE-- [fill = 0]
                  00001824    00000150     servo.obj (.text)
                  00001974    0000013c     rtsv7M4_T_le_v4SPD16_eabi.lib : _printfi.c.obj (.text:_pconv_e)
                  00001ab0    00000136                                   : fd_div_t2.asm.obj (.text)
                  00001be6    00000002     --HOLE-- [fill = 0]
                  00001be8    00000124                                   : _printfi.c.obj (.text:fcvt)
                  00001d0c    00000110                                   : s_scalbn.c.obj (.text:scalbn)
                  00001e1c    000000fc                                   : fd_mul_t2.asm.obj (.text)
                  00001f18    000000b1                                   : _printfi.c.obj (.text:_ltostr)
                  00001fc9    00000001     --HOLE-- [fill = 0]
                  00001fca    0000009c                                   : memcpy_t2.asm.obj (.text)
                  00002066    00000096                                   : ull_div_t2.asm.obj (.text)
                  000020fc    00000086                                   : fd_cmp_t2.asm.obj (.text:__aeabi_cdcmple)
                  00002182    00000086                                   : fd_cmp_t2.asm.obj (.text:__aeabi_cdrcmple)
                  00002208    0000007a                                   : memset_t2.asm.obj (.text)
                  00002282    0000006e                                   : _printfi.c.obj (.text:_mcpy)
                  000022f0    00000068                                   : copy_decompress_lzss.c.obj (.text:decompress:lzss:__TI_decompress_lzss)
                  00002358    00000064                                   : s_frexp.c.obj (.text:frexp)
                  000023bc    00000056                                   : _printfi.c.obj (.text:_pconv_f)
                  00002412    00000054                                   : _ltoa.c.obj (.text:__TI_ltoa)
                  00002466    00000052                                   : _printfi.c.obj (.text:_ecpy)
                  000024b8    0000004c                                   : atoi.c.obj (.text:atoi)
                  00002504    00000048                                   : fd_toi_t2.asm.obj (.text)
                  0000254c    00000044                                   : autoinit.c.obj (.text:__TI_auto_init_nobinit_nopinit:__TI_auto_init_nobinit_nopinit)
                  00002590    00000042     lab10.obj (.text)
                  000025d2    00000002     --HOLE-- [fill = 0]
                  000025d4    00000040     rtsv7M4_T_le_v4SPD16_eabi.lib : vsnprintf.c.obj (.text:vsnprintf)
                  00002614    0000003e                                   : _printfi.c.obj (.text:_fcpy)
                  00002652    00000002     --HOLE-- [fill = 0]
                  00002654    00000034     driverlib.lib : interrupt.obj (.text:IntRegister)
                  00002688    00000034     rtsv7M4_T_le_v4SPD16_eabi.lib : boot_cortex_m.c.obj (.text:_c_int00_noargs:_c_int00_noargs)
                  000026bc    00000030                                   : vsnprintf.c.obj (.text:_outs)
                  000026ec    0000002e                                   : i_tofd_t2.asm.obj (.text)
                  0000271a    00000020                                   : u_tofd_t2.asm.obj (.text)
                  0000273a    0000001c                                   : copy_zero_init.c.obj (.text:decompress:ZI:__TI_zero_init_nomemset:__TI_zero_init_nomemset)
                  00002756    0000001c                                   : memccpy.c.obj (.text:memccpy)
                  00002772    0000001a                                   : s_copysign.c.obj (.text:copysign)
                  0000278c    00000018                                   : vsnprintf.c.obj (.text:_outc)
                  000027a4    00000018                                   : strcmp.c.obj (.text:strcmp)
                  000027bc    00000016                                   : strchr.c.obj (.text:strchr)
                  000027d2    00000014                                   : strcpy.c.obj (.text:strcpy)
                  000027e6    00000014                                   : strlen.c.obj (.text:strlen)
                  000027fa    00000012                                   : wcslen.c.obj (.text:wcslen)
                  0000280c    00000010     lcd.obj (.text:lcd_clear)
                  0000281c    0000000e     rtsv7M4_T_le_v4SPD16_eabi.lib : copy_decompress_none.c.obj (.text:decompress:none:__TI_decompress_none)
                  0000282a    0000000c     tm4c123gh6pm_startup_ccs.obj (.text)
                  00002836    00000002     --HOLE-- [fill = 0]
                  00002838    00000008     rtsv7M4_T_le_v4SPD16_eabi.lib : errno.c.obj (.text:__aeabi_errno_addr)
                  00002840    00000004                                   : pre_init.c.obj (.text:_system_pre_init)
                  00002844    00000004                                   : exit.c.obj (.text:abort:abort)

.const     0    00002848    00000109     
                  00002848    00000101     rtsv7M4_T_le_v4SPD16_eabi.lib : ctype.c.obj (.const:.string:_ctypes_)
                  00002949    00000004     lcd.obj (.const:.string:lineAddress$1)
                  0000294d    00000004     lcd.obj (.const:.string:lineAddresses$2)

.cinit     0    00002958    00000040     
                  00002958    0000000c     (__TI_handler_table)
                  00002964    00000004     --HOLE-- [fill = 0]
                  00002968    00000008     (.cinit..bss.load) [load image, compression = zero_init]
                  00002970    00000008     (.cinit..vtable.load) [load image, compression = zero_init]
                  00002978    00000007     (.cinit..data.load) [load image, compression = lzss]
                  0000297f    00000001     --HOLE-- [fill = 0]
                  00002980    00000018     (__TI_cinit_table)

.init_array 
*          0    00000000    00000000     UNINITIALIZED

.vtable    0    20000000    0000026c     UNINITIALIZED
                  20000000    0000026c     driverlib.lib : interrupt.obj (.vtable)

.bss       0    20001270    00000058     UNINITIALIZED
                  20001270    00000054     lcd.obj (.bss:lastbuffer$3)
                  200012c4    00000004     (.common:_timeout_ticks)

.data      0    200012c8    00000005     UNINITIALIZED
                  200012c8    00000004     rtsv7M4_T_le_v4SPD16_eabi.lib : errno.c.obj (.data)
                  200012cc    00000001     Timer.obj (.data)

.stack     0    20000270    00001000     UNINITIALIZED
                  20000270    00000004     rtsv7M4_T_le_v4SPD16_eabi.lib : boot_cortex_m.c.obj (.stack)
                  20000274    00000ffc     --HOLE--

__llvm_prf_cnts 
*          0    20000000    00000000     UNINITIALIZED

MODULE SUMMARY

       Module                         code   ro data   rw data
       ------                         ----   -------   -------
    .\
       lcd.obj                        824    8         84     
       tm4c123gh6pm_startup_ccs.obj   12     620       0      
       Timer.obj                      584    0         5      
       servo.obj                      336    0         0      
       lab10.obj                      66     0         0      
    +--+------------------------------+------+---------+---------+
       Total:                         1822   628       89     
                                                              
    C:/ti/TivaWare_C_Series-2.2.0.295/driverlib/ccs/Debug/driverlib.lib
       interrupt.obj                  52     0         620    
    +--+------------------------------+------+---------+---------+
       Total:                         52     0         620    
                                                              
    C:\ti\ccs1200\ccs\tools\compiler\ti-cgt-arm_20.2.6.LTS\lib\rtsv7M4_T_le_v4SPD16_eabi.lib
       _printfi.c.obj                 4851   0         0      
       fd_add_t2.asm.obj              438    0         0      
       fd_div_t2.asm.obj              310    0         0      
       s_scalbn.c.obj                 272    0         0      
       fd_cmp_t2.asm.obj              268    0         0      
       ctype.c.obj                    0      257       0      
       fd_mul_t2.asm.obj              252    0         0      
       memcpy_t2.asm.obj              156    0         0      
       ull_div_t2.asm.obj             150    0         0      
       vsnprintf.c.obj                136    0         0      
       memset_t2.asm.obj              122    0         0      
       copy_decompress_lzss.c.obj     104    0         0      
       s_frexp.c.obj                  100    0         0      
       _ltoa.c.obj                    84     0         0      
       atoi.c.obj                     76     0         0      
       fd_toi_t2.asm.obj              72     0         0      
       autoinit.c.obj                 68     0         0      
       boot_cortex_m.c.obj            52     0         0      
       i_tofd_t2.asm.obj              46     0         0      
       u_tofd_t2.asm.obj              32     0         0      
       copy_zero_init.c.obj           28     0         0      
       memccpy.c.obj                  28     0         0      
       s_copysign.c.obj               26     0         0      
       strcmp.c.obj                   24     0         0      
       strchr.c.obj                   22     0         0      
       strcpy.c.obj                   20     0         0      
       strlen.c.obj                   20     0         0      
       wcslen.c.obj                   18     0         0      
       copy_decompress_none.c.obj     14     0         0      
       errno.c.obj                    8      0         4      
       exit.c.obj                     4      0         0      
       pre_init.c.obj                 4      0         0      
       div0.asm.obj                   2      0         0      
    +--+------------------------------+------+---------+---------+
       Total:                         7807   257       4      
                                                              
       Stack:                         0      0         4096   
       Linker Generated:              0      59        0      
    +--+------------------------------+------+---------+---------+
       Grand Total:                   9681   944       4809   


LINKER GENERATED COPY TABLES

__TI_cinit_table @ 00002980 records: 3, size/record: 8, table size: 24
	.bss: load addr=00002968, load size=00000008 bytes, run addr=20001270, run size=00000058 bytes, compression=zero_init
	.vtable: load addr=00002970, load size=00000008 bytes, run addr=20000000, run size=0000026c bytes, compression=zero_init
	.data: load addr=00002978, load size=00000007 bytes, run addr=200012c8, run size=00000005 bytes, compression=lzss


LINKER GENERATED HANDLER TABLE

__TI_handler_table @ 00002958 records: 3, size/record: 4, table size: 12
	index: 0, handler: __TI_zero_init
	index: 1, handler: __TI_decompress_lzss
	index: 2, handler: __TI_decompress_none


GLOBAL SYMBOLS: SORTED ALPHABETICALLY BY Name 

address   name                          
-------   ----                          
00002845  C$$EXIT                       
00002655  IntRegister                   
0000282b  ResetISR                      
20001270  __STACK_END                   
00001000  __STACK_SIZE                  
20000470  __STACK_TOP                   
00002980  __TI_CINIT_Base               
00002998  __TI_CINIT_Limit              
00002958  __TI_Handler_Table_Base       
00002964  __TI_Handler_Table_Limit      
0000254d  __TI_auto_init_nobinit_nopinit
000022f1  __TI_decompress_lzss          
0000281d  __TI_decompress_none          
00002413  __TI_ltoa                     
ffffffff  __TI_pprof_out_hndl           
0000026d  __TI_printfi                  
ffffffff  __TI_prof_data_size           
ffffffff  __TI_prof_data_start          
00000000  __TI_static_base__            
0000273b  __TI_zero_init_nomemset       
000020fd  __aeabi_cdcmpeq               
000020fd  __aeabi_cdcmple               
00002183  __aeabi_cdrcmple              
00002505  __aeabi_d2iz                  
00001677  __aeabi_dadd                  
00001ab1  __aeabi_ddiv                  
00001e1d  __aeabi_dmul                  
0000166d  __aeabi_dsub                  
00002839  __aeabi_errno_addr            
000026ed  __aeabi_i2d                   
00000cbb  __aeabi_idiv0                 
00000cbb  __aeabi_ldiv0                 
00002209  __aeabi_memclr                
00002209  __aeabi_memclr4               
00002209  __aeabi_memclr8               
00001fcb  __aeabi_memcpy                
00001fcb  __aeabi_memcpy4               
00001fcb  __aeabi_memcpy8               
0000220b  __aeabi_memset                
0000220b  __aeabi_memset4               
0000220b  __aeabi_memset8               
0000271b  __aeabi_ui2d                  
00002067  __aeabi_uldivmod              
ffffffff  __binit__                     
ffffffff  __c_args__                    
UNDEFED   __mpu_init                    
20000270  __stack                       
20000000  __start___llvm_prf_cnts       
20000000  __stop___llvm_prf_cnts        
00002689  _c_int00_noargs               
00002848  _ctypes_                      
200012cc  _running                      
UNDEFED   _system_post_cinit            
00002841  _system_pre_init              
200012c4  _timeout_ticks                
00002845  abort                         
000024b9  atoi                          
ffffffff  binit                         
00002773  copysign                      
00002773  copysignl                     
200012c8  errno                         
00002359  frexp                         
00002359  frexpl                        
20000000  g_pfnRAMVectors               
00000000  g_pfnVectors                  
0000280d  lcd_clear                     
00000e91  lcd_gotoLine                  
00000cf9  lcd_init                      
00000ef7  lcd_printf                    
00000db9  lcd_putc                      
00000df1  lcd_puts                      
00000cbd  lcd_reverseNibble             
00000e0f  lcd_sendCommand               
00000e4d  lcd_sendNibble                
00000eb9  lcd_setCursorPos              
00001d0d  ldexp                         
00001d0d  ldexpl                        
00002591  main                          
00002757  memccpy                       
00001fcb  memcpy                        
00002211  memset                        
00001d0d  scalbn                        
00001d0d  scalbnl                       
00001825  servo_init                    
000018b5  servo_move                    
000027bd  strchr                        
000027a5  strcmp                        
000027d3  strcpy                        
000027e7  strlen                        
00001373  timer_getMicros               
0000131b  timer_getMillis               
00001255  timer_init                    
000012f7  timer_pause                   
00001309  timer_resume                  
000012cd  timer_stop                    
000013cd  timer_waitMicros              
000013ff  timer_waitMillis              
000025d5  vsnprintf                     
000027fb  wcslen                        


GLOBAL SYMBOLS: SORTED BY Symbol Address 

address   name                          
-------   ----                          
00000000  __TI_static_base__            
00000000  g_pfnVectors                  
0000026d  __TI_printfi                  
00000cbb  __aeabi_idiv0                 
00000cbb  __aeabi_ldiv0                 
00000cbd  lcd_reverseNibble             
00000cf9  lcd_init                      
00000db9  lcd_putc                      
00000df1  lcd_puts                      
00000e0f  lcd_sendCommand               
00000e4d  lcd_sendNibble                
00000e91  lcd_gotoLine                  
00000eb9  lcd_setCursorPos              
00000ef7  lcd_printf                    
00001000  __STACK_SIZE                  
00001255  timer_init                    
000012cd  timer_stop                    
000012f7  timer_pause                   
00001309  timer_resume                  
0000131b  timer_getMillis               
00001373  timer_getMicros               
000013cd  timer_waitMicros              
000013ff  timer_waitMillis              
0000166d  __aeabi_dsub                  
00001677  __aeabi_dadd                  
00001825  servo_init                    
000018b5  servo_move                    
00001ab1  __aeabi_ddiv                  
00001d0d  ldexp                         
00001d0d  ldexpl                        
00001d0d  scalbn                        
00001d0d  scalbnl                       
00001e1d  __aeabi_dmul                  
00001fcb  __aeabi_memcpy                
00001fcb  __aeabi_memcpy4               
00001fcb  __aeabi_memcpy8               
00001fcb  memcpy                        
00002067  __aeabi_uldivmod              
000020fd  __aeabi_cdcmpeq               
000020fd  __aeabi_cdcmple               
00002183  __aeabi_cdrcmple              
00002209  __aeabi_memclr                
00002209  __aeabi_memclr4               
00002209  __aeabi_memclr8               
0000220b  __aeabi_memset                
0000220b  __aeabi_memset4               
0000220b  __aeabi_memset8               
00002211  memset                        
000022f1  __TI_decompress_lzss          
00002359  frexp                         
00002359  frexpl                        
00002413  __TI_ltoa                     
000024b9  atoi                          
00002505  __aeabi_d2iz                  
0000254d  __TI_auto_init_nobinit_nopinit
00002591  main                          
000025d5  vsnprintf                     
00002655  IntRegister                   
00002689  _c_int00_noargs               
000026ed  __aeabi_i2d                   
0000271b  __aeabi_ui2d                  
0000273b  __TI_zero_init_nomemset       
00002757  memccpy                       
00002773  copysign                      
00002773  copysignl                     
000027a5  strcmp                        
000027bd  strchr                        
000027d3  strcpy                        
000027e7  strlen                        
000027fb  wcslen                        
0000280d  lcd_clear                     
0000281d  __TI_decompress_none          
0000282b  ResetISR                      
00002839  __aeabi_errno_addr            
00002841  _system_pre_init              
00002845  C$$EXIT                       
00002845  abort                         
00002848  _ctypes_                      
00002958  __TI_Handler_Table_Base       
00002964  __TI_Handler_Table_Limit      
00002980  __TI_CINIT_Base               
00002998  __TI_CINIT_Limit              
20000000  __start___llvm_prf_cnts       
20000000  __stop___llvm_prf_cnts        
20000000  g_pfnRAMVectors               
20000270  __stack                       
20000470  __STACK_TOP                   
20001270  __STACK_END                   
200012c4  _timeout_ticks                
200012c8  errno                         
200012cc  _running                      
ffffffff  __TI_pprof_out_hndl           
ffffffff  __TI_prof_data_size           
ffffffff  __TI_prof_data_start          
ffffffff  __binit__                     
ffffffff  __c_args__                    
ffffffff  binit                         
UNDEFED   __mpu_init                    
UNDEFED   _system_post_cinit            

[99 symbols]
