******************************************************************************
                  TI ARM Linker PC v20.2.6                     
******************************************************************************
>> Linked Thu Feb 16 13:47:28 2023

OUTPUT FILE NAME:   <Lab 3.out>
ENTRY POINT SYMBOL: "_c_int00_noargs"  address: 00004161


MEMORY CONFIGURATION

         name            origin    length      used     unused   attr    fill
----------------------  --------  ---------  --------  --------  ----  --------
  FLASH                 00000000   00040000  0000450c  0003baf4  R  X
  SRAM                  20000000   00008000  00002366  00005c9a  RW X


SEGMENT ALLOCATION MAP

run origin  load origin   length   init length attrs members
----------  ----------- ---------- ----------- ----- -------
00000000    00000000    00004510   00004510    r-x
  00000000    00000000    0000026c   0000026c    r-- .intvecs
  0000026c    0000026c    00004138   00004138    r-x .text
  000043a4    000043a4    00000118   00000118    r-- .const
  000044c0    000044c0    00000050   00000050    r-- .cinit
20000000    20000000    0000236d   00000000    rw-
  20000000    20000000    0000026c   00000000    rw- .vtable
  20000270    20000270    00001000   00000000    rw- .stack
  20001270    20001270    00001000   00000000    rw- .sysmem
  20002270    20002270    000000bd   00000000    rw- .bss
  20002330    20002330    0000003d   00000000    rw- .data


SECTION ALLOCATION MAP

 output                                  attributes/
section   page    origin      length       input sections
--------  ----  ----------  ----------   ----------------
.intvecs   0    00000000    0000026c     
                  00000000    0000026c     tm4c123gh6pm_startup_ccs.obj (.intvecs)

.text      0    0000026c    00004138     
                  0000026c    00000c20     open_interface.obj (.text)
                  00000e8c    00000a4e     rtsv7M4_T_le_v4SPD16_eabi.lib : _printfi.c.obj (.text:__TI_printfi)
                  000018da    00000002                                   : _lock.c.obj (.text:_nop)
                  000018dc    00000328     lcd.obj (.text)
                  00001c04    000002dc     checkpoints.obj (.text)
                  00001ee0    00000270     rtsv7M4_T_le_v4SPD16_eabi.lib : _printfi.c.obj (.text:_pconv_a)
                  00002150    00000260     libcybotScan.lib : cyBot_Scan.obj (.text)
                  000023b0    00000248     Timer.obj (.text)
                  000025f8    000001ec     libcybotScan.lib : ping.obj (.text)
                  000027e4    000001e4     movement.obj (.text)
                  000029c8    000001d0     rtsv7M4_T_le_v4SPD16_eabi.lib : _printfi.c.obj (.text:_pconv_g)
                  00002b98    000001b6                                   : fd_add_t2.asm.obj (.text)
                  00002d4e    00000002                                   : div0.asm.obj (.text)
                  00002d50    0000015c     libcybotUART.lib : uart.obj (.text)
                  00002eac    00000158     libcybotScan.lib : servo.obj (.text)
                  00003004    0000013c     rtsv7M4_T_le_v4SPD16_eabi.lib : _printfi.c.obj (.text:_pconv_e)
                  00003140    00000136                                   : fd_div_t2.asm.obj (.text)
                  00003276    00000002     --HOLE-- [fill = 0]
                  00003278    00000124                                   : _printfi.c.obj (.text:fcvt)
                  0000339c    00000118     libcybotScan.lib : ir.obj (.text)
                  000034b4    00000110     rtsv7M4_T_le_v4SPD16_eabi.lib : s_scalbn.c.obj (.text:scalbn)
                  000035c4    00000100                                   : memory.c.obj (.text:aligned_alloc)
                  000036c4    000000fc                                   : fd_mul_t2.asm.obj (.text)
                  000037c0    000000e4                                   : memory.c.obj (.text:free)
                  000038a4    000000b1                                   : _printfi.c.obj (.text:_ltostr)
                  00003955    00000001     --HOLE-- [fill = 0]
                  00003956    0000009c                                   : memcpy_t2.asm.obj (.text)
                  000039f2    00000096                                   : ull_div_t2.asm.obj (.text)
                  00003a88    00000086                                   : fd_cmp_t2.asm.obj (.text:__aeabi_cdcmple)
                  00003b0e    00000086                                   : fd_cmp_t2.asm.obj (.text:__aeabi_cdrcmple)
                  00003b94    0000007a                                   : memset_t2.asm.obj (.text)
                  00003c0e    00000002     --HOLE-- [fill = 0]
                  00003c10    00000070                                   : memory.c.obj (.text:split)
                  00003c80    0000006e                                   : _printfi.c.obj (.text:_mcpy)
                  00003cee    0000006e                                   : fd_tos_t2.asm.obj (.text)
                  00003d5c    00000068                                   : copy_decompress_lzss.c.obj (.text:decompress:lzss:__TI_decompress_lzss)
                  00003dc4    00000064                                   : s_frexp.c.obj (.text:frexp)
                  00003e28    00000056                                   : _printfi.c.obj (.text:_pconv_f)
                  00003e7e    00000054                                   : _ltoa.c.obj (.text:__TI_ltoa)
                  00003ed2    00000052                                   : _printfi.c.obj (.text:_ecpy)
                  00003f24    0000004c                                   : atoi.c.obj (.text:atoi)
                  00003f70    00000048                                   : fd_toi_t2.asm.obj (.text)
                  00003fb8    00000044                                   : autoinit.c.obj (.text:__TI_auto_init_nobinit_nopinit:__TI_auto_init_nobinit_nopinit)
                  00003ffc    00000040                                   : sprintf.c.obj (.text:sprintf)
                  0000403c    00000040                                   : vsnprintf.c.obj (.text:vsnprintf)
                  0000407c    0000003e                                   : _printfi.c.obj (.text:_fcpy)
                  000040ba    00000002     --HOLE-- [fill = 0]
                  000040bc    00000038                                   : memory.c.obj (.text:calloc)
                  000040f4    00000038                                   : fs_tod_t2.asm.obj (.text)
                  0000412c    00000034     driverlib.lib : interrupt.obj (.text:IntRegister)
                  00004160    00000034     rtsv7M4_T_le_v4SPD16_eabi.lib : boot_cortex_m.c.obj (.text:_c_int00_noargs:_c_int00_noargs)
                  00004194    00000030                                   : vsnprintf.c.obj (.text:_outs)
                  000041c4    0000002e                                   : i_tofd_t2.asm.obj (.text)
                  000041f2    00000002     --HOLE-- [fill = 0]
                  000041f4    00000028                                   : memory.c.obj (.text:free_list_insert)
                  0000421c    0000001c                                   : copy_zero_init.c.obj (.text:decompress:ZI:__TI_zero_init_nomemset:__TI_zero_init_nomemset)
                  00004238    0000001c                                   : memory.c.obj (.text:free_list_remove)
                  00004254    0000001c                                   : memccpy.c.obj (.text:memccpy)
                  00004270    0000001a                                   : s_copysign.c.obj (.text:copysign)
                  0000428a    00000018                                   : vsnprintf.c.obj (.text:_outc)
                  000042a2    00000018                                   : sprintf.c.obj (.text:_outs)
                  000042ba    00000018     open_interface.obj (.text:oi_parseInt)
                  000042d2    00000018     rtsv7M4_T_le_v4SPD16_eabi.lib : strcmp.c.obj (.text:strcmp)
                  000042ea    00000016                                   : strchr.c.obj (.text:strchr)
                  00004300    00000014                                   : strcpy.c.obj (.text:strcpy)
                  00004314    00000014                                   : strlen.c.obj (.text:strlen)
                  00004328    00000012                                   : wcslen.c.obj (.text:wcslen)
                  0000433a    00000010     driverlib.lib : interrupt.obj (.text:IntMasterEnable)
                  0000434a    00000010     lcd.obj (.text:lcd_clear)
                  0000435a    0000000e     rtsv7M4_T_le_v4SPD16_eabi.lib : copy_decompress_none.c.obj (.text:decompress:none:__TI_decompress_none)
                  00004368    0000000c     driverlib.lib : cpu.obj (.text:CPUcpsie)
                  00004374    0000000c     tm4c123gh6pm_startup_ccs.obj (.text)
                  00004380    0000000a     rtsv7M4_T_le_v4SPD16_eabi.lib : sprintf.c.obj (.text:_outc)
                  0000438a    00000002     --HOLE-- [fill = 0]
                  0000438c    00000008                                   : errno.c.obj (.text:__aeabi_errno_addr)
                  00004394    00000008                                   : memory.c.obj (.text:malloc)
                  0000439c    00000004                                   : pre_init.c.obj (.text:_system_pre_init)
                  000043a0    00000004                                   : exit.c.obj (.text:abort:abort)

.const     0    000043a4    00000118     
                  000043a4    00000101     rtsv7M4_T_le_v4SPD16_eabi.lib : ctype.c.obj (.const:.string:_ctypes_)
                  000044a5    0000000f     open_interface.obj (.const:.string:$P$T0$3)
                  000044b4    00000004     lcd.obj (.const:.string:lineAddress$1)
                  000044b8    00000004     lcd.obj (.const:.string:lineAddresses$2)

.cinit     0    000044c0    00000050     
                  000044c0    00000019     (.cinit..data.load) [load image, compression = lzss]
                  000044d9    00000003     --HOLE-- [fill = 0]
                  000044dc    0000000c     (__TI_handler_table)
                  000044e8    00000008     (.cinit..bss.load) [load image, compression = zero_init]
                  000044f0    00000008     (.cinit..vtable.load) [load image, compression = zero_init]
                  000044f8    00000018     (__TI_cinit_table)

.init_array 
*          0    00000000    00000000     UNINITIALIZED

.vtable    0    20000000    0000026c     UNINITIALIZED
                  20000000    0000026c     driverlib.lib : interrupt.obj (.vtable)

.stack     0    20000270    00001000     UNINITIALIZED
                  20000270    00000004     rtsv7M4_T_le_v4SPD16_eabi.lib : boot_cortex_m.c.obj (.stack)
                  20000274    00000ffc     --HOLE--

.sysmem    0    20001270    00001000     UNINITIALIZED
                  20001270    00000010     rtsv7M4_T_le_v4SPD16_eabi.lib : memory.c.obj (.sysmem)
                  20001280    00000ff0     --HOLE--

.bss       0    20002270    000000bd     UNINITIALIZED
                  20002270    00000054     lcd.obj (.bss:lastbuffer$3)
                  200022c4    00000034     (.common:isr_char_buffer)
                  200022f8    00000018     open_interface.obj (.bss:firmware$2)
                  20002310    00000004     (.common:_timeout_ticks)
                  20002314    00000004     (.common:fallingEdge)
                  20002318    00000004     (.common:isr_int_value)
                  2000231c    00000004     (.common:left_calibration_value)
                  20002320    00000004     (.common:pulseLength)
                  20002324    00000004     (.common:right_calibration_value)
                  20002328    00000004     (.common:risingEdge)
                  2000232c    00000001     (.common:isRisingEdge)

.data      0    20002330    0000003d     UNINITIALIZED
                  20002330    00000020     open_interface.obj (.data)
                  20002350    00000008     rtsv7M4_T_le_v4SPD16_eabi.lib : _lock.c.obj (.data:$O1$$)
                  20002358    00000008                                   : memory.c.obj (.data:$O1$$)
                  20002360    00000004     libcybotScan.lib : cyBot_Scan.obj (.data)
                  20002364    00000004     libcybotUART.lib : uart.obj (.data)
                  20002368    00000004     rtsv7M4_T_le_v4SPD16_eabi.lib : errno.c.obj (.data)
                  2000236c    00000001     Timer.obj (.data)

__llvm_prf_cnts 
*          0    20000000    00000000     UNINITIALIZED

MODULE SUMMARY

       Module                         code    ro data   rw data
       ------                         ----    -------   -------
    .\
       open_interface.obj             3128    15        56     
       lcd.obj                        824     8         84     
       checkpoints.obj                732     0         8      
       tm4c123gh6pm_startup_ccs.obj   12      620       0      
       Timer.obj                      584     0         5      
       movement.obj                   484     0         0      
    +--+------------------------------+-------+---------+---------+
       Total:                         5764    643       153    
                                                               
    ../libcybotScan.lib
       cyBot_Scan.obj                 608     0         4      
       ping.obj                       492     0         13     
       servo.obj                      344     0         0      
       ir.obj                         280     0         4      
    +--+------------------------------+-------+---------+---------+
       Total:                         1724    0         21     
                                                               
    ../libcybotUART.lib
       uart.obj                       348     0         56     
    +--+------------------------------+-------+---------+---------+
       Total:                         348     0         56     
                                                               
    C:/ti/TivaWare_C_Series-2.2.0.295/driverlib/ccs/Debug/driverlib.lib
       interrupt.obj                  68      0         620    
       cpu.obj                        12      0         0      
    +--+------------------------------+-------+---------+---------+
       Total:                         80      0         620    
                                                               
    C:\ti\ccs1200\ccs\tools\compiler\ti-cgt-arm_20.2.6.LTS\lib\rtsv7M4_T_le_v4SPD16_eabi.lib
       _printfi.c.obj                 4851    0         0      
       memory.c.obj                   728     0         8      
       fd_add_t2.asm.obj              438     0         0      
       fd_div_t2.asm.obj              310     0         0      
       s_scalbn.c.obj                 272     0         0      
       fd_cmp_t2.asm.obj              268     0         0      
       ctype.c.obj                    0       257       0      
       fd_mul_t2.asm.obj              252     0         0      
       memcpy_t2.asm.obj              156     0         0      
       ull_div_t2.asm.obj             150     0         0      
       vsnprintf.c.obj                136     0         0      
       memset_t2.asm.obj              122     0         0      
       fd_tos_t2.asm.obj              110     0         0      
       copy_decompress_lzss.c.obj     104     0         0      
       s_frexp.c.obj                  100     0         0      
       sprintf.c.obj                  98      0         0      
       _ltoa.c.obj                    84      0         0      
       atoi.c.obj                     76      0         0      
       fd_toi_t2.asm.obj              72      0         0      
       autoinit.c.obj                 68      0         0      
       fs_tod_t2.asm.obj              56      0         0      
       boot_cortex_m.c.obj            52      0         0      
       i_tofd_t2.asm.obj              46      0         0      
       copy_zero_init.c.obj           28      0         0      
       memccpy.c.obj                  28      0         0      
       s_copysign.c.obj               26      0         0      
       strcmp.c.obj                   24      0         0      
       strchr.c.obj                   22      0         0      
       strcpy.c.obj                   20      0         0      
       strlen.c.obj                   20      0         0      
       wcslen.c.obj                   18      0         0      
       copy_decompress_none.c.obj     14      0         0      
       errno.c.obj                    8       0         4      
       _lock.c.obj                    2       0         8      
       exit.c.obj                     4       0         0      
       pre_init.c.obj                 4       0         0      
       div0.asm.obj                   2       0         0      
    +--+------------------------------+-------+---------+---------+
       Total:                         8769    257       20     
                                                               
       Heap:                          0       0         4096   
       Stack:                         0       0         4096   
       Linker Generated:              0       77        0      
    +--+------------------------------+-------+---------+---------+
       Grand Total:                   16685   977       9062   


LINKER GENERATED COPY TABLES

__TI_cinit_table @ 000044f8 records: 3, size/record: 8, table size: 24
	.data: load addr=000044c0, load size=00000019 bytes, run addr=20002330, run size=0000003d bytes, compression=lzss
	.bss: load addr=000044e8, load size=00000008 bytes, run addr=20002270, run size=000000bd bytes, compression=zero_init
	.vtable: load addr=000044f0, load size=00000008 bytes, run addr=20000000, run size=0000026c bytes, compression=zero_init


LINKER GENERATED HANDLER TABLE

__TI_handler_table @ 000044dc records: 3, size/record: 4, table size: 12
	index: 0, handler: __TI_zero_init
	index: 1, handler: __TI_decompress_lzss
	index: 2, handler: __TI_decompress_none


GLOBAL SYMBOLS: SORTED ALPHABETICALLY BY Name 

address   name                          
-------   ----                          
00003435  ADC0SS0_Handler               
000043a1  C$$EXIT                       
00004369  CPUcpsie                      
00000bc3  GPIOF_Handler                 
0000433b  IntMasterEnable               
0000412d  IntRegister                   
00004375  ResetISR                      
000026e9  TIMER3B_Handler               
20001270  __STACK_END                   
00001000  __STACK_SIZE                  
20000470  __STACK_TOP                   
00001000  __SYSMEM_SIZE                 
000044f8  __TI_CINIT_Base               
00004510  __TI_CINIT_Limit              
000044dc  __TI_Handler_Table_Base       
000044e8  __TI_Handler_Table_Limit      
00003fb9  __TI_auto_init_nobinit_nopinit
00003d5d  __TI_decompress_lzss          
0000435b  __TI_decompress_none          
00003e7f  __TI_ltoa                     
ffffffff  __TI_pprof_out_hndl           
00000e8d  __TI_printfi                  
ffffffff  __TI_prof_data_size           
ffffffff  __TI_prof_data_start          
00000000  __TI_static_base__            
0000421d  __TI_zero_init_nomemset       
00003a89  __aeabi_cdcmpeq               
00003a89  __aeabi_cdcmple               
00003b0f  __aeabi_cdrcmple              
00003cef  __aeabi_d2f                   
00003f71  __aeabi_d2iz                  
00002ba3  __aeabi_dadd                  
00003141  __aeabi_ddiv                  
000036c5  __aeabi_dmul                  
00002b99  __aeabi_dsub                  
0000438d  __aeabi_errno_addr            
000040f5  __aeabi_f2d                   
000041c5  __aeabi_i2d                   
00002d4f  __aeabi_idiv0                 
00002d4f  __aeabi_ldiv0                 
00003b95  __aeabi_memclr                
00003b95  __aeabi_memclr4               
00003b95  __aeabi_memclr8               
00003957  __aeabi_memcpy                
00003957  __aeabi_memcpy4               
00003957  __aeabi_memcpy8               
00003b97  __aeabi_memset                
00003b97  __aeabi_memset4               
00003b97  __aeabi_memset8               
000039f3  __aeabi_uldivmod              
ffffffff  __binit__                     
ffffffff  __c_args__                    
UNDEFED   __mpu_init                    
20000270  __stack                       
20000000  __start___llvm_prf_cnts       
20000000  __stop___llvm_prf_cnts        
00004161  _c_int00_noargs               
000043a4  _ctypes_                      
20002350  _lock                         
000018db  _nop                          
2000236c  _running                      
20001270  _sys_memory                   
UNDEFED   _system_post_cinit            
0000439d  _system_pre_init              
20002310  _timeout_ticks                
20002354  _unlock                       
000043a1  abort                         
000035c5  aligned_alloc                 
00003f25  atoi                          
ffffffff  binit                         
000040bd  calloc                        
00004271  copysign                      
00004271  copysignl                     
00002229  cyBOT_SERVO_cal               
000021b7  cyBOT_Scan                    
0000215f  cyBOT_init_Scan               
20002360  cyBOT_scan_features           
00002151  cyBOT_scan_version            
00002e59  cyBot_UART1_Handler           
00002e3f  cyBot_getByte                 
00002d51  cyBot_sendByte                
00002e21  cyBot_uart_flush              
00002d8f  cyBot_uart_init               
00002d77  cyBot_uart_sendBuffer         
00002d5d  cyBot_uart_sendStr            
20002368  errno                         
20002314  fallingEdge                   
000037c1  free                          
00003dc5  frexp                         
00003dc5  frexpl                        
20000000  g_pfnRAMVectors               
00000000  g_pfnVectors                  
0000097f  go_charge                     
0000344b  ir_enableInterrupt            
0000342d  ir_getDistance                
00003405  ir_getValue                   
0000339d  ir_init                       
2000232c  isRisingEdge                  
200022c4  isr_char_buffer               
20002364  isr_counter                   
20002318  isr_int_value                 
0000434b  lcd_clear                     
00001ab1  lcd_gotoLine                  
00001919  lcd_init                      
00001b17  lcd_printf                    
000019d9  lcd_putc                      
00001a11  lcd_puts                      
000018dd  lcd_reverseNibble             
00001a2f  lcd_sendCommand               
00001a6d  lcd_sendNibble                
00001ad9  lcd_setCursorPos              
000034b5  ldexp                         
000034b5  ldexpl                        
2000231c  left_calibration_value        
00001c05  main                          
00004395  malloc                        
000035c5  memalign                      
00004255  memccpy                       
00003957  memcpy                        
00003b9d  memset                        
20002330  motor_cal_factor_L            
20002334  motor_cal_factor_R            
0000287b  move_backward                 
000027e5  move_forward                  
0000026d  oi_alloc                      
00000aa9  oi_checkFirmware              
000002c7  oi_close                      
00000279  oi_free                       
00000ded  oi_getMotorCalibrationLeft    
00000e01  oi_getMotorCalibrationRight   
000002b1  oi_init                       
00000289  oi_init_noupdate              
00000915  oi_loadSong                   
000042bb  oi_parseInt                   
0000032b  oi_parsePacket                
0000096b  oi_play_song                  
0000084b  oi_setLeds                    
00000db1  oi_setMotorCalibration        
0000088f  oi_setWheels                  
00000b51  oi_shutoff_init               
0000098d  oi_uartInit                   
00000a31  oi_uartReceive                
00000a77  oi_uartSendBuff               
00000a15  oi_uartSendChar               
00000a59  oi_uartSendStr                
000002d9  oi_update                     
0000273b  ping_getDistance              
000025f9  ping_init                     
0000267f  ping_trigger                  
00001e51  printToPutty                  
20002320  pulseLength                   
20002324  right_calibration_value       
20002328  risingEdge                    
000034b5  scalbn                        
000034b5  scalbnl                       
00002ead  servo_init                    
00002f3d  servo_move                    
00002f9d  servo_setPWM                  
00002f31  servo_stop                    
00003ffd  sprintf                       
000042eb  strchr                        
000042d3  strcmp                        
00004301  strcpy                        
00004315  strlen                        
000024cf  timer_getMicros               
00002477  timer_getMillis               
000023b1  timer_init                    
00002453  timer_pause                   
00002465  timer_resume                  
00002429  timer_stop                    
00002529  timer_waitMicros              
0000255b  timer_waitMillis              
0000295d  turn_left                     
000028fd  turn_right                    
0000403d  vsnprintf                     
00004329  wcslen                        


GLOBAL SYMBOLS: SORTED BY Symbol Address 

address   name                          
-------   ----                          
00000000  __TI_static_base__            
00000000  g_pfnVectors                  
0000026d  oi_alloc                      
00000279  oi_free                       
00000289  oi_init_noupdate              
000002b1  oi_init                       
000002c7  oi_close                      
000002d9  oi_update                     
0000032b  oi_parsePacket                
0000084b  oi_setLeds                    
0000088f  oi_setWheels                  
00000915  oi_loadSong                   
0000096b  oi_play_song                  
0000097f  go_charge                     
0000098d  oi_uartInit                   
00000a15  oi_uartSendChar               
00000a31  oi_uartReceive                
00000a59  oi_uartSendStr                
00000a77  oi_uartSendBuff               
00000aa9  oi_checkFirmware              
00000b51  oi_shutoff_init               
00000bc3  GPIOF_Handler                 
00000db1  oi_setMotorCalibration        
00000ded  oi_getMotorCalibrationLeft    
00000e01  oi_getMotorCalibrationRight   
00000e8d  __TI_printfi                  
00001000  __STACK_SIZE                  
00001000  __SYSMEM_SIZE                 
000018db  _nop                          
000018dd  lcd_reverseNibble             
00001919  lcd_init                      
000019d9  lcd_putc                      
00001a11  lcd_puts                      
00001a2f  lcd_sendCommand               
00001a6d  lcd_sendNibble                
00001ab1  lcd_gotoLine                  
00001ad9  lcd_setCursorPos              
00001b17  lcd_printf                    
00001c05  main                          
00001e51  printToPutty                  
00002151  cyBOT_scan_version            
0000215f  cyBOT_init_Scan               
000021b7  cyBOT_Scan                    
00002229  cyBOT_SERVO_cal               
000023b1  timer_init                    
00002429  timer_stop                    
00002453  timer_pause                   
00002465  timer_resume                  
00002477  timer_getMillis               
000024cf  timer_getMicros               
00002529  timer_waitMicros              
0000255b  timer_waitMillis              
000025f9  ping_init                     
0000267f  ping_trigger                  
000026e9  TIMER3B_Handler               
0000273b  ping_getDistance              
000027e5  move_forward                  
0000287b  move_backward                 
000028fd  turn_right                    
0000295d  turn_left                     
00002b99  __aeabi_dsub                  
00002ba3  __aeabi_dadd                  
00002d4f  __aeabi_idiv0                 
00002d4f  __aeabi_ldiv0                 
00002d51  cyBot_sendByte                
00002d5d  cyBot_uart_sendStr            
00002d77  cyBot_uart_sendBuffer         
00002d8f  cyBot_uart_init               
00002e21  cyBot_uart_flush              
00002e3f  cyBot_getByte                 
00002e59  cyBot_UART1_Handler           
00002ead  servo_init                    
00002f31  servo_stop                    
00002f3d  servo_move                    
00002f9d  servo_setPWM                  
00003141  __aeabi_ddiv                  
0000339d  ir_init                       
00003405  ir_getValue                   
0000342d  ir_getDistance                
00003435  ADC0SS0_Handler               
0000344b  ir_enableInterrupt            
000034b5  ldexp                         
000034b5  ldexpl                        
000034b5  scalbn                        
000034b5  scalbnl                       
000035c5  aligned_alloc                 
000035c5  memalign                      
000036c5  __aeabi_dmul                  
000037c1  free                          
00003957  __aeabi_memcpy                
00003957  __aeabi_memcpy4               
00003957  __aeabi_memcpy8               
00003957  memcpy                        
000039f3  __aeabi_uldivmod              
00003a89  __aeabi_cdcmpeq               
00003a89  __aeabi_cdcmple               
00003b0f  __aeabi_cdrcmple              
00003b95  __aeabi_memclr                
00003b95  __aeabi_memclr4               
00003b95  __aeabi_memclr8               
00003b97  __aeabi_memset                
00003b97  __aeabi_memset4               
00003b97  __aeabi_memset8               
00003b9d  memset                        
00003cef  __aeabi_d2f                   
00003d5d  __TI_decompress_lzss          
00003dc5  frexp                         
00003dc5  frexpl                        
00003e7f  __TI_ltoa                     
00003f25  atoi                          
00003f71  __aeabi_d2iz                  
00003fb9  __TI_auto_init_nobinit_nopinit
00003ffd  sprintf                       
0000403d  vsnprintf                     
000040bd  calloc                        
000040f5  __aeabi_f2d                   
0000412d  IntRegister                   
00004161  _c_int00_noargs               
000041c5  __aeabi_i2d                   
0000421d  __TI_zero_init_nomemset       
00004255  memccpy                       
00004271  copysign                      
00004271  copysignl                     
000042bb  oi_parseInt                   
000042d3  strcmp                        
000042eb  strchr                        
00004301  strcpy                        
00004315  strlen                        
00004329  wcslen                        
0000433b  IntMasterEnable               
0000434b  lcd_clear                     
0000435b  __TI_decompress_none          
00004369  CPUcpsie                      
00004375  ResetISR                      
0000438d  __aeabi_errno_addr            
00004395  malloc                        
0000439d  _system_pre_init              
000043a1  C$$EXIT                       
000043a1  abort                         
000043a4  _ctypes_                      
000044dc  __TI_Handler_Table_Base       
000044e8  __TI_Handler_Table_Limit      
000044f8  __TI_CINIT_Base               
00004510  __TI_CINIT_Limit              
20000000  __start___llvm_prf_cnts       
20000000  __stop___llvm_prf_cnts        
20000000  g_pfnRAMVectors               
20000270  __stack                       
20000470  __STACK_TOP                   
20001270  __STACK_END                   
20001270  _sys_memory                   
200022c4  isr_char_buffer               
20002310  _timeout_ticks                
20002314  fallingEdge                   
20002318  isr_int_value                 
2000231c  left_calibration_value        
20002320  pulseLength                   
20002324  right_calibration_value       
20002328  risingEdge                    
2000232c  isRisingEdge                  
20002330  motor_cal_factor_L            
20002334  motor_cal_factor_R            
20002350  _lock                         
20002354  _unlock                       
20002360  cyBOT_scan_features           
20002364  isr_counter                   
20002368  errno                         
2000236c  _running                      
ffffffff  __TI_pprof_out_hndl           
ffffffff  __TI_prof_data_size           
ffffffff  __TI_prof_data_start          
ffffffff  __binit__                     
ffffffff  __c_args__                    
ffffffff  binit                         
UNDEFED   __mpu_init                    
UNDEFED   _system_post_cinit            

[176 symbols]
