------------------------------------------------------------
Timing Analyzer Summary
------------------------------------------------------------

Type  : Slow 1200mV 85C Model Setup 'Clock'
Slack : -4.915
TNS   : -109.944

Type  : Slow 1200mV 85C Model Setup 'Converter_50mHz_To_1Hz:inst14|clock_out'
Slack : -3.672
TNS   : -21.072

Type  : Slow 1200mV 85C Model Setup 'Debouncer:inst16|clock_divider_1024:inst|inst10'
Slack : -2.398
TNS   : -7.220

Type  : Slow 1200mV 85C Model Setup 'Debouncer:inst15|clock_divider_1024:inst|inst10'
Slack : -2.390
TNS   : -7.764

Type  : Slow 1200mV 85C Model Setup 'Debouncer:inst25|clock_divider_1024:inst|inst10'
Slack : -2.259
TNS   : -6.637

Type  : Slow 1200mV 85C Model Setup 'Debouncer:inst10|clock_divider_1024:inst|inst10'
Slack : -2.258
TNS   : -6.338

Type  : Slow 1200mV 85C Model Hold 'Clock'
Slack : 0.386
TNS   : 0.000

Type  : Slow 1200mV 85C Model Hold 'Debouncer:inst10|clock_divider_1024:inst|inst10'
Slack : 0.403
TNS   : 0.000

Type  : Slow 1200mV 85C Model Hold 'Debouncer:inst16|clock_divider_1024:inst|inst10'
Slack : 0.403
TNS   : 0.000

Type  : Slow 1200mV 85C Model Hold 'Debouncer:inst25|clock_divider_1024:inst|inst10'
Slack : 0.403
TNS   : 0.000

Type  : Slow 1200mV 85C Model Hold 'Debouncer:inst15|clock_divider_1024:inst|inst10'
Slack : 0.404
TNS   : 0.000

Type  : Slow 1200mV 85C Model Hold 'Converter_50mHz_To_1Hz:inst14|clock_out'
Slack : 1.083
TNS   : 0.000

Type  : Slow 1200mV 85C Model Recovery 'Converter_50mHz_To_1Hz:inst14|clock_out'
Slack : -1.157
TNS   : -7.714

Type  : Slow 1200mV 85C Model Removal 'Converter_50mHz_To_1Hz:inst14|clock_out'
Slack : 1.132
TNS   : 0.000

Type  : Slow 1200mV 85C Model Minimum Pulse Width 'Clock'
Slack : -3.000
TNS   : -63.395

Type  : Slow 1200mV 85C Model Minimum Pulse Width 'Debouncer:inst10|clock_divider_1024:inst|inst10'
Slack : -1.285
TNS   : -12.850

Type  : Slow 1200mV 85C Model Minimum Pulse Width 'Debouncer:inst15|clock_divider_1024:inst|inst10'
Slack : -1.285
TNS   : -12.850

Type  : Slow 1200mV 85C Model Minimum Pulse Width 'Debouncer:inst16|clock_divider_1024:inst|inst10'
Slack : -1.285
TNS   : -12.850

Type  : Slow 1200mV 85C Model Minimum Pulse Width 'Debouncer:inst25|clock_divider_1024:inst|inst10'
Slack : -1.285
TNS   : -12.850

Type  : Slow 1200mV 85C Model Minimum Pulse Width 'Converter_50mHz_To_1Hz:inst14|clock_out'
Slack : -1.285
TNS   : -10.280

Type  : Slow 1200mV 85C Model Minimum Pulse Width 'Debouncer:inst10|clock_divider_1024:inst1|inst10'
Slack : -1.285
TNS   : -1.285

Type  : Slow 1200mV 85C Model Minimum Pulse Width 'Debouncer:inst15|clock_divider_1024:inst1|inst10'
Slack : -1.285
TNS   : -1.285

Type  : Slow 1200mV 85C Model Minimum Pulse Width 'Debouncer:inst16|clock_divider_1024:inst1|inst10'
Slack : -1.285
TNS   : -1.285

Type  : Slow 1200mV 85C Model Minimum Pulse Width 'Debouncer:inst25|clock_divider_1024:inst1|inst10'
Slack : -1.285
TNS   : -1.285

Type  : Slow 1200mV 0C Model Setup 'Clock'
Slack : -4.483
TNS   : -95.383

Type  : Slow 1200mV 0C Model Setup 'Converter_50mHz_To_1Hz:inst14|clock_out'
Slack : -3.300
TNS   : -18.489

Type  : Slow 1200mV 0C Model Setup 'Debouncer:inst16|clock_divider_1024:inst|inst10'
Slack : -2.108
TNS   : -5.664

Type  : Slow 1200mV 0C Model Setup 'Debouncer:inst15|clock_divider_1024:inst|inst10'
Slack : -2.097
TNS   : -6.118

Type  : Slow 1200mV 0C Model Setup 'Debouncer:inst25|clock_divider_1024:inst|inst10'
Slack : -1.980
TNS   : -5.141

Type  : Slow 1200mV 0C Model Setup 'Debouncer:inst10|clock_divider_1024:inst|inst10'
Slack : -1.980
TNS   : -4.892

Type  : Slow 1200mV 0C Model Hold 'Clock'
Slack : 0.339
TNS   : 0.000

Type  : Slow 1200mV 0C Model Hold 'Debouncer:inst10|clock_divider_1024:inst|inst10'
Slack : 0.354
TNS   : 0.000

Type  : Slow 1200mV 0C Model Hold 'Debouncer:inst16|clock_divider_1024:inst|inst10'
Slack : 0.354
TNS   : 0.000

Type  : Slow 1200mV 0C Model Hold 'Debouncer:inst25|clock_divider_1024:inst|inst10'
Slack : 0.354
TNS   : 0.000

Type  : Slow 1200mV 0C Model Hold 'Debouncer:inst15|clock_divider_1024:inst|inst10'
Slack : 0.355
TNS   : 0.000

Type  : Slow 1200mV 0C Model Hold 'Converter_50mHz_To_1Hz:inst14|clock_out'
Slack : 1.001
TNS   : 0.000

Type  : Slow 1200mV 0C Model Recovery 'Converter_50mHz_To_1Hz:inst14|clock_out'
Slack : -0.953
TNS   : -6.087

Type  : Slow 1200mV 0C Model Removal 'Converter_50mHz_To_1Hz:inst14|clock_out'
Slack : 1.089
TNS   : 0.000

Type  : Slow 1200mV 0C Model Minimum Pulse Width 'Clock'
Slack : -3.000
TNS   : -63.395

Type  : Slow 1200mV 0C Model Minimum Pulse Width 'Debouncer:inst10|clock_divider_1024:inst|inst10'
Slack : -1.285
TNS   : -12.850

Type  : Slow 1200mV 0C Model Minimum Pulse Width 'Debouncer:inst15|clock_divider_1024:inst|inst10'
Slack : -1.285
TNS   : -12.850

Type  : Slow 1200mV 0C Model Minimum Pulse Width 'Debouncer:inst16|clock_divider_1024:inst|inst10'
Slack : -1.285
TNS   : -12.850

Type  : Slow 1200mV 0C Model Minimum Pulse Width 'Debouncer:inst25|clock_divider_1024:inst|inst10'
Slack : -1.285
TNS   : -12.850

Type  : Slow 1200mV 0C Model Minimum Pulse Width 'Converter_50mHz_To_1Hz:inst14|clock_out'
Slack : -1.285
TNS   : -10.280

Type  : Slow 1200mV 0C Model Minimum Pulse Width 'Debouncer:inst10|clock_divider_1024:inst1|inst10'
Slack : -1.285
TNS   : -1.285

Type  : Slow 1200mV 0C Model Minimum Pulse Width 'Debouncer:inst15|clock_divider_1024:inst1|inst10'
Slack : -1.285
TNS   : -1.285

Type  : Slow 1200mV 0C Model Minimum Pulse Width 'Debouncer:inst16|clock_divider_1024:inst1|inst10'
Slack : -1.285
TNS   : -1.285

Type  : Slow 1200mV 0C Model Minimum Pulse Width 'Debouncer:inst25|clock_divider_1024:inst1|inst10'
Slack : -1.285
TNS   : -1.285

Type  : Fast 1200mV 0C Model Setup 'Clock'
Slack : -2.104
TNS   : -32.969

Type  : Fast 1200mV 0C Model Setup 'Converter_50mHz_To_1Hz:inst14|clock_out'
Slack : -1.323
TNS   : -6.287

Type  : Fast 1200mV 0C Model Setup 'Debouncer:inst15|clock_divider_1024:inst|inst10'
Slack : -0.680
TNS   : -0.698

Type  : Fast 1200mV 0C Model Setup 'Debouncer:inst16|clock_divider_1024:inst|inst10'
Slack : -0.677
TNS   : -0.712

Type  : Fast 1200mV 0C Model Setup 'Debouncer:inst10|clock_divider_1024:inst|inst10'
Slack : -0.614
TNS   : -0.614

Type  : Fast 1200mV 0C Model Setup 'Debouncer:inst25|clock_divider_1024:inst|inst10'
Slack : -0.610
TNS   : -0.610

Type  : Fast 1200mV 0C Model Hold 'Clock'
Slack : -0.010
TNS   : -0.010

Type  : Fast 1200mV 0C Model Hold 'Debouncer:inst16|clock_divider_1024:inst|inst10'
Slack : 0.181
TNS   : 0.000

Type  : Fast 1200mV 0C Model Hold 'Debouncer:inst10|clock_divider_1024:inst|inst10'
Slack : 0.182
TNS   : 0.000

Type  : Fast 1200mV 0C Model Hold 'Debouncer:inst15|clock_divider_1024:inst|inst10'
Slack : 0.182
TNS   : 0.000

Type  : Fast 1200mV 0C Model Hold 'Debouncer:inst25|clock_divider_1024:inst|inst10'
Slack : 0.182
TNS   : 0.000

Type  : Fast 1200mV 0C Model Hold 'Converter_50mHz_To_1Hz:inst14|clock_out'
Slack : 0.449
TNS   : 0.000

Type  : Fast 1200mV 0C Model Recovery 'Converter_50mHz_To_1Hz:inst14|clock_out'
Slack : -0.263
TNS   : -1.274

Type  : Fast 1200mV 0C Model Removal 'Converter_50mHz_To_1Hz:inst14|clock_out'
Slack : 0.483
TNS   : 0.000

Type  : Fast 1200mV 0C Model Minimum Pulse Width 'Clock'
Slack : -3.000
TNS   : -52.906

Type  : Fast 1200mV 0C Model Minimum Pulse Width 'Debouncer:inst10|clock_divider_1024:inst|inst10'
Slack : -1.000
TNS   : -10.000

Type  : Fast 1200mV 0C Model Minimum Pulse Width 'Debouncer:inst15|clock_divider_1024:inst|inst10'
Slack : -1.000
TNS   : -10.000

Type  : Fast 1200mV 0C Model Minimum Pulse Width 'Debouncer:inst16|clock_divider_1024:inst|inst10'
Slack : -1.000
TNS   : -10.000

Type  : Fast 1200mV 0C Model Minimum Pulse Width 'Debouncer:inst25|clock_divider_1024:inst|inst10'
Slack : -1.000
TNS   : -10.000

Type  : Fast 1200mV 0C Model Minimum Pulse Width 'Converter_50mHz_To_1Hz:inst14|clock_out'
Slack : -1.000
TNS   : -8.000

Type  : Fast 1200mV 0C Model Minimum Pulse Width 'Debouncer:inst10|clock_divider_1024:inst1|inst10'
Slack : -1.000
TNS   : -1.000

Type  : Fast 1200mV 0C Model Minimum Pulse Width 'Debouncer:inst15|clock_divider_1024:inst1|inst10'
Slack : -1.000
TNS   : -1.000

Type  : Fast 1200mV 0C Model Minimum Pulse Width 'Debouncer:inst16|clock_divider_1024:inst1|inst10'
Slack : -1.000
TNS   : -1.000

Type  : Fast 1200mV 0C Model Minimum Pulse Width 'Debouncer:inst25|clock_divider_1024:inst1|inst10'
Slack : -1.000
TNS   : -1.000

------------------------------------------------------------
