Analysis & Synthesis report for Timer
Thu Dec  8 08:14:37 2022
Quartus Prime Version 21.1.1 Build 850 06/23/2022 SJ Standard Edition


---------------------
; Table of Contents ;
---------------------
  1. Legal Notice
  2. Analysis & Synthesis Summary
  3. Analysis & Synthesis Settings
  4. Parallel Compilation
  5. Analysis & Synthesis Source Files Read
  6. Analysis & Synthesis Resource Usage Summary
  7. Analysis & Synthesis Resource Utilization by Entity
  8. Registers Removed During Synthesis
  9. General Register Statistics
 10. Multiplexer Restructuring Statistics (Restructuring Performed)
 11. Post-Synthesis Netlist Statistics for Top Partition
 12. Elapsed Time Per Partition
 13. Analysis & Synthesis Messages



----------------
; Legal Notice ;
----------------
Copyright (C) 2022  Intel Corporation. All rights reserved.
Your use of Intel Corporation's design tools, logic functions 
and other software and tools, and any partner logic 
functions, and any output files from any of the foregoing 
(including device programming or simulation files), and any 
associated documentation or information are expressly subject 
to the terms and conditions of the Intel Program License 
Subscription Agreement, the Intel Quartus Prime License Agreement,
the Intel FPGA IP License Agreement, or other applicable license
agreement, including, without limitation, that your use is for
the sole purpose of programming logic devices manufactured by
Intel and sold by Intel or its authorized distributors.  Please
refer to the applicable agreement for further details, at
https://fpgasoftware.intel.com/eula.



+--------------------------------------------------------------------------------------+
; Analysis & Synthesis Summary                                                         ;
+------------------------------------+-------------------------------------------------+
; Analysis & Synthesis Status        ; Successful - Thu Dec  8 08:14:36 2022           ;
; Quartus Prime Version              ; 21.1.1 Build 850 06/23/2022 SJ Standard Edition ;
; Revision Name                      ; Timer                                           ;
; Top-level Entity Name              ; Timer                                           ;
; Family                             ; Cyclone IV E                                    ;
; Total logic elements               ; 315                                             ;
;     Total combinational functions  ; 311                                             ;
;     Dedicated logic registers      ; 99                                              ;
; Total registers                    ; 99                                              ;
; Total pins                         ; 42                                              ;
; Total virtual pins                 ; 0                                               ;
; Total memory bits                  ; 0                                               ;
; Embedded Multiplier 9-bit elements ; 0                                               ;
; Total PLLs                         ; 0                                               ;
+------------------------------------+-------------------------------------------------+


+------------------------------------------------------------------------------------------------------------+
; Analysis & Synthesis Settings                                                                              ;
+------------------------------------------------------------------+--------------------+--------------------+
; Option                                                           ; Setting            ; Default Value      ;
+------------------------------------------------------------------+--------------------+--------------------+
; Device                                                           ; EP4CE115F29C7      ;                    ;
; Top-level entity name                                            ; Timer              ; Timer              ;
; Family name                                                      ; Cyclone IV E       ; Cyclone V          ;
; Use smart compilation                                            ; Off                ; Off                ;
; Enable parallel Assembler and Timing Analyzer during compilation ; On                 ; On                 ;
; Enable compact report table                                      ; Off                ; Off                ;
; Restructure Multiplexers                                         ; Auto               ; Auto               ;
; Create Debugging Nodes for IP Cores                              ; Off                ; Off                ;
; Preserve fewer node names                                        ; On                 ; On                 ;
; Intel FPGA IP Evaluation Mode                                    ; Enable             ; Enable             ;
; Verilog Version                                                  ; Verilog_2001       ; Verilog_2001       ;
; VHDL Version                                                     ; VHDL_1993          ; VHDL_1993          ;
; State Machine Processing                                         ; Auto               ; Auto               ;
; Safe State Machine                                               ; Off                ; Off                ;
; Extract Verilog State Machines                                   ; On                 ; On                 ;
; Extract VHDL State Machines                                      ; On                 ; On                 ;
; Ignore Verilog initial constructs                                ; Off                ; Off                ;
; Iteration limit for constant Verilog loops                       ; 5000               ; 5000               ;
; Iteration limit for non-constant Verilog loops                   ; 250                ; 250                ;
; Add Pass-Through Logic to Inferred RAMs                          ; On                 ; On                 ;
; Infer RAMs from Raw Logic                                        ; On                 ; On                 ;
; Parallel Synthesis                                               ; On                 ; On                 ;
; DSP Block Balancing                                              ; Auto               ; Auto               ;
; NOT Gate Push-Back                                               ; On                 ; On                 ;
; Power-Up Don't Care                                              ; On                 ; On                 ;
; Remove Redundant Logic Cells                                     ; Off                ; Off                ;
; Remove Duplicate Registers                                       ; On                 ; On                 ;
; Ignore CARRY Buffers                                             ; Off                ; Off                ;
; Ignore CASCADE Buffers                                           ; Off                ; Off                ;
; Ignore GLOBAL Buffers                                            ; Off                ; Off                ;
; Ignore ROW GLOBAL Buffers                                        ; Off                ; Off                ;
; Ignore LCELL Buffers                                             ; Off                ; Off                ;
; Ignore SOFT Buffers                                              ; On                 ; On                 ;
; Limit AHDL Integers to 32 Bits                                   ; Off                ; Off                ;
; Optimization Technique                                           ; Balanced           ; Balanced           ;
; Carry Chain Length                                               ; 70                 ; 70                 ;
; Auto Carry Chains                                                ; On                 ; On                 ;
; Auto Open-Drain Pins                                             ; On                 ; On                 ;
; Perform WYSIWYG Primitive Resynthesis                            ; Off                ; Off                ;
; Auto ROM Replacement                                             ; On                 ; On                 ;
; Auto RAM Replacement                                             ; On                 ; On                 ;
; Auto DSP Block Replacement                                       ; On                 ; On                 ;
; Auto Shift Register Replacement                                  ; Auto               ; Auto               ;
; Allow Shift Register Merging across Hierarchies                  ; Auto               ; Auto               ;
; Auto Clock Enable Replacement                                    ; On                 ; On                 ;
; Strict RAM Replacement                                           ; Off                ; Off                ;
; Allow Synchronous Control Signals                                ; On                 ; On                 ;
; Force Use of Synchronous Clear Signals                           ; Off                ; Off                ;
; Auto RAM Block Balancing                                         ; On                 ; On                 ;
; Auto RAM to Logic Cell Conversion                                ; Off                ; Off                ;
; Auto Resource Sharing                                            ; Off                ; Off                ;
; Allow Any RAM Size For Recognition                               ; Off                ; Off                ;
; Allow Any ROM Size For Recognition                               ; Off                ; Off                ;
; Allow Any Shift Register Size For Recognition                    ; Off                ; Off                ;
; Use LogicLock Constraints during Resource Balancing              ; On                 ; On                 ;
; Ignore translate_off and synthesis_off directives                ; Off                ; Off                ;
; Timing-Driven Synthesis                                          ; On                 ; On                 ;
; Report Parameter Settings                                        ; On                 ; On                 ;
; Report Source Assignments                                        ; On                 ; On                 ;
; Report Connectivity Checks                                       ; On                 ; On                 ;
; Ignore Maximum Fan-Out Assignments                               ; Off                ; Off                ;
; Synchronization Register Chain Length                            ; 2                  ; 2                  ;
; Power Optimization During Synthesis                              ; Normal compilation ; Normal compilation ;
; HDL message level                                                ; Level2             ; Level2             ;
; Suppress Register Optimization Related Messages                  ; Off                ; Off                ;
; Number of Removed Registers Reported in Synthesis Report         ; 5000               ; 5000               ;
; Number of Swept Nodes Reported in Synthesis Report               ; 5000               ; 5000               ;
; Number of Inverted Registers Reported in Synthesis Report        ; 100                ; 100                ;
; Clock MUX Protection                                             ; On                 ; On                 ;
; Auto Gated Clock Conversion                                      ; Off                ; Off                ;
; Block Design Naming                                              ; Auto               ; Auto               ;
; SDC constraint protection                                        ; Off                ; Off                ;
; Synthesis Effort                                                 ; Auto               ; Auto               ;
; Shift Register Replacement - Allow Asynchronous Clear Signal     ; On                 ; On                 ;
; Pre-Mapping Resynthesis Optimization                             ; Off                ; Off                ;
; Analysis & Synthesis Message Level                               ; Medium             ; Medium             ;
; Disable Register Merging Across Hierarchies                      ; Auto               ; Auto               ;
; Resource Aware Inference For Block RAM                           ; On                 ; On                 ;
+------------------------------------------------------------------+--------------------+--------------------+


+------------------------------------------+
; Parallel Compilation                     ;
+----------------------------+-------------+
; Processors                 ; Number      ;
+----------------------------+-------------+
; Number detected on machine ; 16          ;
; Maximum allowed            ; 8           ;
;                            ;             ;
; Average used               ; 1.00        ;
; Maximum used               ; 8           ;
;                            ;             ;
; Usage by Processor         ; % Time Used ;
;     Processor 1            ; 100.0%      ;
;     Processors 2-8         ;   0.0%      ;
+----------------------------+-------------+


+-------------------------------------------------------------------------------------------------------------------------------------------------------------------------------+
; Analysis & Synthesis Source Files Read                                                                                                                                        ;
+------------------------------------+-----------------+------------------------------------------+-------------------------------------------------------------------+---------+
; File Name with User-Entered Path   ; Used in Netlist ; File Type                                ; File Name with Absolute Path                                      ; Library ;
+------------------------------------+-----------------+------------------------------------------+-------------------------------------------------------------------+---------+
; Timer.bdf                          ; yes             ; User Block Diagram/Schematic File        ; U:/CPRE281/Final Project/Timer/Timer.bdf                          ;         ;
; 8_bit_parallel_access_register.bdf ; yes             ; Auto-Found Block Diagram/Schematic File  ; U:/CPRE281/Final Project/Timer/8_bit_parallel_access_register.bdf ;         ;
; 2to1mux.bdf                        ; yes             ; Auto-Found Block Diagram/Schematic File  ; U:/CPRE281/Final Project/Timer/2to1mux.bdf                        ;         ;
; converter_50mhz_to_1hz.v           ; yes             ; Auto-Found Verilog HDL File              ; U:/CPRE281/Final Project/Timer/converter_50mhz_to_1hz.v           ;         ;
; statemachine.bdf                   ; yes             ; Auto-Found Block Diagram/Schematic File  ; U:/CPRE281/Final Project/Timer/statemachine.bdf                   ;         ;
; debouncer.bdf                      ; yes             ; Auto-Found Block Diagram/Schematic File  ; U:/CPRE281/Final Project/Timer/debouncer.bdf                      ;         ;
; clock_divider_1024.bdf             ; yes             ; Auto-Found Block Diagram/Schematic File  ; U:/CPRE281/Final Project/Timer/clock_divider_1024.bdf             ;         ;
; 8muxes.bdf                         ; yes             ; Auto-Found Block Diagram/Schematic File  ; U:/CPRE281/Final Project/Timer/8muxes.bdf                         ;         ;
; decrementer_nr.bdf                 ; yes             ; Auto-Found Block Diagram/Schematic File  ; U:/CPRE281/Final Project/Timer/decrementer_nr.bdf                 ;         ;
; decrementer.bdf                    ; yes             ; Auto-Found Block Diagram/Schematic File  ; U:/CPRE281/Final Project/Timer/decrementer.bdf                    ;         ;
; fa.v                               ; yes             ; Auto-Found Verilog HDL File              ; U:/CPRE281/Final Project/Timer/fa.v                               ;         ;
; 8_bit_adder.bdf                    ; yes             ; Auto-Found Block Diagram/Schematic File  ; U:/CPRE281/Final Project/Timer/8_bit_adder.bdf                    ;         ;
; 21muxes.bdf                        ; yes             ; Auto-Found Block Diagram/Schematic File  ; U:/CPRE281/Final Project/Timer/21muxes.bdf                        ;         ;
; b_to_d.bdf                         ; yes             ; Auto-Found Block Diagram/Schematic File  ; U:/CPRE281/Final Project/Timer/b_to_d.bdf                         ;         ;
; b_to_d_hundredsplace.v             ; yes             ; Auto-Found Verilog HDL File              ; U:/CPRE281/Final Project/Timer/b_to_d_hundredsplace.v             ;         ;
; b_to_d_tensplace.v                 ; yes             ; Auto-Found Verilog HDL File              ; U:/CPRE281/Final Project/Timer/b_to_d_tensplace.v                 ;         ;
; b_to_d_onesplace.v                 ; yes             ; Auto-Found Verilog HDL File              ; U:/CPRE281/Final Project/Timer/b_to_d_onesplace.v                 ;         ;
+------------------------------------+-----------------+------------------------------------------+-------------------------------------------------------------------+---------+


+-------------------------------------------------------------------------------------------+
; Analysis & Synthesis Resource Usage Summary                                               ;
+---------------------------------------------+---------------------------------------------+
; Resource                                    ; Usage                                       ;
+---------------------------------------------+---------------------------------------------+
; Estimated Total logic elements              ; 315                                         ;
;                                             ;                                             ;
; Total combinational functions               ; 311                                         ;
; Logic element usage by number of LUT inputs ;                                             ;
;     -- 4 input functions                    ; 191                                         ;
;     -- 3 input functions                    ; 59                                          ;
;     -- <=2 input functions                  ; 61                                          ;
;                                             ;                                             ;
; Logic elements by mode                      ;                                             ;
;     -- normal mode                          ; 280                                         ;
;     -- arithmetic mode                      ; 31                                          ;
;                                             ;                                             ;
; Total registers                             ; 99                                          ;
;     -- Dedicated logic registers            ; 99                                          ;
;     -- I/O registers                        ; 0                                           ;
;                                             ;                                             ;
; I/O pins                                    ; 42                                          ;
;                                             ;                                             ;
; Embedded Multiplier 9-bit elements          ; 0                                           ;
;                                             ;                                             ;
; Maximum fan-out node                        ; 8_Bit_Parallel_Access_Register:inst5|inst15 ;
; Maximum fan-out                             ; 62                                          ;
; Total fan-out                               ; 1347                                        ;
; Average fan-out                             ; 2.73                                        ;
+---------------------------------------------+---------------------------------------------+


+--------------------------------------------------------------------------------------------------------------------------------------------------------------------------------------------------------------------------------------------------------------------------------+
; Analysis & Synthesis Resource Utilization by Entity                                                                                                                                                                                                                            ;
+-------------------------------------------+---------------------+---------------------------+-------------+--------------+---------+-----------+------+--------------+---------------------------------------------------------+--------------------------------+--------------+
; Compilation Hierarchy Node                ; Combinational ALUTs ; Dedicated Logic Registers ; Memory Bits ; DSP Elements ; DSP 9x9 ; DSP 18x18 ; Pins ; Virtual Pins ; Full Hierarchy Name                                     ; Entity Name                    ; Library Name ;
+-------------------------------------------+---------------------+---------------------------+-------------+--------------+---------+-----------+------+--------------+---------------------------------------------------------+--------------------------------+--------------+
; |Timer                                    ; 311 (0)             ; 99 (0)                    ; 0           ; 0            ; 0       ; 0         ; 42   ; 0            ; |Timer                                                  ; Timer                          ; work         ;
;    |21Muxes:inst17|                       ; 69 (0)              ; 0 (0)                     ; 0           ; 0            ; 0       ; 0         ; 0    ; 0            ; |Timer|21Muxes:inst17                                   ; 21Muxes                        ; work         ;
;       |2to1Mux:inst10|                    ; 6 (6)               ; 0 (0)                     ; 0           ; 0            ; 0       ; 0         ; 0    ; 0            ; |Timer|21Muxes:inst17|2to1Mux:inst10                    ; 2to1Mux                        ; work         ;
;       |2to1Mux:inst11|                    ; 4 (4)               ; 0 (0)                     ; 0           ; 0            ; 0       ; 0         ; 0    ; 0            ; |Timer|21Muxes:inst17|2to1Mux:inst11                    ; 2to1Mux                        ; work         ;
;       |2to1Mux:inst12|                    ; 8 (8)               ; 0 (0)                     ; 0           ; 0            ; 0       ; 0         ; 0    ; 0            ; |Timer|21Muxes:inst17|2to1Mux:inst12                    ; 2to1Mux                        ; work         ;
;       |2to1Mux:inst13|                    ; 11 (11)             ; 0 (0)                     ; 0           ; 0            ; 0       ; 0         ; 0    ; 0            ; |Timer|21Muxes:inst17|2to1Mux:inst13                    ; 2to1Mux                        ; work         ;
;       |2to1Mux:inst14|                    ; 5 (5)               ; 0 (0)                     ; 0           ; 0            ; 0       ; 0         ; 0    ; 0            ; |Timer|21Muxes:inst17|2to1Mux:inst14                    ; 2to1Mux                        ; work         ;
;       |2to1Mux:inst15|                    ; 9 (9)               ; 0 (0)                     ; 0           ; 0            ; 0       ; 0         ; 0    ; 0            ; |Timer|21Muxes:inst17|2to1Mux:inst15                    ; 2to1Mux                        ; work         ;
;       |2to1Mux:inst16|                    ; 4 (4)               ; 0 (0)                     ; 0           ; 0            ; 0       ; 0         ; 0    ; 0            ; |Timer|21Muxes:inst17|2to1Mux:inst16                    ; 2to1Mux                        ; work         ;
;       |2to1Mux:inst17|                    ; 2 (2)               ; 0 (0)                     ; 0           ; 0            ; 0       ; 0         ; 0    ; 0            ; |Timer|21Muxes:inst17|2to1Mux:inst17                    ; 2to1Mux                        ; work         ;
;       |2to1Mux:inst18|                    ; 1 (1)               ; 0 (0)                     ; 0           ; 0            ; 0       ; 0         ; 0    ; 0            ; |Timer|21Muxes:inst17|2to1Mux:inst18                    ; 2to1Mux                        ; work         ;
;       |2to1Mux:inst19|                    ; 2 (2)               ; 0 (0)                     ; 0           ; 0            ; 0       ; 0         ; 0    ; 0            ; |Timer|21Muxes:inst17|2to1Mux:inst19                    ; 2to1Mux                        ; work         ;
;       |2to1Mux:inst20|                    ; 1 (1)               ; 0 (0)                     ; 0           ; 0            ; 0       ; 0         ; 0    ; 0            ; |Timer|21Muxes:inst17|2to1Mux:inst20                    ; 2to1Mux                        ; work         ;
;       |2to1Mux:inst21|                    ; 1 (1)               ; 0 (0)                     ; 0           ; 0            ; 0       ; 0         ; 0    ; 0            ; |Timer|21Muxes:inst17|2to1Mux:inst21                    ; 2to1Mux                        ; work         ;
;       |2to1Mux:inst3|                     ; 1 (1)               ; 0 (0)                     ; 0           ; 0            ; 0       ; 0         ; 0    ; 0            ; |Timer|21Muxes:inst17|2to1Mux:inst3                     ; 2to1Mux                        ; work         ;
;       |2to1Mux:inst6|                     ; 1 (1)               ; 0 (0)                     ; 0           ; 0            ; 0       ; 0         ; 0    ; 0            ; |Timer|21Muxes:inst17|2to1Mux:inst6                     ; 2to1Mux                        ; work         ;
;       |2to1Mux:inst8|                     ; 5 (5)               ; 0 (0)                     ; 0           ; 0            ; 0       ; 0         ; 0    ; 0            ; |Timer|21Muxes:inst17|2to1Mux:inst8                     ; 2to1Mux                        ; work         ;
;       |2to1Mux:inst9|                     ; 5 (5)               ; 0 (0)                     ; 0           ; 0            ; 0       ; 0         ; 0    ; 0            ; |Timer|21Muxes:inst17|2to1Mux:inst9                     ; 2to1Mux                        ; work         ;
;       |2to1Mux:inst|                      ; 3 (3)               ; 0 (0)                     ; 0           ; 0            ; 0       ; 0         ; 0    ; 0            ; |Timer|21Muxes:inst17|2to1Mux:inst                      ; 2to1Mux                        ; work         ;
;    |2to1Mux:inst8|                        ; 1 (1)               ; 0 (0)                     ; 0           ; 0            ; 0       ; 0         ; 0    ; 0            ; |Timer|2to1Mux:inst8                                    ; 2to1Mux                        ; work         ;
;    |8Muxes:inst22|                        ; 9 (0)               ; 0 (0)                     ; 0           ; 0            ; 0       ; 0         ; 0    ; 0            ; |Timer|8Muxes:inst22                                    ; 8Muxes                         ; work         ;
;       |2to1Mux:inst5|                     ; 2 (2)               ; 0 (0)                     ; 0           ; 0            ; 0       ; 0         ; 0    ; 0            ; |Timer|8Muxes:inst22|2to1Mux:inst5                      ; 2to1Mux                        ; work         ;
;       |2to1Mux:inst7|                     ; 7 (7)               ; 0 (0)                     ; 0           ; 0            ; 0       ; 0         ; 0    ; 0            ; |Timer|8Muxes:inst22|2to1Mux:inst7                      ; 2to1Mux                        ; work         ;
;    |8Muxes:inst3|                         ; 7 (0)               ; 0 (0)                     ; 0           ; 0            ; 0       ; 0         ; 0    ; 0            ; |Timer|8Muxes:inst3                                     ; 8Muxes                         ; work         ;
;       |2to1Mux:inst1|                     ; 2 (2)               ; 0 (0)                     ; 0           ; 0            ; 0       ; 0         ; 0    ; 0            ; |Timer|8Muxes:inst3|2to1Mux:inst1                       ; 2to1Mux                        ; work         ;
;       |2to1Mux:inst2|                     ; 1 (1)               ; 0 (0)                     ; 0           ; 0            ; 0       ; 0         ; 0    ; 0            ; |Timer|8Muxes:inst3|2to1Mux:inst2                       ; 2to1Mux                        ; work         ;
;       |2to1Mux:inst3|                     ; 1 (1)               ; 0 (0)                     ; 0           ; 0            ; 0       ; 0         ; 0    ; 0            ; |Timer|8Muxes:inst3|2to1Mux:inst3                       ; 2to1Mux                        ; work         ;
;       |2to1Mux:inst4|                     ; 1 (1)               ; 0 (0)                     ; 0           ; 0            ; 0       ; 0         ; 0    ; 0            ; |Timer|8Muxes:inst3|2to1Mux:inst4                       ; 2to1Mux                        ; work         ;
;       |2to1Mux:inst6|                     ; 1 (1)               ; 0 (0)                     ; 0           ; 0            ; 0       ; 0         ; 0    ; 0            ; |Timer|8Muxes:inst3|2to1Mux:inst6                       ; 2to1Mux                        ; work         ;
;       |2to1Mux:inst|                      ; 1 (1)               ; 0 (0)                     ; 0           ; 0            ; 0       ; 0         ; 0    ; 0            ; |Timer|8Muxes:inst3|2to1Mux:inst                        ; 2to1Mux                        ; work         ;
;    |8_Bit_Adder:inst1|                    ; 5 (0)               ; 0 (0)                     ; 0           ; 0            ; 0       ; 0         ; 0    ; 0            ; |Timer|8_Bit_Adder:inst1                                ; 8_Bit_Adder                    ; work         ;
;       |FA:inst2|                          ; 1 (1)               ; 0 (0)                     ; 0           ; 0            ; 0       ; 0         ; 0    ; 0            ; |Timer|8_Bit_Adder:inst1|FA:inst2                       ; FA                             ; work         ;
;       |FA:inst4|                          ; 1 (1)               ; 0 (0)                     ; 0           ; 0            ; 0       ; 0         ; 0    ; 0            ; |Timer|8_Bit_Adder:inst1|FA:inst4                       ; FA                             ; work         ;
;       |FA:inst7|                          ; 1 (1)               ; 0 (0)                     ; 0           ; 0            ; 0       ; 0         ; 0    ; 0            ; |Timer|8_Bit_Adder:inst1|FA:inst7                       ; FA                             ; work         ;
;       |FA:inst8|                          ; 2 (2)               ; 0 (0)                     ; 0           ; 0            ; 0       ; 0         ; 0    ; 0            ; |Timer|8_Bit_Adder:inst1|FA:inst8                       ; FA                             ; work         ;
;    |8_Bit_Parallel_Access_Register:inst5| ; 6 (6)               ; 8 (8)                     ; 0           ; 0            ; 0       ; 0         ; 0    ; 0            ; |Timer|8_Bit_Parallel_Access_Register:inst5             ; 8_Bit_Parallel_Access_Register ; work         ;
;    |B_to_D:inst|                          ; 70 (0)              ; 0 (0)                     ; 0           ; 0            ; 0       ; 0         ; 0    ; 0            ; |Timer|B_to_D:inst                                      ; B_to_D                         ; work         ;
;       |B_to_D_HundredsPlace:inst|         ; 2 (2)               ; 0 (0)                     ; 0           ; 0            ; 0       ; 0         ; 0    ; 0            ; |Timer|B_to_D:inst|B_to_D_HundredsPlace:inst            ; B_to_D_HundredsPlace           ; work         ;
;       |B_to_D_OnesPlace:inst2|            ; 53 (53)             ; 0 (0)                     ; 0           ; 0            ; 0       ; 0         ; 0    ; 0            ; |Timer|B_to_D:inst|B_to_D_OnesPlace:inst2               ; B_to_D_OnesPlace               ; work         ;
;       |B_to_D_TensPlace:inst3|            ; 15 (15)             ; 0 (0)                     ; 0           ; 0            ; 0       ; 0         ; 0    ; 0            ; |Timer|B_to_D:inst|B_to_D_TensPlace:inst3               ; B_to_D_TensPlace               ; work         ;
;    |Converter_50mHz_To_1Hz:inst14|        ; 55 (55)             ; 33 (33)                   ; 0           ; 0            ; 0       ; 0         ; 0    ; 0            ; |Timer|Converter_50mHz_To_1Hz:inst14                    ; Converter_50mHz_To_1Hz         ; work         ;
;    |Debouncer:inst10|                     ; 21 (0)              ; 19 (1)                    ; 0           ; 0            ; 0       ; 0         ; 0    ; 0            ; |Timer|Debouncer:inst10                                 ; Debouncer                      ; work         ;
;       |clock_divider_1024:inst1|          ; 13 (13)             ; 10 (10)                   ; 0           ; 0            ; 0       ; 0         ; 0    ; 0            ; |Timer|Debouncer:inst10|clock_divider_1024:inst1        ; clock_divider_1024             ; work         ;
;       |clock_divider_1024:inst|           ; 8 (8)               ; 8 (8)                     ; 0           ; 0            ; 0       ; 0         ; 0    ; 0            ; |Timer|Debouncer:inst10|clock_divider_1024:inst         ; clock_divider_1024             ; work         ;
;    |Debouncer:inst15|                     ; 18 (0)              ; 13 (1)                    ; 0           ; 0            ; 0       ; 0         ; 0    ; 0            ; |Timer|Debouncer:inst15                                 ; Debouncer                      ; work         ;
;       |clock_divider_1024:inst1|          ; 13 (13)             ; 10 (10)                   ; 0           ; 0            ; 0       ; 0         ; 0    ; 0            ; |Timer|Debouncer:inst15|clock_divider_1024:inst1        ; clock_divider_1024             ; work         ;
;       |clock_divider_1024:inst|           ; 5 (5)               ; 2 (2)                     ; 0           ; 0            ; 0       ; 0         ; 0    ; 0            ; |Timer|Debouncer:inst15|clock_divider_1024:inst         ; clock_divider_1024             ; work         ;
;    |Debouncer:inst16|                     ; 14 (0)              ; 12 (1)                    ; 0           ; 0            ; 0       ; 0         ; 0    ; 0            ; |Timer|Debouncer:inst16                                 ; Debouncer                      ; work         ;
;       |clock_divider_1024:inst1|          ; 13 (13)             ; 10 (10)                   ; 0           ; 0            ; 0       ; 0         ; 0    ; 0            ; |Timer|Debouncer:inst16|clock_divider_1024:inst1        ; clock_divider_1024             ; work         ;
;       |clock_divider_1024:inst|           ; 1 (1)               ; 1 (1)                     ; 0           ; 0            ; 0       ; 0         ; 0    ; 0            ; |Timer|Debouncer:inst16|clock_divider_1024:inst         ; clock_divider_1024             ; work         ;
;    |Debouncer:inst25|                     ; 14 (0)              ; 12 (1)                    ; 0           ; 0            ; 0       ; 0         ; 0    ; 0            ; |Timer|Debouncer:inst25                                 ; Debouncer                      ; work         ;
;       |clock_divider_1024:inst1|          ; 13 (13)             ; 10 (10)                   ; 0           ; 0            ; 0       ; 0         ; 0    ; 0            ; |Timer|Debouncer:inst25|clock_divider_1024:inst1        ; clock_divider_1024             ; work         ;
;       |clock_divider_1024:inst|           ; 1 (1)               ; 1 (1)                     ; 0           ; 0            ; 0       ; 0         ; 0    ; 0            ; |Timer|Debouncer:inst25|clock_divider_1024:inst         ; clock_divider_1024             ; work         ;
;    |Decrementer_NR:inst23|                ; 15 (3)              ; 0 (0)                     ; 0           ; 0            ; 0       ; 0         ; 0    ; 0            ; |Timer|Decrementer_NR:inst23                            ; Decrementer_NR                 ; work         ;
;       |8Muxes:inst4|                      ; 6 (0)               ; 0 (0)                     ; 0           ; 0            ; 0       ; 0         ; 0    ; 0            ; |Timer|Decrementer_NR:inst23|8Muxes:inst4               ; 8Muxes                         ; work         ;
;          |2to1Mux:inst1|                  ; 1 (1)               ; 0 (0)                     ; 0           ; 0            ; 0       ; 0         ; 0    ; 0            ; |Timer|Decrementer_NR:inst23|8Muxes:inst4|2to1Mux:inst1 ; 2to1Mux                        ; work         ;
;          |2to1Mux:inst2|                  ; 1 (1)               ; 0 (0)                     ; 0           ; 0            ; 0       ; 0         ; 0    ; 0            ; |Timer|Decrementer_NR:inst23|8Muxes:inst4|2to1Mux:inst2 ; 2to1Mux                        ; work         ;
;          |2to1Mux:inst3|                  ; 1 (1)               ; 0 (0)                     ; 0           ; 0            ; 0       ; 0         ; 0    ; 0            ; |Timer|Decrementer_NR:inst23|8Muxes:inst4|2to1Mux:inst3 ; 2to1Mux                        ; work         ;
;          |2to1Mux:inst4|                  ; 1 (1)               ; 0 (0)                     ; 0           ; 0            ; 0       ; 0         ; 0    ; 0            ; |Timer|Decrementer_NR:inst23|8Muxes:inst4|2to1Mux:inst4 ; 2to1Mux                        ; work         ;
;          |2to1Mux:inst6|                  ; 1 (1)               ; 0 (0)                     ; 0           ; 0            ; 0       ; 0         ; 0    ; 0            ; |Timer|Decrementer_NR:inst23|8Muxes:inst4|2to1Mux:inst6 ; 2to1Mux                        ; work         ;
;          |2to1Mux:inst|                   ; 1 (1)               ; 0 (0)                     ; 0           ; 0            ; 0       ; 0         ; 0    ; 0            ; |Timer|Decrementer_NR:inst23|8Muxes:inst4|2to1Mux:inst  ; 2to1Mux                        ; work         ;
;       |Decrementer:inst|                  ; 6 (0)               ; 0 (0)                     ; 0           ; 0            ; 0       ; 0         ; 0    ; 0            ; |Timer|Decrementer_NR:inst23|Decrementer:inst           ; Decrementer                    ; work         ;
;          |FA:inst2|                       ; 2 (2)               ; 0 (0)                     ; 0           ; 0            ; 0       ; 0         ; 0    ; 0            ; |Timer|Decrementer_NR:inst23|Decrementer:inst|FA:inst2  ; FA                             ; work         ;
;          |FA:inst6|                       ; 2 (2)               ; 0 (0)                     ; 0           ; 0            ; 0       ; 0         ; 0    ; 0            ; |Timer|Decrementer_NR:inst23|Decrementer:inst|FA:inst6  ; FA                             ; work         ;
;          |FA:inst7|                       ; 1 (1)               ; 0 (0)                     ; 0           ; 0            ; 0       ; 0         ; 0    ; 0            ; |Timer|Decrementer_NR:inst23|Decrementer:inst|FA:inst7  ; FA                             ; work         ;
;          |FA:inst8|                       ; 1 (1)               ; 0 (0)                     ; 0           ; 0            ; 0       ; 0         ; 0    ; 0            ; |Timer|Decrementer_NR:inst23|Decrementer:inst|FA:inst8  ; FA                             ; work         ;
;    |StateMachine:inst28|                  ; 7 (7)               ; 2 (2)                     ; 0           ; 0            ; 0       ; 0         ; 0    ; 0            ; |Timer|StateMachine:inst28                              ; StateMachine                   ; work         ;
+-------------------------------------------+---------------------+---------------------------+-------------+--------------+---------+-----------+------+--------------+---------------------------------------------------------+--------------------------------+--------------+
Note: For table entries with two numbers listed, the numbers in parentheses indicate the number of resources of the given type used by the specific entity alone. The numbers listed outside of parentheses indicate the total resources of the given type used by the specific entity and all of its sub-entities in the hierarchy.


+-------------------------------------------------------------------------------------------------------------+
; Registers Removed During Synthesis                                                                          ;
+------------------------------------------------+------------------------------------------------------------+
; Register name                                  ; Reason for Removal                                         ;
+------------------------------------------------+------------------------------------------------------------+
; 8_Bit_Parallel_Access_Register:inst6|dff0      ; Stuck at GND due to stuck port data_in                     ;
; 8_Bit_Parallel_Access_Register:inst6|dff1      ; Stuck at GND due to stuck port data_in                     ;
; 8_Bit_Parallel_Access_Register:inst6|inst8     ; Stuck at GND due to stuck port data_in                     ;
; 8_Bit_Parallel_Access_Register:inst6|inst9     ; Stuck at VCC due to stuck port data_in                     ;
; 8_Bit_Parallel_Access_Register:inst6|inst13    ; Stuck at VCC due to stuck port data_in                     ;
; 8_Bit_Parallel_Access_Register:inst6|inst15    ; Stuck at VCC due to stuck port data_in                     ;
; 8_Bit_Parallel_Access_Register:inst6|inst17    ; Stuck at VCC due to stuck port data_in                     ;
; 8_Bit_Parallel_Access_Register:inst6|inst19    ; Stuck at GND due to stuck port data_in                     ;
; Debouncer:inst10|clock_divider_1024:inst|inst1 ; Merged with Debouncer:inst15|clock_divider_1024:inst|inst1 ;
; Debouncer:inst25|clock_divider_1024:inst|inst1 ; Merged with Debouncer:inst15|clock_divider_1024:inst|inst1 ;
; Debouncer:inst16|clock_divider_1024:inst|inst1 ; Merged with Debouncer:inst15|clock_divider_1024:inst|inst1 ;
; Debouncer:inst25|clock_divider_1024:inst|inst2 ; Merged with Debouncer:inst15|clock_divider_1024:inst|inst2 ;
; Debouncer:inst16|clock_divider_1024:inst|inst2 ; Merged with Debouncer:inst15|clock_divider_1024:inst|inst2 ;
; Debouncer:inst10|clock_divider_1024:inst|inst2 ; Merged with Debouncer:inst15|clock_divider_1024:inst|inst2 ;
; Debouncer:inst15|clock_divider_1024:inst|inst3 ; Merged with Debouncer:inst10|clock_divider_1024:inst|inst3 ;
; Debouncer:inst16|clock_divider_1024:inst|inst3 ; Merged with Debouncer:inst10|clock_divider_1024:inst|inst3 ;
; Debouncer:inst25|clock_divider_1024:inst|inst3 ; Merged with Debouncer:inst10|clock_divider_1024:inst|inst3 ;
; Debouncer:inst15|clock_divider_1024:inst|inst4 ; Merged with Debouncer:inst10|clock_divider_1024:inst|inst4 ;
; Debouncer:inst16|clock_divider_1024:inst|inst4 ; Merged with Debouncer:inst10|clock_divider_1024:inst|inst4 ;
; Debouncer:inst25|clock_divider_1024:inst|inst4 ; Merged with Debouncer:inst10|clock_divider_1024:inst|inst4 ;
; Debouncer:inst15|clock_divider_1024:inst|inst5 ; Merged with Debouncer:inst10|clock_divider_1024:inst|inst5 ;
; Debouncer:inst16|clock_divider_1024:inst|inst5 ; Merged with Debouncer:inst10|clock_divider_1024:inst|inst5 ;
; Debouncer:inst25|clock_divider_1024:inst|inst5 ; Merged with Debouncer:inst10|clock_divider_1024:inst|inst5 ;
; Debouncer:inst15|clock_divider_1024:inst|inst6 ; Merged with Debouncer:inst10|clock_divider_1024:inst|inst6 ;
; Debouncer:inst16|clock_divider_1024:inst|inst6 ; Merged with Debouncer:inst10|clock_divider_1024:inst|inst6 ;
; Debouncer:inst25|clock_divider_1024:inst|inst6 ; Merged with Debouncer:inst10|clock_divider_1024:inst|inst6 ;
; Debouncer:inst15|clock_divider_1024:inst|inst7 ; Merged with Debouncer:inst10|clock_divider_1024:inst|inst7 ;
; Debouncer:inst16|clock_divider_1024:inst|inst7 ; Merged with Debouncer:inst10|clock_divider_1024:inst|inst7 ;
; Debouncer:inst25|clock_divider_1024:inst|inst7 ; Merged with Debouncer:inst10|clock_divider_1024:inst|inst7 ;
; Debouncer:inst15|clock_divider_1024:inst|inst8 ; Merged with Debouncer:inst10|clock_divider_1024:inst|inst8 ;
; Debouncer:inst16|clock_divider_1024:inst|inst8 ; Merged with Debouncer:inst10|clock_divider_1024:inst|inst8 ;
; Debouncer:inst25|clock_divider_1024:inst|inst8 ; Merged with Debouncer:inst10|clock_divider_1024:inst|inst8 ;
; Debouncer:inst15|clock_divider_1024:inst|inst9 ; Merged with Debouncer:inst10|clock_divider_1024:inst|inst9 ;
; Debouncer:inst16|clock_divider_1024:inst|inst9 ; Merged with Debouncer:inst10|clock_divider_1024:inst|inst9 ;
; Debouncer:inst25|clock_divider_1024:inst|inst9 ; Merged with Debouncer:inst10|clock_divider_1024:inst|inst9 ;
; Debouncer:inst15|clock_divider_1024:inst|inst1 ; Merged with Converter_50mHz_To_1Hz:inst14|counter_value[0] ;
; Total Number of Removed Registers = 36         ;                                                            ;
+------------------------------------------------+------------------------------------------------------------+


+------------------------------------------------------+
; General Register Statistics                          ;
+----------------------------------------------+-------+
; Statistic                                    ; Value ;
+----------------------------------------------+-------+
; Total registers                              ; 99    ;
; Number of registers using Synchronous Clear  ; 0     ;
; Number of registers using Synchronous Load   ; 6     ;
; Number of registers using Asynchronous Clear ; 8     ;
; Number of registers using Asynchronous Load  ; 0     ;
; Number of registers using Clock Enable       ; 3     ;
; Number of registers using Preset             ; 0     ;
+----------------------------------------------+-------+


+----------------------------------------------------------------------------------------------------------------------------------------------------------------+
; Multiplexer Restructuring Statistics (Restructuring Performed)                                                                                                 ;
+--------------------+-----------+---------------+----------------------+------------------------+------------+--------------------------------------------------+
; Multiplexer Inputs ; Bus Width ; Baseline Area ; Area if Restructured ; Saving if Restructured ; Registered ; Example Multiplexer Output                       ;
+--------------------+-----------+---------------+----------------------+------------------------+------------+--------------------------------------------------+
; 3:1                ; 7 bits    ; 14 LEs        ; 14 LEs               ; 0 LEs                  ; Yes        ; |Timer|8_Bit_Parallel_Access_Register:inst5|dff1 ;
+--------------------+-----------+---------------+----------------------+------------------------+------------+--------------------------------------------------+


+-----------------------------------------------------+
; Post-Synthesis Netlist Statistics for Top Partition ;
+-----------------------+-----------------------------+
; Type                  ; Count                       ;
+-----------------------+-----------------------------+
; boundary_port         ; 42                          ;
; cycloneiii_ff         ; 99                          ;
;     CLR               ; 2                           ;
;     CLR SLD           ; 6                           ;
;     ENA               ; 3                           ;
;     plain             ; 88                          ;
; cycloneiii_lcell_comb ; 312                         ;
;     arith             ; 31                          ;
;         2 data inputs ; 31                          ;
;     normal            ; 281                         ;
;         1 data inputs ; 9                           ;
;         2 data inputs ; 22                          ;
;         3 data inputs ; 59                          ;
;         4 data inputs ; 191                         ;
;                       ;                             ;
; Max LUT depth         ; 6.00                        ;
; Average LUT depth     ; 3.32                        ;
+-----------------------+-----------------------------+


+-------------------------------+
; Elapsed Time Per Partition    ;
+----------------+--------------+
; Partition Name ; Elapsed Time ;
+----------------+--------------+
; Top            ; 00:00:01     ;
+----------------+--------------+


+-------------------------------+
; Analysis & Synthesis Messages ;
+-------------------------------+
Info: *******************************************************************
Info: Running Quartus Prime Analysis & Synthesis
    Info: Version 21.1.1 Build 850 06/23/2022 SJ Standard Edition
    Info: Processing started: Thu Dec  8 08:14:14 2022
Info: Command: quartus_map --read_settings_files=on --write_settings_files=off Timer -c Timer
Warning (18236): Number of processors has not been specified which may cause overloading on shared machines.  Set the global assignment NUM_PARALLEL_PROCESSORS in your QSF to an appropriate value for best performance.
Info (20030): Parallel compilation is enabled and will use 8 of the 8 processors detected
Info (12021): Found 1 design units, including 1 entities, in source file timer.bdf
    Info (12023): Found entity 1: Timer
Info (12127): Elaborating entity "Timer" for the top level hierarchy
Warning (275002): No superset bus at connection
Warning (12125): Using design file 8_bit_parallel_access_register.bdf, which is not specified as a design file for the current project, but contains definitions for 1 design units and 1 entities in project
    Info (12023): Found entity 1: 8_Bit_Parallel_Access_Register
Info (12128): Elaborating entity "8_Bit_Parallel_Access_Register" for hierarchy "8_Bit_Parallel_Access_Register:inst5"
Warning (12125): Using design file 2to1mux.bdf, which is not specified as a design file for the current project, but contains definitions for 1 design units and 1 entities in project
    Info (12023): Found entity 1: 2to1Mux
Info (12128): Elaborating entity "2to1Mux" for hierarchy "8_Bit_Parallel_Access_Register:inst5|2to1Mux:mux0"
Warning (12125): Using design file converter_50mhz_to_1hz.v, which is not specified as a design file for the current project, but contains definitions for 1 design units and 1 entities in project
    Info (12023): Found entity 1: Converter_50mHz_To_1Hz File: U:/CPRE281/Final Project/Timer/converter_50mhz_to_1hz.v Line: 1
Info (12128): Elaborating entity "Converter_50mHz_To_1Hz" for hierarchy "Converter_50mHz_To_1Hz:inst14"
Warning (12125): Using design file statemachine.bdf, which is not specified as a design file for the current project, but contains definitions for 1 design units and 1 entities in project
    Info (12023): Found entity 1: StateMachine
Info (12128): Elaborating entity "StateMachine" for hierarchy "StateMachine:inst28"
Warning (12125): Using design file debouncer.bdf, which is not specified as a design file for the current project, but contains definitions for 1 design units and 1 entities in project
    Info (12023): Found entity 1: Debouncer
Info (12128): Elaborating entity "Debouncer" for hierarchy "Debouncer:inst25"
Warning (12125): Using design file clock_divider_1024.bdf, which is not specified as a design file for the current project, but contains definitions for 1 design units and 1 entities in project
    Info (12023): Found entity 1: clock_divider_1024
Info (12128): Elaborating entity "clock_divider_1024" for hierarchy "Debouncer:inst25|clock_divider_1024:inst1"
Warning (12125): Using design file 8muxes.bdf, which is not specified as a design file for the current project, but contains definitions for 1 design units and 1 entities in project
    Info (12023): Found entity 1: 8Muxes
Info (12128): Elaborating entity "8Muxes" for hierarchy "8Muxes:inst22"
Warning (12125): Using design file decrementer_nr.bdf, which is not specified as a design file for the current project, but contains definitions for 1 design units and 1 entities in project
    Info (12023): Found entity 1: Decrementer_NR
Info (12128): Elaborating entity "Decrementer_NR" for hierarchy "Decrementer_NR:inst23"
Warning (12125): Using design file decrementer.bdf, which is not specified as a design file for the current project, but contains definitions for 1 design units and 1 entities in project
    Info (12023): Found entity 1: Decrementer
Info (12128): Elaborating entity "Decrementer" for hierarchy "Decrementer_NR:inst23|Decrementer:inst"
Warning (12125): Using design file fa.v, which is not specified as a design file for the current project, but contains definitions for 1 design units and 1 entities in project
    Info (12023): Found entity 1: FA File: U:/CPRE281/Final Project/Timer/fa.v Line: 1
Info (12128): Elaborating entity "FA" for hierarchy "Decrementer_NR:inst23|Decrementer:inst|FA:inst"
Warning (12125): Using design file 8_bit_adder.bdf, which is not specified as a design file for the current project, but contains definitions for 1 design units and 1 entities in project
    Info (12023): Found entity 1: 8_Bit_Adder
Info (12128): Elaborating entity "8_Bit_Adder" for hierarchy "8_Bit_Adder:inst1"
Warning (12125): Using design file 21muxes.bdf, which is not specified as a design file for the current project, but contains definitions for 1 design units and 1 entities in project
    Info (12023): Found entity 1: 21Muxes
Info (12128): Elaborating entity "21Muxes" for hierarchy "21Muxes:inst17"
Warning (275011): Block or symbol "2to1Mux" of instance "inst3" overlaps another block or symbol
Warning (12125): Using design file b_to_d.bdf, which is not specified as a design file for the current project, but contains definitions for 1 design units and 1 entities in project
    Info (12023): Found entity 1: B_to_D
Info (12128): Elaborating entity "B_to_D" for hierarchy "B_to_D:inst"
Warning (12125): Using design file b_to_d_hundredsplace.v, which is not specified as a design file for the current project, but contains definitions for 1 design units and 1 entities in project
    Info (12023): Found entity 1: B_to_D_HundredsPlace File: U:/CPRE281/Final Project/Timer/b_to_d_hundredsplace.v Line: 1
Info (12128): Elaborating entity "B_to_D_HundredsPlace" for hierarchy "B_to_D:inst|B_to_D_HundredsPlace:inst"
Warning (12125): Using design file b_to_d_tensplace.v, which is not specified as a design file for the current project, but contains definitions for 1 design units and 1 entities in project
    Info (12023): Found entity 1: B_to_D_TensPlace File: U:/CPRE281/Final Project/Timer/b_to_d_tensplace.v Line: 1
Info (12128): Elaborating entity "B_to_D_TensPlace" for hierarchy "B_to_D:inst|B_to_D_TensPlace:inst3"
Warning (12125): Using design file b_to_d_onesplace.v, which is not specified as a design file for the current project, but contains definitions for 1 design units and 1 entities in project
    Info (12023): Found entity 1: B_to_D_OnesPlace File: U:/CPRE281/Final Project/Timer/b_to_d_onesplace.v Line: 1
Info (12128): Elaborating entity "B_to_D_OnesPlace" for hierarchy "B_to_D:inst|B_to_D_OnesPlace:inst2"
Info (276014): Found 21 instances of uninferred RAM logic
    Info (276004): RAM logic "B_to_D:inst|B_to_D_HundredsPlace:inst|Ram0" is uninferred due to inappropriate RAM size File: U:/CPRE281/Final Project/Timer/b_to_d_hundredsplace.v Line: 9
    Info (276004): RAM logic "B_to_D:inst|B_to_D_HundredsPlace:inst|Ram1" is uninferred due to inappropriate RAM size File: U:/CPRE281/Final Project/Timer/b_to_d_hundredsplace.v Line: 9
    Info (276004): RAM logic "B_to_D:inst|B_to_D_HundredsPlace:inst|Ram2" is uninferred due to inappropriate RAM size File: U:/CPRE281/Final Project/Timer/b_to_d_hundredsplace.v Line: 9
    Info (276004): RAM logic "B_to_D:inst|B_to_D_HundredsPlace:inst|Ram3" is uninferred due to inappropriate RAM size File: U:/CPRE281/Final Project/Timer/b_to_d_hundredsplace.v Line: 9
    Info (276004): RAM logic "B_to_D:inst|B_to_D_HundredsPlace:inst|Ram4" is uninferred due to inappropriate RAM size File: U:/CPRE281/Final Project/Timer/b_to_d_hundredsplace.v Line: 9
    Info (276004): RAM logic "B_to_D:inst|B_to_D_HundredsPlace:inst|Ram5" is uninferred due to inappropriate RAM size File: U:/CPRE281/Final Project/Timer/b_to_d_hundredsplace.v Line: 9
    Info (276004): RAM logic "B_to_D:inst|B_to_D_HundredsPlace:inst|Ram6" is uninferred due to inappropriate RAM size File: U:/CPRE281/Final Project/Timer/b_to_d_hundredsplace.v Line: 9
    Info (276004): RAM logic "B_to_D:inst|B_to_D_TensPlace:inst3|Ram0" is uninferred due to inappropriate RAM size File: U:/CPRE281/Final Project/Timer/b_to_d_tensplace.v Line: 9
    Info (276004): RAM logic "B_to_D:inst|B_to_D_TensPlace:inst3|Ram1" is uninferred due to inappropriate RAM size File: U:/CPRE281/Final Project/Timer/b_to_d_tensplace.v Line: 9
    Info (276004): RAM logic "B_to_D:inst|B_to_D_TensPlace:inst3|Ram2" is uninferred due to inappropriate RAM size File: U:/CPRE281/Final Project/Timer/b_to_d_tensplace.v Line: 9
    Info (276004): RAM logic "B_to_D:inst|B_to_D_TensPlace:inst3|Ram3" is uninferred due to inappropriate RAM size File: U:/CPRE281/Final Project/Timer/b_to_d_tensplace.v Line: 9
    Info (276004): RAM logic "B_to_D:inst|B_to_D_TensPlace:inst3|Ram4" is uninferred due to inappropriate RAM size File: U:/CPRE281/Final Project/Timer/b_to_d_tensplace.v Line: 9
    Info (276004): RAM logic "B_to_D:inst|B_to_D_TensPlace:inst3|Ram5" is uninferred due to inappropriate RAM size File: U:/CPRE281/Final Project/Timer/b_to_d_tensplace.v Line: 9
    Info (276004): RAM logic "B_to_D:inst|B_to_D_TensPlace:inst3|Ram6" is uninferred due to inappropriate RAM size File: U:/CPRE281/Final Project/Timer/b_to_d_tensplace.v Line: 9
    Info (276004): RAM logic "B_to_D:inst|B_to_D_OnesPlace:inst2|Ram0" is uninferred due to inappropriate RAM size File: U:/CPRE281/Final Project/Timer/b_to_d_onesplace.v Line: 9
    Info (276004): RAM logic "B_to_D:inst|B_to_D_OnesPlace:inst2|Ram1" is uninferred due to inappropriate RAM size File: U:/CPRE281/Final Project/Timer/b_to_d_onesplace.v Line: 9
    Info (276004): RAM logic "B_to_D:inst|B_to_D_OnesPlace:inst2|Ram2" is uninferred due to inappropriate RAM size File: U:/CPRE281/Final Project/Timer/b_to_d_onesplace.v Line: 9
    Info (276004): RAM logic "B_to_D:inst|B_to_D_OnesPlace:inst2|Ram3" is uninferred due to inappropriate RAM size File: U:/CPRE281/Final Project/Timer/b_to_d_onesplace.v Line: 9
    Info (276004): RAM logic "B_to_D:inst|B_to_D_OnesPlace:inst2|Ram4" is uninferred due to inappropriate RAM size File: U:/CPRE281/Final Project/Timer/b_to_d_onesplace.v Line: 9
    Info (276004): RAM logic "B_to_D:inst|B_to_D_OnesPlace:inst2|Ram5" is uninferred due to inappropriate RAM size File: U:/CPRE281/Final Project/Timer/b_to_d_onesplace.v Line: 9
    Info (276004): RAM logic "B_to_D:inst|B_to_D_OnesPlace:inst2|Ram6" is uninferred due to inappropriate RAM size File: U:/CPRE281/Final Project/Timer/b_to_d_onesplace.v Line: 9
Info (286030): Timing-Driven Synthesis is running
Info (16010): Generating hard_block partition "hard_block:auto_generated_inst"
    Info (16011): Adding 0 node(s), including 0 DDIO, 0 PLL, 0 transceiver and 0 LCELL
Info (21057): Implemented 357 device resources after synthesis - the final resource count might be different
    Info (21058): Implemented 13 input pins
    Info (21059): Implemented 29 output pins
    Info (21061): Implemented 315 logic cells
Info: Quartus Prime Analysis & Synthesis was successful. 0 errors, 19 warnings
    Info: Peak virtual memory: 4822 megabytes
    Info: Processing ended: Thu Dec  8 08:14:37 2022
    Info: Elapsed time: 00:00:23
    Info: Total CPU time (on all processors): 00:00:23


