******************************************************************************
                  TI ARM Linker PC v20.2.6                     
******************************************************************************
>> Linked Fri Mar 24 17:05:14 2023

OUTPUT FILE NAME:   <Lab 7.out>
ENTRY POINT SYMBOL: "_c_int00_noargs"  address: 00004801


MEMORY CONFIGURATION

         name            origin    length      used     unused   attr    fill
----------------------  --------  ---------  --------  --------  ----  --------
  FLASH                 00000000   00040000  00004bac  0003b454  R  X
  SRAM                  20000000   00008000  0000232e  00005cd2  RW X


SEGMENT ALLOCATION MAP

run origin  load origin   length   init length attrs members
----------  ----------- ---------- ----------- ----- -------
00000000    00000000    00004bb0   00004bb0    r-x
  00000000    00000000    0000026c   0000026c    r-- .intvecs
  0000026c    0000026c    000047d8   000047d8    r-x .text
  00004a44    00004a44    00000118   00000118    r-- .const
  00004b60    00004b60    00000050   00000050    r-- .cinit
20000000    20000000    00002335   00000000    rw-
  20000000    20000000    0000026c   00000000    rw- .vtable
  20000270    20000270    00001000   00000000    rw- .stack
  20001270    20001270    00001000   00000000    rw- .sysmem
  20002270    20002270    00000089   00000000    rw- .bss
  200022fc    200022fc    00000039   00000000    rw- .data


SECTION ALLOCATION MAP

 output                                  attributes/
section   page    origin      length       input sections
--------  ----  ----------  ----------   ----------------
.intvecs   0    00000000    0000026c     
                  00000000    0000026c     tm4c123gh6pm_startup_ccs.obj (.intvecs)

.text      0    0000026c    000047d8     
                  0000026c    00000c20     open_interface.obj (.text)
                  00000e8c    00000a4e     rtsv7M4_T_le_v4SPD16_eabi.lib : _printfi.c.obj (.text:__TI_printfi)
                  000018da    00000002                                   : _lock.c.obj (.text:_nop)
                  000018dc    000008c4     checkpoints.obj (.text)
                  000021a0    00000328     lcd.obj (.text)
                  000024c8    000002f0     movement.obj (.text)
                  000027b8    00000270     rtsv7M4_T_le_v4SPD16_eabi.lib : _printfi.c.obj (.text:_pconv_a)
                  00002a28    00000260     libcybotScan.lib : cyBot_Scan.obj (.text)
                  00002c88    00000248     Timer.obj (.text)
                  00002ed0    000001ec     libcybotScan.lib : ping.obj (.text)
                  000030bc    000001d0     rtsv7M4_T_le_v4SPD16_eabi.lib : _printfi.c.obj (.text:_pconv_g)
                  0000328c    000001b6                                   : fd_add_t2.asm.obj (.text)
                  00003442    00000002                                   : div0.asm.obj (.text)
                  00003444    00000158     libcybotScan.lib : servo.obj (.text)
                  0000359c    0000013c     rtsv7M4_T_le_v4SPD16_eabi.lib : _printfi.c.obj (.text:_pconv_e)
                  000036d8    00000136                                   : fd_div_t2.asm.obj (.text)
                  0000380e    00000002     --HOLE-- [fill = 0]
                  00003810    00000124                                   : _printfi.c.obj (.text:fcvt)
                  00003934    00000118     libcybotScan.lib : ir.obj (.text)
                  00003a4c    00000110     rtsv7M4_T_le_v4SPD16_eabi.lib : s_scalbn.c.obj (.text:scalbn)
                  00003b5c    00000108     uart.obj (.text)
                  00003c64    00000100     rtsv7M4_T_le_v4SPD16_eabi.lib : memory.c.obj (.text:aligned_alloc)
                  00003d64    000000fc                                   : fd_mul_t2.asm.obj (.text)
                  00003e60    000000e4                                   : memory.c.obj (.text:free)
                  00003f44    000000b1                                   : _printfi.c.obj (.text:_ltostr)
                  00003ff5    00000001     --HOLE-- [fill = 0]
                  00003ff6    0000009c                                   : memcpy_t2.asm.obj (.text)
                  00004092    00000096                                   : ull_div_t2.asm.obj (.text)
                  00004128    00000086                                   : fd_cmp_t2.asm.obj (.text:__aeabi_cdcmple)
                  000041ae    00000086                                   : fd_cmp_t2.asm.obj (.text:__aeabi_cdrcmple)
                  00004234    0000007a                                   : memset_t2.asm.obj (.text)
                  000042ae    00000002     --HOLE-- [fill = 0]
                  000042b0    00000070                                   : memory.c.obj (.text:split)
                  00004320    0000006e                                   : _printfi.c.obj (.text:_mcpy)
                  0000438e    0000006e                                   : fd_tos_t2.asm.obj (.text)
                  000043fc    00000068                                   : copy_decompress_lzss.c.obj (.text:decompress:lzss:__TI_decompress_lzss)
                  00004464    00000064                                   : s_frexp.c.obj (.text:frexp)
                  000044c8    00000056                                   : _printfi.c.obj (.text:_pconv_f)
                  0000451e    00000054                                   : _ltoa.c.obj (.text:__TI_ltoa)
                  00004572    00000052                                   : _printfi.c.obj (.text:_ecpy)
                  000045c4    0000004c                                   : atoi.c.obj (.text:atoi)
                  00004610    00000048                                   : fd_toi_t2.asm.obj (.text)
                  00004658    00000044                                   : autoinit.c.obj (.text:__TI_auto_init_nobinit_nopinit:__TI_auto_init_nobinit_nopinit)
                  0000469c    00000040                                   : sprintf.c.obj (.text:sprintf)
                  000046dc    00000040                                   : vsnprintf.c.obj (.text:vsnprintf)
                  0000471c    0000003e                                   : _printfi.c.obj (.text:_fcpy)
                  0000475a    00000002     --HOLE-- [fill = 0]
                  0000475c    00000038                                   : memory.c.obj (.text:calloc)
                  00004794    00000038                                   : fs_tod_t2.asm.obj (.text)
                  000047cc    00000034     driverlib.lib : interrupt.obj (.text:IntRegister)
                  00004800    00000034     rtsv7M4_T_le_v4SPD16_eabi.lib : boot_cortex_m.c.obj (.text:_c_int00_noargs:_c_int00_noargs)
                  00004834    00000030                                   : vsnprintf.c.obj (.text:_outs)
                  00004864    0000002e                                   : i_tofd_t2.asm.obj (.text)
                  00004892    00000002     --HOLE-- [fill = 0]
                  00004894    00000028                                   : memory.c.obj (.text:free_list_insert)
                  000048bc    0000001c                                   : copy_zero_init.c.obj (.text:decompress:ZI:__TI_zero_init_nomemset:__TI_zero_init_nomemset)
                  000048d8    0000001c                                   : memory.c.obj (.text:free_list_remove)
                  000048f4    0000001c                                   : memccpy.c.obj (.text:memccpy)
                  00004910    0000001a                                   : s_copysign.c.obj (.text:copysign)
                  0000492a    00000018                                   : vsnprintf.c.obj (.text:_outc)
                  00004942    00000018                                   : sprintf.c.obj (.text:_outs)
                  0000495a    00000018     open_interface.obj (.text:oi_parseInt)
                  00004972    00000018     rtsv7M4_T_le_v4SPD16_eabi.lib : strcmp.c.obj (.text:strcmp)
                  0000498a    00000016                                   : strchr.c.obj (.text:strchr)
                  000049a0    00000014                                   : strcpy.c.obj (.text:strcpy)
                  000049b4    00000014                                   : strlen.c.obj (.text:strlen)
                  000049c8    00000012                                   : wcslen.c.obj (.text:wcslen)
                  000049da    00000010     driverlib.lib : interrupt.obj (.text:IntMasterEnable)
                  000049ea    00000010     lcd.obj (.text:lcd_clear)
                  000049fa    0000000e     rtsv7M4_T_le_v4SPD16_eabi.lib : copy_decompress_none.c.obj (.text:decompress:none:__TI_decompress_none)
                  00004a08    0000000c     driverlib.lib : cpu.obj (.text:CPUcpsie)
                  00004a14    0000000c     tm4c123gh6pm_startup_ccs.obj (.text)
                  00004a20    0000000a     rtsv7M4_T_le_v4SPD16_eabi.lib : sprintf.c.obj (.text:_outc)
                  00004a2a    00000002     --HOLE-- [fill = 0]
                  00004a2c    00000008                                   : errno.c.obj (.text:__aeabi_errno_addr)
                  00004a34    00000008                                   : memory.c.obj (.text:malloc)
                  00004a3c    00000004                                   : pre_init.c.obj (.text:_system_pre_init)
                  00004a40    00000004                                   : exit.c.obj (.text:abort:abort)

.const     0    00004a44    00000118     
                  00004a44    00000101     rtsv7M4_T_le_v4SPD16_eabi.lib : ctype.c.obj (.const:.string:_ctypes_)
                  00004b45    0000000f     open_interface.obj (.const:.string:$P$T0$3)
                  00004b54    00000004     lcd.obj (.const:.string:lineAddress$1)
                  00004b58    00000004     lcd.obj (.const:.string:lineAddresses$2)

.cinit     0    00004b60    00000050     
                  00004b60    00000018     (.cinit..data.load) [load image, compression = lzss]
                  00004b78    0000000c     (__TI_handler_table)
                  00004b84    00000004     --HOLE-- [fill = 0]
                  00004b88    00000008     (.cinit..bss.load) [load image, compression = zero_init]
                  00004b90    00000008     (.cinit..vtable.load) [load image, compression = zero_init]
                  00004b98    00000018     (__TI_cinit_table)

.init_array 
*          0    00000000    00000000     UNINITIALIZED

.vtable    0    20000000    0000026c     UNINITIALIZED
                  20000000    0000026c     driverlib.lib : interrupt.obj (.vtable)

.stack     0    20000270    00001000     UNINITIALIZED
                  20000270    00000004     rtsv7M4_T_le_v4SPD16_eabi.lib : boot_cortex_m.c.obj (.stack)
                  20000274    00000ffc     --HOLE--

.sysmem    0    20001270    00001000     UNINITIALIZED
                  20001270    00000010     rtsv7M4_T_le_v4SPD16_eabi.lib : memory.c.obj (.sysmem)
                  20001280    00000ff0     --HOLE--

.bss       0    20002270    00000089     UNINITIALIZED
                  20002270    00000054     lcd.obj (.bss:lastbuffer$3)
                  200022c4    00000018     open_interface.obj (.bss:firmware$2)
                  200022dc    00000004     (.common:_timeout_ticks)
                  200022e0    00000004     (.common:fallingEdge)
                  200022e4    00000004     (.common:isr_int_value)
                  200022e8    00000004     (.common:left_calibration_value)
                  200022ec    00000004     (.common:pulseLength)
                  200022f0    00000004     (.common:right_calibration_value)
                  200022f4    00000004     (.common:risingEdge)
                  200022f8    00000001     (.common:isRisingEdge)

.data      0    200022fc    00000039     UNINITIALIZED
                  200022fc    00000020     open_interface.obj (.data)
                  2000231c    00000008     rtsv7M4_T_le_v4SPD16_eabi.lib : _lock.c.obj (.data:$O1$$)
                  20002324    00000008                                   : memory.c.obj (.data:$O1$$)
                  2000232c    00000004     libcybotScan.lib : cyBot_Scan.obj (.data)
                  20002330    00000004     rtsv7M4_T_le_v4SPD16_eabi.lib : errno.c.obj (.data)
                  20002334    00000001     Timer.obj (.data)

__llvm_prf_cnts 
*          0    20000000    00000000     UNINITIALIZED

MODULE SUMMARY

       Module                         code    ro data   rw data
       ------                         ----    -------   -------
    .\
       open_interface.obj             3128    15        56     
       checkpoints.obj                2244    0         8      
       lcd.obj                        824     8         84     
       movement.obj                   752     0         0      
       tm4c123gh6pm_startup_ccs.obj   12      620       0      
       Timer.obj                      584     0         5      
       uart.obj                       264     0         0      
    +--+------------------------------+-------+---------+---------+
       Total:                         7808    643       153    
                                                               
    ../libcybotScan.lib
       cyBot_Scan.obj                 608     0         4      
       ping.obj                       492     0         13     
       servo.obj                      344     0         0      
       ir.obj                         280     0         4      
    +--+------------------------------+-------+---------+---------+
       Total:                         1724    0         21     
                                                               
    C:/ti/TivaWare_C_Series-2.2.0.295/driverlib/ccs/Debug/driverlib.lib
       interrupt.obj                  68      0         620    
       cpu.obj                        12      0         0      
    +--+------------------------------+-------+---------+---------+
       Total:                         80      0         620    
                                                               
    C:\ti\ccs1200\ccs\tools\compiler\ti-cgt-arm_20.2.6.LTS\lib\rtsv7M4_T_le_v4SPD16_eabi.lib
       _printfi.c.obj                 4851    0         0      
       memory.c.obj                   728     0         8      
       fd_add_t2.asm.obj              438     0         0      
       fd_div_t2.asm.obj              310     0         0      
       s_scalbn.c.obj                 272     0         0      
       fd_cmp_t2.asm.obj              268     0         0      
       ctype.c.obj                    0       257       0      
       fd_mul_t2.asm.obj              252     0         0      
       memcpy_t2.asm.obj              156     0         0      
       ull_div_t2.asm.obj             150     0         0      
       vsnprintf.c.obj                136     0         0      
       memset_t2.asm.obj              122     0         0      
       fd_tos_t2.asm.obj              110     0         0      
       copy_decompress_lzss.c.obj     104     0         0      
       s_frexp.c.obj                  100     0         0      
       sprintf.c.obj                  98      0         0      
       _ltoa.c.obj                    84      0         0      
       atoi.c.obj                     76      0         0      
       fd_toi_t2.asm.obj              72      0         0      
       autoinit.c.obj                 68      0         0      
       fs_tod_t2.asm.obj              56      0         0      
       boot_cortex_m.c.obj            52      0         0      
       i_tofd_t2.asm.obj              46      0         0      
       copy_zero_init.c.obj           28      0         0      
       memccpy.c.obj                  28      0         0      
       s_copysign.c.obj               26      0         0      
       strcmp.c.obj                   24      0         0      
       strchr.c.obj                   22      0         0      
       strcpy.c.obj                   20      0         0      
       strlen.c.obj                   20      0         0      
       wcslen.c.obj                   18      0         0      
       copy_decompress_none.c.obj     14      0         0      
       errno.c.obj                    8       0         4      
       _lock.c.obj                    2       0         8      
       exit.c.obj                     4       0         0      
       pre_init.c.obj                 4       0         0      
       div0.asm.obj                   2       0         0      
    +--+------------------------------+-------+---------+---------+
       Total:                         8769    257       20     
                                                               
       Heap:                          0       0         4096   
       Stack:                         0       0         4096   
       Linker Generated:              0       76        0      
    +--+------------------------------+-------+---------+---------+
       Grand Total:                   18381   976       9006   


LINKER GENERATED COPY TABLES

__TI_cinit_table @ 00004b98 records: 3, size/record: 8, table size: 24
	.data: load addr=00004b60, load size=00000018 bytes, run addr=200022fc, run size=00000039 bytes, compression=lzss
	.bss: load addr=00004b88, load size=00000008 bytes, run addr=20002270, run size=00000089 bytes, compression=zero_init
	.vtable: load addr=00004b90, load size=00000008 bytes, run addr=20000000, run size=0000026c bytes, compression=zero_init


LINKER GENERATED HANDLER TABLE

__TI_handler_table @ 00004b78 records: 3, size/record: 4, table size: 12
	index: 0, handler: __TI_zero_init
	index: 1, handler: __TI_decompress_lzss
	index: 2, handler: __TI_decompress_none


GLOBAL SYMBOLS: SORTED ALPHABETICALLY BY Name 

address   name                          
-------   ----                          
000039cd  ADC0SS0_Handler               
00004a41  C$$EXIT                       
00004a09  CPUcpsie                      
00000bc3  GPIOF_Handler                 
000049db  IntMasterEnable               
000047cd  IntRegister                   
00004a15  ResetISR                      
00002fc1  TIMER3B_Handler               
20001270  __STACK_END                   
00001000  __STACK_SIZE                  
20000470  __STACK_TOP                   
00001000  __SYSMEM_SIZE                 
00004b98  __TI_CINIT_Base               
00004bb0  __TI_CINIT_Limit              
00004b78  __TI_Handler_Table_Base       
00004b84  __TI_Handler_Table_Limit      
00004659  __TI_auto_init_nobinit_nopinit
000043fd  __TI_decompress_lzss          
000049fb  __TI_decompress_none          
0000451f  __TI_ltoa                     
ffffffff  __TI_pprof_out_hndl           
00000e8d  __TI_printfi                  
ffffffff  __TI_prof_data_size           
ffffffff  __TI_prof_data_start          
00000000  __TI_static_base__            
000048bd  __TI_zero_init_nomemset       
00004129  __aeabi_cdcmpeq               
00004129  __aeabi_cdcmple               
000041af  __aeabi_cdrcmple              
0000438f  __aeabi_d2f                   
00004611  __aeabi_d2iz                  
00003297  __aeabi_dadd                  
000036d9  __aeabi_ddiv                  
00003d65  __aeabi_dmul                  
0000328d  __aeabi_dsub                  
00004a2d  __aeabi_errno_addr            
00004795  __aeabi_f2d                   
00004865  __aeabi_i2d                   
00003443  __aeabi_idiv0                 
00003443  __aeabi_ldiv0                 
00004235  __aeabi_memclr                
00004235  __aeabi_memclr4               
00004235  __aeabi_memclr8               
00003ff7  __aeabi_memcpy                
00003ff7  __aeabi_memcpy4               
00003ff7  __aeabi_memcpy8               
00004237  __aeabi_memset                
00004237  __aeabi_memset4               
00004237  __aeabi_memset8               
00004093  __aeabi_uldivmod              
ffffffff  __binit__                     
ffffffff  __c_args__                    
UNDEFED   __mpu_init                    
20000270  __stack                       
20000000  __start___llvm_prf_cnts       
20000000  __stop___llvm_prf_cnts        
00004801  _c_int00_noargs               
00004a44  _ctypes_                      
2000231c  _lock                         
000018db  _nop                          
20002334  _running                      
20001270  _sys_memory                   
UNDEFED   _system_post_cinit            
00004a3d  _system_pre_init              
200022dc  _timeout_ticks                
20002320  _unlock                       
00004a41  abort                         
00003c65  aligned_alloc                 
000045c5  atoi                          
ffffffff  binit                         
0000475d  calloc                        
00004911  copysign                      
00004911  copysignl                     
00002b01  cyBOT_SERVO_cal               
00002a8f  cyBOT_Scan                    
00002a37  cyBOT_init_Scan               
2000232c  cyBOT_scan_features           
00002a29  cyBOT_scan_version            
20002330  errno                         
200022e0  fallingEdge                   
00003e61  free                          
00004465  frexp                         
00004465  frexpl                        
20000000  g_pfnRAMVectors               
00000000  g_pfnVectors                  
0000097f  go_charge                     
000039e3  ir_enableInterrupt            
000039c5  ir_getDistance                
0000399d  ir_getValue                   
00003935  ir_init                       
200022f8  isRisingEdge                  
200022e4  isr_int_value                 
000049eb  lcd_clear                     
00002375  lcd_gotoLine                  
000021dd  lcd_init                      
000023db  lcd_printf                    
0000229d  lcd_putc                      
000022d5  lcd_puts                      
000021a1  lcd_reverseNibble             
000022f3  lcd_sendCommand               
00002331  lcd_sendNibble                
0000239d  lcd_setCursorPos              
00003a4d  ldexp                         
00003a4d  ldexpl                        
200022e8  left_calibration_value        
000018dd  main                          
00004a35  malloc                        
00003c65  memalign                      
000048f5  memccpy                       
00003ff7  memcpy                        
0000423d  memset                        
200022fc  motor_cal_factor_L            
20002300  motor_cal_factor_R            
00002553  move_backward                 
0000265f  move_backward_slow            
000024c9  move_forward                  
000025d5  move_forward_slow             
0000026d  oi_alloc                      
00000aa9  oi_checkFirmware              
000002c7  oi_close                      
00000279  oi_free                       
00000ded  oi_getMotorCalibrationLeft    
00000e01  oi_getMotorCalibrationRight   
000002b1  oi_init                       
00000289  oi_init_noupdate              
00000915  oi_loadSong                   
0000495b  oi_parseInt                   
0000032b  oi_parsePacket                
0000096b  oi_play_song                  
0000084b  oi_setLeds                    
00000db1  oi_setMotorCalibration        
0000088f  oi_setWheels                  
00000b51  oi_shutoff_init               
0000098d  oi_uartInit                   
00000a31  oi_uartReceive                
00000a77  oi_uartSendBuff               
00000a15  oi_uartSendChar               
00000a59  oi_uartSendStr                
000002d9  oi_update                     
00003013  ping_getDistance              
00002ed1  ping_init                     
00002f57  ping_trigger                  
200022ec  pulseLength                   
200022f0  right_calibration_value       
200022f4  risingEdge                    
00003a4d  scalbn                        
00003a4d  scalbnl                       
00003445  servo_init                    
000034d5  servo_move                    
00003535  servo_setPWM                  
000034c9  servo_stop                    
0000469d  sprintf                       
0000498b  strchr                        
00004973  strcmp                        
000049a1  strcpy                        
000049b5  strlen                        
00002da7  timer_getMicros               
00002d4f  timer_getMillis               
00002c89  timer_init                    
00002d2b  timer_pause                   
00002d3d  timer_resume                  
00002d01  timer_stop                    
00002e01  timer_waitMicros              
00002e33  timer_waitMillis              
00002749  turn_left                     
000026e1  turn_right                    
00003b5d  uart_init                     
00003bf9  uart_receive                  
00003bdd  uart_sendChar                 
00003c0d  uart_sendStr                  
000046dd  vsnprintf                     
000049c9  wcslen                        


GLOBAL SYMBOLS: SORTED BY Symbol Address 

address   name                          
-------   ----                          
00000000  __TI_static_base__            
00000000  g_pfnVectors                  
0000026d  oi_alloc                      
00000279  oi_free                       
00000289  oi_init_noupdate              
000002b1  oi_init                       
000002c7  oi_close                      
000002d9  oi_update                     
0000032b  oi_parsePacket                
0000084b  oi_setLeds                    
0000088f  oi_setWheels                  
00000915  oi_loadSong                   
0000096b  oi_play_song                  
0000097f  go_charge                     
0000098d  oi_uartInit                   
00000a15  oi_uartSendChar               
00000a31  oi_uartReceive                
00000a59  oi_uartSendStr                
00000a77  oi_uartSendBuff               
00000aa9  oi_checkFirmware              
00000b51  oi_shutoff_init               
00000bc3  GPIOF_Handler                 
00000db1  oi_setMotorCalibration        
00000ded  oi_getMotorCalibrationLeft    
00000e01  oi_getMotorCalibrationRight   
00000e8d  __TI_printfi                  
00001000  __STACK_SIZE                  
00001000  __SYSMEM_SIZE                 
000018db  _nop                          
000018dd  main                          
000021a1  lcd_reverseNibble             
000021dd  lcd_init                      
0000229d  lcd_putc                      
000022d5  lcd_puts                      
000022f3  lcd_sendCommand               
00002331  lcd_sendNibble                
00002375  lcd_gotoLine                  
0000239d  lcd_setCursorPos              
000023db  lcd_printf                    
000024c9  move_forward                  
00002553  move_backward                 
000025d5  move_forward_slow             
0000265f  move_backward_slow            
000026e1  turn_right                    
00002749  turn_left                     
00002a29  cyBOT_scan_version            
00002a37  cyBOT_init_Scan               
00002a8f  cyBOT_Scan                    
00002b01  cyBOT_SERVO_cal               
00002c89  timer_init                    
00002d01  timer_stop                    
00002d2b  timer_pause                   
00002d3d  timer_resume                  
00002d4f  timer_getMillis               
00002da7  timer_getMicros               
00002e01  timer_waitMicros              
00002e33  timer_waitMillis              
00002ed1  ping_init                     
00002f57  ping_trigger                  
00002fc1  TIMER3B_Handler               
00003013  ping_getDistance              
0000328d  __aeabi_dsub                  
00003297  __aeabi_dadd                  
00003443  __aeabi_idiv0                 
00003443  __aeabi_ldiv0                 
00003445  servo_init                    
000034c9  servo_stop                    
000034d5  servo_move                    
00003535  servo_setPWM                  
000036d9  __aeabi_ddiv                  
00003935  ir_init                       
0000399d  ir_getValue                   
000039c5  ir_getDistance                
000039cd  ADC0SS0_Handler               
000039e3  ir_enableInterrupt            
00003a4d  ldexp                         
00003a4d  ldexpl                        
00003a4d  scalbn                        
00003a4d  scalbnl                       
00003b5d  uart_init                     
00003bdd  uart_sendChar                 
00003bf9  uart_receive                  
00003c0d  uart_sendStr                  
00003c65  aligned_alloc                 
00003c65  memalign                      
00003d65  __aeabi_dmul                  
00003e61  free                          
00003ff7  __aeabi_memcpy                
00003ff7  __aeabi_memcpy4               
00003ff7  __aeabi_memcpy8               
00003ff7  memcpy                        
00004093  __aeabi_uldivmod              
00004129  __aeabi_cdcmpeq               
00004129  __aeabi_cdcmple               
000041af  __aeabi_cdrcmple              
00004235  __aeabi_memclr                
00004235  __aeabi_memclr4               
00004235  __aeabi_memclr8               
00004237  __aeabi_memset                
00004237  __aeabi_memset4               
00004237  __aeabi_memset8               
0000423d  memset                        
0000438f  __aeabi_d2f                   
000043fd  __TI_decompress_lzss          
00004465  frexp                         
00004465  frexpl                        
0000451f  __TI_ltoa                     
000045c5  atoi                          
00004611  __aeabi_d2iz                  
00004659  __TI_auto_init_nobinit_nopinit
0000469d  sprintf                       
000046dd  vsnprintf                     
0000475d  calloc                        
00004795  __aeabi_f2d                   
000047cd  IntRegister                   
00004801  _c_int00_noargs               
00004865  __aeabi_i2d                   
000048bd  __TI_zero_init_nomemset       
000048f5  memccpy                       
00004911  copysign                      
00004911  copysignl                     
0000495b  oi_parseInt                   
00004973  strcmp                        
0000498b  strchr                        
000049a1  strcpy                        
000049b5  strlen                        
000049c9  wcslen                        
000049db  IntMasterEnable               
000049eb  lcd_clear                     
000049fb  __TI_decompress_none          
00004a09  CPUcpsie                      
00004a15  ResetISR                      
00004a2d  __aeabi_errno_addr            
00004a35  malloc                        
00004a3d  _system_pre_init              
00004a41  C$$EXIT                       
00004a41  abort                         
00004a44  _ctypes_                      
00004b78  __TI_Handler_Table_Base       
00004b84  __TI_Handler_Table_Limit      
00004b98  __TI_CINIT_Base               
00004bb0  __TI_CINIT_Limit              
20000000  __start___llvm_prf_cnts       
20000000  __stop___llvm_prf_cnts        
20000000  g_pfnRAMVectors               
20000270  __stack                       
20000470  __STACK_TOP                   
20001270  __STACK_END                   
20001270  _sys_memory                   
200022dc  _timeout_ticks                
200022e0  fallingEdge                   
200022e4  isr_int_value                 
200022e8  left_calibration_value        
200022ec  pulseLength                   
200022f0  right_calibration_value       
200022f4  risingEdge                    
200022f8  isRisingEdge                  
200022fc  motor_cal_factor_L            
20002300  motor_cal_factor_R            
2000231c  _lock                         
20002320  _unlock                       
2000232c  cyBOT_scan_features           
20002330  errno                         
20002334  _running                      
ffffffff  __TI_pprof_out_hndl           
ffffffff  __TI_prof_data_size           
ffffffff  __TI_prof_data_start          
ffffffff  __binit__                     
ffffffff  __c_args__                    
ffffffff  binit                         
UNDEFED   __mpu_init                    
UNDEFED   _system_post_cinit            

[172 symbols]
