<?xml version="1.0" encoding="ISO-8859-1" ?>
<link_info>
   <banner>TI ARM Linker PC v20.2.6.LTS</banner>
   <copyright>Copyright (c) 1996-2018 Texas Instruments Incorporated</copyright>
   <link_time>0x6449cac5</link_time>
   <link_errors>0x0</link_errors>
   <output_file>Final Project.out</output_file>
   <entry_point>
      <name>_c_int00_noargs</name>
      <address>0x52e9</address>
   </entry_point>
   <input_file_list>
      <input_file id="fl-2">
         <path>.\</path>
         <kind>object</kind>
         <file>Timer.obj</file>
         <name>Timer.obj</name>
      </input_file>
      <input_file id="fl-3">
         <path>.\</path>
         <kind>object</kind>
         <file>adc.obj</file>
         <name>adc.obj</name>
      </input_file>
      <input_file id="fl-4">
         <path>.\</path>
         <kind>object</kind>
         <file>button.obj</file>
         <name>button.obj</name>
      </input_file>
      <input_file id="fl-5">
         <path>.\</path>
         <kind>object</kind>
         <file>lcd.obj</file>
         <name>lcd.obj</name>
      </input_file>
      <input_file id="fl-6">
         <path>.\</path>
         <kind>object</kind>
         <file>main.obj</file>
         <name>main.obj</name>
      </input_file>
      <input_file id="fl-7">
         <path>.\</path>
         <kind>object</kind>
         <file>movement.obj</file>
         <name>movement.obj</name>
      </input_file>
      <input_file id="fl-8">
         <path>.\</path>
         <kind>object</kind>
         <file>music.obj</file>
         <name>music.obj</name>
      </input_file>
      <input_file id="fl-9">
         <path>.\</path>
         <kind>object</kind>
         <file>open_interface.obj</file>
         <name>open_interface.obj</name>
      </input_file>
      <input_file id="fl-a">
         <path>.\</path>
         <kind>object</kind>
         <file>ping.obj</file>
         <name>ping.obj</name>
      </input_file>
      <input_file id="fl-b">
         <path>.\</path>
         <kind>object</kind>
         <file>servo.obj</file>
         <name>servo.obj</name>
      </input_file>
      <input_file id="fl-c">
         <path>.\</path>
         <kind>object</kind>
         <file>tm4c123gh6pm_startup_ccs.obj</file>
         <name>tm4c123gh6pm_startup_ccs.obj</name>
      </input_file>
      <input_file id="fl-d">
         <path>.\</path>
         <kind>object</kind>
         <file>uart-interrupt.obj</file>
         <name>uart-interrupt.obj</name>
      </input_file>
      <input_file id="fl-12">
         <kind>object</kind>
         <file>&lt;internal&gt;</file>
         <name>&lt;internal&gt;</name>
      </input_file>
      <input_file id="fl-c8">
         <path>C:\ti\ccs1200\ccs\tools\compiler\ti-cgt-arm_20.2.6.LTS\lib\</path>
         <kind>archive</kind>
         <file>rtsv7M4_T_le_v4SPD16_eabi.lib</file>
         <name>fprintf.c.obj</name>
      </input_file>
      <input_file id="fl-c9">
         <path>C:\ti\ccs1200\ccs\tools\compiler\ti-cgt-arm_20.2.6.LTS\lib\</path>
         <kind>archive</kind>
         <file>rtsv7M4_T_le_v4SPD16_eabi.lib</file>
         <name>_printfi.c.obj</name>
      </input_file>
      <input_file id="fl-ca">
         <path>C:\ti\ccs1200\ccs\tools\compiler\ti-cgt-arm_20.2.6.LTS\lib\</path>
         <kind>archive</kind>
         <file>rtsv7M4_T_le_v4SPD16_eabi.lib</file>
         <name>sprintf.c.obj</name>
      </input_file>
      <input_file id="fl-cb">
         <path>C:\ti\ccs1200\ccs\tools\compiler\ti-cgt-arm_20.2.6.LTS\lib\</path>
         <kind>archive</kind>
         <file>rtsv7M4_T_le_v4SPD16_eabi.lib</file>
         <name>vsnprintf.c.obj</name>
      </input_file>
      <input_file id="fl-cc">
         <path>C:\ti\ccs1200\ccs\tools\compiler\ti-cgt-arm_20.2.6.LTS\lib\</path>
         <kind>archive</kind>
         <file>rtsv7M4_T_le_v4SPD16_eabi.lib</file>
         <name>fclose.c.obj</name>
      </input_file>
      <input_file id="fl-cd">
         <path>C:\ti\ccs1200\ccs\tools\compiler\ti-cgt-arm_20.2.6.LTS\lib\</path>
         <kind>archive</kind>
         <file>rtsv7M4_T_le_v4SPD16_eabi.lib</file>
         <name>fflush.c.obj</name>
      </input_file>
      <input_file id="fl-ce">
         <path>C:\ti\ccs1200\ccs\tools\compiler\ti-cgt-arm_20.2.6.LTS\lib\</path>
         <kind>archive</kind>
         <file>rtsv7M4_T_le_v4SPD16_eabi.lib</file>
         <name>fopen.c.obj</name>
      </input_file>
      <input_file id="fl-cf">
         <path>C:\ti\ccs1200\ccs\tools\compiler\ti-cgt-arm_20.2.6.LTS\lib\</path>
         <kind>archive</kind>
         <file>rtsv7M4_T_le_v4SPD16_eabi.lib</file>
         <name>fputc.c.obj</name>
      </input_file>
      <input_file id="fl-d0">
         <path>C:\ti\ccs1200\ccs\tools\compiler\ti-cgt-arm_20.2.6.LTS\lib\</path>
         <kind>archive</kind>
         <file>rtsv7M4_T_le_v4SPD16_eabi.lib</file>
         <name>fputs.c.obj</name>
      </input_file>
      <input_file id="fl-d1">
         <path>C:\ti\ccs1200\ccs\tools\compiler\ti-cgt-arm_20.2.6.LTS\lib\</path>
         <kind>archive</kind>
         <file>rtsv7M4_T_le_v4SPD16_eabi.lib</file>
         <name>_io_perm.c.obj</name>
      </input_file>
      <input_file id="fl-d2">
         <path>C:\ti\ccs1200\ccs\tools\compiler\ti-cgt-arm_20.2.6.LTS\lib\</path>
         <kind>archive</kind>
         <file>rtsv7M4_T_le_v4SPD16_eabi.lib</file>
         <name>setvbuf.c.obj</name>
      </input_file>
      <input_file id="fl-d3">
         <path>C:\ti\ccs1200\ccs\tools\compiler\ti-cgt-arm_20.2.6.LTS\lib\</path>
         <kind>archive</kind>
         <file>rtsv7M4_T_le_v4SPD16_eabi.lib</file>
         <name>fd_add_t2.asm.obj</name>
      </input_file>
      <input_file id="fl-d4">
         <path>C:\ti\ccs1200\ccs\tools\compiler\ti-cgt-arm_20.2.6.LTS\lib\</path>
         <kind>archive</kind>
         <file>rtsv7M4_T_le_v4SPD16_eabi.lib</file>
         <name>fd_cmp_t2.asm.obj</name>
      </input_file>
      <input_file id="fl-d5">
         <path>C:\ti\ccs1200\ccs\tools\compiler\ti-cgt-arm_20.2.6.LTS\lib\</path>
         <kind>archive</kind>
         <file>rtsv7M4_T_le_v4SPD16_eabi.lib</file>
         <name>fd_div_t2.asm.obj</name>
      </input_file>
      <input_file id="fl-d6">
         <path>C:\ti\ccs1200\ccs\tools\compiler\ti-cgt-arm_20.2.6.LTS\lib\</path>
         <kind>archive</kind>
         <file>rtsv7M4_T_le_v4SPD16_eabi.lib</file>
         <name>fd_mul_t2.asm.obj</name>
      </input_file>
      <input_file id="fl-d7">
         <path>C:\ti\ccs1200\ccs\tools\compiler\ti-cgt-arm_20.2.6.LTS\lib\</path>
         <kind>archive</kind>
         <file>rtsv7M4_T_le_v4SPD16_eabi.lib</file>
         <name>fd_toi_t2.asm.obj</name>
      </input_file>
      <input_file id="fl-d8">
         <path>C:\ti\ccs1200\ccs\tools\compiler\ti-cgt-arm_20.2.6.LTS\lib\</path>
         <kind>archive</kind>
         <file>rtsv7M4_T_le_v4SPD16_eabi.lib</file>
         <name>fd_tos_t2.asm.obj</name>
      </input_file>
      <input_file id="fl-d9">
         <path>C:\ti\ccs1200\ccs\tools\compiler\ti-cgt-arm_20.2.6.LTS\lib\</path>
         <kind>archive</kind>
         <file>rtsv7M4_T_le_v4SPD16_eabi.lib</file>
         <name>fs_tod_t2.asm.obj</name>
      </input_file>
      <input_file id="fl-da">
         <path>C:\ti\ccs1200\ccs\tools\compiler\ti-cgt-arm_20.2.6.LTS\lib\</path>
         <kind>archive</kind>
         <file>rtsv7M4_T_le_v4SPD16_eabi.lib</file>
         <name>i_tofd_t2.asm.obj</name>
      </input_file>
      <input_file id="fl-db">
         <path>C:\ti\ccs1200\ccs\tools\compiler\ti-cgt-arm_20.2.6.LTS\lib\</path>
         <kind>archive</kind>
         <file>rtsv7M4_T_le_v4SPD16_eabi.lib</file>
         <name>memcpy_t2.asm.obj</name>
      </input_file>
      <input_file id="fl-dc">
         <path>C:\ti\ccs1200\ccs\tools\compiler\ti-cgt-arm_20.2.6.LTS\lib\</path>
         <kind>archive</kind>
         <file>rtsv7M4_T_le_v4SPD16_eabi.lib</file>
         <name>memset_t2.asm.obj</name>
      </input_file>
      <input_file id="fl-dd">
         <path>C:\ti\ccs1200\ccs\tools\compiler\ti-cgt-arm_20.2.6.LTS\lib\</path>
         <kind>archive</kind>
         <file>rtsv7M4_T_le_v4SPD16_eabi.lib</file>
         <name>ull_div_t2.asm.obj</name>
      </input_file>
      <input_file id="fl-de">
         <path>C:\ti\ccs1200\ccs\tools\compiler\ti-cgt-arm_20.2.6.LTS\lib\</path>
         <kind>archive</kind>
         <file>rtsv7M4_T_le_v4SPD16_eabi.lib</file>
         <name>copy_zero_init.c.obj</name>
      </input_file>
      <input_file id="fl-df">
         <path>C:\ti\ccs1200\ccs\tools\compiler\ti-cgt-arm_20.2.6.LTS\lib\</path>
         <kind>archive</kind>
         <file>rtsv7M4_T_le_v4SPD16_eabi.lib</file>
         <name>copy_decompress_none.c.obj</name>
      </input_file>
      <input_file id="fl-e0">
         <path>C:\ti\ccs1200\ccs\tools\compiler\ti-cgt-arm_20.2.6.LTS\lib\</path>
         <kind>archive</kind>
         <file>rtsv7M4_T_le_v4SPD16_eabi.lib</file>
         <name>copy_decompress_lzss.c.obj</name>
      </input_file>
      <input_file id="fl-e1">
         <path>C:\ti\ccs1200\ccs\tools\compiler\ti-cgt-arm_20.2.6.LTS\lib\</path>
         <kind>archive</kind>
         <file>rtsv7M4_T_le_v4SPD16_eabi.lib</file>
         <name>exit.c.obj</name>
      </input_file>
      <input_file id="fl-e2">
         <path>C:\ti\ccs1200\ccs\tools\compiler\ti-cgt-arm_20.2.6.LTS\lib\</path>
         <kind>archive</kind>
         <file>rtsv7M4_T_le_v4SPD16_eabi.lib</file>
         <name>_lock.c.obj</name>
      </input_file>
      <input_file id="fl-e3">
         <path>C:\ti\ccs1200\ccs\tools\compiler\ti-cgt-arm_20.2.6.LTS\lib\</path>
         <kind>archive</kind>
         <file>rtsv7M4_T_le_v4SPD16_eabi.lib</file>
         <name>_ltoa.c.obj</name>
      </input_file>
      <input_file id="fl-e4">
         <path>C:\ti\ccs1200\ccs\tools\compiler\ti-cgt-arm_20.2.6.LTS\lib\</path>
         <kind>archive</kind>
         <file>rtsv7M4_T_le_v4SPD16_eabi.lib</file>
         <name>atoi.c.obj</name>
      </input_file>
      <input_file id="fl-e5">
         <path>C:\ti\ccs1200\ccs\tools\compiler\ti-cgt-arm_20.2.6.LTS\lib\</path>
         <kind>archive</kind>
         <file>rtsv7M4_T_le_v4SPD16_eabi.lib</file>
         <name>ctype.c.obj</name>
      </input_file>
      <input_file id="fl-e6">
         <path>C:\ti\ccs1200\ccs\tools\compiler\ti-cgt-arm_20.2.6.LTS\lib\</path>
         <kind>archive</kind>
         <file>rtsv7M4_T_le_v4SPD16_eabi.lib</file>
         <name>defs.c.obj</name>
      </input_file>
      <input_file id="fl-e7">
         <path>C:\ti\ccs1200\ccs\tools\compiler\ti-cgt-arm_20.2.6.LTS\lib\</path>
         <kind>archive</kind>
         <file>rtsv7M4_T_le_v4SPD16_eabi.lib</file>
         <name>memccpy.c.obj</name>
      </input_file>
      <input_file id="fl-e8">
         <path>C:\ti\ccs1200\ccs\tools\compiler\ti-cgt-arm_20.2.6.LTS\lib\</path>
         <kind>archive</kind>
         <file>rtsv7M4_T_le_v4SPD16_eabi.lib</file>
         <name>memchr.c.obj</name>
      </input_file>
      <input_file id="fl-e9">
         <path>C:\ti\ccs1200\ccs\tools\compiler\ti-cgt-arm_20.2.6.LTS\lib\</path>
         <kind>archive</kind>
         <file>rtsv7M4_T_le_v4SPD16_eabi.lib</file>
         <name>memory.c.obj</name>
      </input_file>
      <input_file id="fl-ea">
         <path>C:\ti\ccs1200\ccs\tools\compiler\ti-cgt-arm_20.2.6.LTS\lib\</path>
         <kind>archive</kind>
         <file>rtsv7M4_T_le_v4SPD16_eabi.lib</file>
         <name>strcat.c.obj</name>
      </input_file>
      <input_file id="fl-eb">
         <path>C:\ti\ccs1200\ccs\tools\compiler\ti-cgt-arm_20.2.6.LTS\lib\</path>
         <kind>archive</kind>
         <file>rtsv7M4_T_le_v4SPD16_eabi.lib</file>
         <name>strchr.c.obj</name>
      </input_file>
      <input_file id="fl-ec">
         <path>C:\ti\ccs1200\ccs\tools\compiler\ti-cgt-arm_20.2.6.LTS\lib\</path>
         <kind>archive</kind>
         <file>rtsv7M4_T_le_v4SPD16_eabi.lib</file>
         <name>strcmp.c.obj</name>
      </input_file>
      <input_file id="fl-ed">
         <path>C:\ti\ccs1200\ccs\tools\compiler\ti-cgt-arm_20.2.6.LTS\lib\</path>
         <kind>archive</kind>
         <file>rtsv7M4_T_le_v4SPD16_eabi.lib</file>
         <name>strcpy.c.obj</name>
      </input_file>
      <input_file id="fl-ee">
         <path>C:\ti\ccs1200\ccs\tools\compiler\ti-cgt-arm_20.2.6.LTS\lib\</path>
         <kind>archive</kind>
         <file>rtsv7M4_T_le_v4SPD16_eabi.lib</file>
         <name>strlen.c.obj</name>
      </input_file>
      <input_file id="fl-ef">
         <path>C:\ti\ccs1200\ccs\tools\compiler\ti-cgt-arm_20.2.6.LTS\lib\</path>
         <kind>archive</kind>
         <file>rtsv7M4_T_le_v4SPD16_eabi.lib</file>
         <name>write.c.obj</name>
      </input_file>
      <input_file id="fl-f0">
         <path>C:\ti\ccs1200\ccs\tools\compiler\ti-cgt-arm_20.2.6.LTS\lib\</path>
         <kind>archive</kind>
         <file>rtsv7M4_T_le_v4SPD16_eabi.lib</file>
         <name>host_device.c.obj</name>
      </input_file>
      <input_file id="fl-f1">
         <path>C:\ti\ccs1200\ccs\tools\compiler\ti-cgt-arm_20.2.6.LTS\lib\</path>
         <kind>archive</kind>
         <file>rtsv7M4_T_le_v4SPD16_eabi.lib</file>
         <name>remove.c.obj</name>
      </input_file>
      <input_file id="fl-f2">
         <path>C:\ti\ccs1200\ccs\tools\compiler\ti-cgt-arm_20.2.6.LTS\lib\</path>
         <kind>archive</kind>
         <file>rtsv7M4_T_le_v4SPD16_eabi.lib</file>
         <name>open.c.obj</name>
      </input_file>
      <input_file id="fl-f3">
         <path>C:\ti\ccs1200\ccs\tools\compiler\ti-cgt-arm_20.2.6.LTS\lib\</path>
         <kind>archive</kind>
         <file>rtsv7M4_T_le_v4SPD16_eabi.lib</file>
         <name>close.c.obj</name>
      </input_file>
      <input_file id="fl-f4">
         <path>C:\ti\ccs1200\ccs\tools\compiler\ti-cgt-arm_20.2.6.LTS\lib\</path>
         <kind>archive</kind>
         <file>rtsv7M4_T_le_v4SPD16_eabi.lib</file>
         <name>errno.c.obj</name>
      </input_file>
      <input_file id="fl-f5">
         <path>C:\ti\ccs1200\ccs\tools\compiler\ti-cgt-arm_20.2.6.LTS\lib\</path>
         <kind>archive</kind>
         <file>rtsv7M4_T_le_v4SPD16_eabi.lib</file>
         <name>boot_cortex_m.c.obj</name>
      </input_file>
      <input_file id="fl-f6">
         <path>C:\ti\ccs1200\ccs\tools\compiler\ti-cgt-arm_20.2.6.LTS\lib\</path>
         <kind>archive</kind>
         <file>rtsv7M4_T_le_v4SPD16_eabi.lib</file>
         <name>s_frexp.c.obj</name>
      </input_file>
      <input_file id="fl-f7">
         <path>C:\ti\ccs1200\ccs\tools\compiler\ti-cgt-arm_20.2.6.LTS\lib\</path>
         <kind>archive</kind>
         <file>rtsv7M4_T_le_v4SPD16_eabi.lib</file>
         <name>s_scalbn.c.obj</name>
      </input_file>
      <input_file id="fl-f8">
         <path>C:\ti\ccs1200\ccs\tools\compiler\ti-cgt-arm_20.2.6.LTS\lib\</path>
         <kind>archive</kind>
         <file>rtsv7M4_T_le_v4SPD16_eabi.lib</file>
         <name>s_copysign.c.obj</name>
      </input_file>
      <input_file id="fl-f9">
         <path>C:\ti\ccs1200\ccs\tools\compiler\ti-cgt-arm_20.2.6.LTS\lib\</path>
         <kind>archive</kind>
         <file>rtsv7M4_T_le_v4SPD16_eabi.lib</file>
         <name>wcslen.c.obj</name>
      </input_file>
      <input_file id="fl-fa">
         <path>C:\ti\ccs1200\ccs\tools\compiler\ti-cgt-arm_20.2.6.LTS\lib\</path>
         <kind>archive</kind>
         <file>rtsv7M4_T_le_v4SPD16_eabi.lib</file>
         <name>fseek.c.obj</name>
      </input_file>
      <input_file id="fl-fb">
         <path>C:\ti\ccs1200\ccs\tools\compiler\ti-cgt-arm_20.2.6.LTS\lib\</path>
         <kind>archive</kind>
         <file>rtsv7M4_T_le_v4SPD16_eabi.lib</file>
         <name>getdevice.c.obj</name>
      </input_file>
      <input_file id="fl-fc">
         <path>C:\ti\ccs1200\ccs\tools\compiler\ti-cgt-arm_20.2.6.LTS\lib\</path>
         <kind>archive</kind>
         <file>rtsv7M4_T_le_v4SPD16_eabi.lib</file>
         <name>div0.asm.obj</name>
      </input_file>
      <input_file id="fl-fd">
         <path>C:\ti\ccs1200\ccs\tools\compiler\ti-cgt-arm_20.2.6.LTS\lib\</path>
         <kind>archive</kind>
         <file>rtsv7M4_T_le_v4SPD16_eabi.lib</file>
         <name>autoinit.c.obj</name>
      </input_file>
      <input_file id="fl-fe">
         <path>C:\ti\ccs1200\ccs\tools\compiler\ti-cgt-arm_20.2.6.LTS\lib\</path>
         <kind>archive</kind>
         <file>rtsv7M4_T_le_v4SPD16_eabi.lib</file>
         <name>pre_init.c.obj</name>
      </input_file>
      <input_file id="fl-ff">
         <path>C:\ti\ccs1200\ccs\tools\compiler\ti-cgt-arm_20.2.6.LTS\lib\</path>
         <kind>archive</kind>
         <file>rtsv7M4_T_le_v4SPD16_eabi.lib</file>
         <name>cpy_tbl.c.obj</name>
      </input_file>
      <input_file id="fl-100">
         <path>C:\ti\ccs1200\ccs\tools\compiler\ti-cgt-arm_20.2.6.LTS\lib\</path>
         <kind>archive</kind>
         <file>rtsv7M4_T_le_v4SPD16_eabi.lib</file>
         <name>args_main.c.obj</name>
      </input_file>
      <input_file id="fl-101">
         <path>C:\ti\ccs1200\ccs\tools\compiler\ti-cgt-arm_20.2.6.LTS\lib\</path>
         <kind>archive</kind>
         <file>rtsv7M4_T_le_v4SPD16_eabi.lib</file>
         <name>strncpy.c.obj</name>
      </input_file>
      <input_file id="fl-102">
         <path>C:\ti\ccs1200\ccs\tools\compiler\ti-cgt-arm_20.2.6.LTS\lib\</path>
         <kind>archive</kind>
         <file>rtsv7M4_T_le_v4SPD16_eabi.lib</file>
         <name>unlink.c.obj</name>
      </input_file>
      <input_file id="fl-103">
         <path>C:\ti\ccs1200\ccs\tools\compiler\ti-cgt-arm_20.2.6.LTS\lib\</path>
         <kind>archive</kind>
         <file>rtsv7M4_T_le_v4SPD16_eabi.lib</file>
         <name>hostclose.c.obj</name>
      </input_file>
      <input_file id="fl-104">
         <path>C:\ti\ccs1200\ccs\tools\compiler\ti-cgt-arm_20.2.6.LTS\lib\</path>
         <kind>archive</kind>
         <file>rtsv7M4_T_le_v4SPD16_eabi.lib</file>
         <name>hostlseek.c.obj</name>
      </input_file>
      <input_file id="fl-105">
         <path>C:\ti\ccs1200\ccs\tools\compiler\ti-cgt-arm_20.2.6.LTS\lib\</path>
         <kind>archive</kind>
         <file>rtsv7M4_T_le_v4SPD16_eabi.lib</file>
         <name>hostopen.c.obj</name>
      </input_file>
      <input_file id="fl-106">
         <path>C:\ti\ccs1200\ccs\tools\compiler\ti-cgt-arm_20.2.6.LTS\lib\</path>
         <kind>archive</kind>
         <file>rtsv7M4_T_le_v4SPD16_eabi.lib</file>
         <name>hostread.c.obj</name>
      </input_file>
      <input_file id="fl-107">
         <path>C:\ti\ccs1200\ccs\tools\compiler\ti-cgt-arm_20.2.6.LTS\lib\</path>
         <kind>archive</kind>
         <file>rtsv7M4_T_le_v4SPD16_eabi.lib</file>
         <name>hostrename.c.obj</name>
      </input_file>
      <input_file id="fl-108">
         <path>C:\ti\ccs1200\ccs\tools\compiler\ti-cgt-arm_20.2.6.LTS\lib\</path>
         <kind>archive</kind>
         <file>rtsv7M4_T_le_v4SPD16_eabi.lib</file>
         <name>hostunlink.c.obj</name>
      </input_file>
      <input_file id="fl-109">
         <path>C:\ti\ccs1200\ccs\tools\compiler\ti-cgt-arm_20.2.6.LTS\lib\</path>
         <kind>archive</kind>
         <file>rtsv7M4_T_le_v4SPD16_eabi.lib</file>
         <name>hostwrite.c.obj</name>
      </input_file>
      <input_file id="fl-10a">
         <path>C:\ti\ccs1200\ccs\tools\compiler\ti-cgt-arm_20.2.6.LTS\lib\</path>
         <kind>archive</kind>
         <file>rtsv7M4_T_le_v4SPD16_eabi.lib</file>
         <name>trgmsg.c.obj</name>
      </input_file>
      <input_file id="fl-10b">
         <path>C:\ti\ccs1200\ccs\tools\compiler\ti-cgt-arm_20.2.6.LTS\lib\</path>
         <kind>archive</kind>
         <file>rtsv7M4_T_le_v4SPD16_eabi.lib</file>
         <name>lseek.c.obj</name>
      </input_file>
      <input_file id="fl-10c">
         <path>C:\ti\TivaWare_C_Series-2.2.0.295\driverlib\ccs\Debug\</path>
         <kind>archive</kind>
         <file>driverlib.lib</file>
         <name>interrupt.obj</name>
      </input_file>
      <input_file id="fl-10d">
         <path>C:\ti\TivaWare_C_Series-2.2.0.295\driverlib\ccs\Debug\</path>
         <kind>archive</kind>
         <file>driverlib.lib</file>
         <name>cpu.obj</name>
      </input_file>
   </input_file_list>
   <object_component_list>
      <object_component id="oc-12">
         <name>.intvecs</name>
         <load_address>0x0</load_address>
         <run_address>0x0</run_address>
         <size>0x26c</size>
         <input_file_ref idref="fl-c"/>
      </object_component>
      <object_component id="oc-101">
         <name>.text</name>
         <load_address>0x26c</load_address>
         <run_address>0x26c</run_address>
         <size>0xc20</size>
         <input_file_ref idref="fl-9"/>
      </object_component>
      <object_component id="oc-215">
         <name>.text:__TI_printfi</name>
         <load_address>0xe8c</load_address>
         <run_address>0xe8c</run_address>
         <size>0xa4e</size>
         <input_file_ref idref="fl-c9"/>
      </object_component>
      <object_component id="oc-2ef">
         <name>.text:_nop</name>
         <load_address>0x18da</load_address>
         <run_address>0x18da</run_address>
         <size>0x2</size>
         <input_file_ref idref="fl-e2"/>
      </object_component>
      <object_component id="oc-a2">
         <name>.text</name>
         <load_address>0x18dc</load_address>
         <run_address>0x18dc</run_address>
         <size>0x4b8</size>
         <input_file_ref idref="fl-6"/>
      </object_component>
      <object_component id="oc-111">
         <name>.text</name>
         <load_address>0x1d94</load_address>
         <run_address>0x1d94</run_address>
         <size>0x3d8</size>
         <input_file_ref idref="fl-7"/>
      </object_component>
      <object_component id="oc-e9">
         <name>.text</name>
         <load_address>0x216c</load_address>
         <run_address>0x216c</run_address>
         <size>0x328</size>
         <input_file_ref idref="fl-5"/>
      </object_component>
      <object_component id="oc-ef">
         <name>.text</name>
         <load_address>0x2494</load_address>
         <run_address>0x2494</run_address>
         <size>0x30c</size>
         <input_file_ref idref="fl-a"/>
      </object_component>
      <object_component id="oc-f5">
         <name>.text</name>
         <load_address>0x27a0</load_address>
         <run_address>0x27a0</run_address>
         <size>0x274</size>
         <input_file_ref idref="fl-d"/>
      </object_component>
      <object_component id="oc-326">
         <name>.text:_pconv_a</name>
         <load_address>0x2a14</load_address>
         <run_address>0x2a14</run_address>
         <size>0x270</size>
         <input_file_ref idref="fl-c9"/>
      </object_component>
      <object_component id="oc-fb">
         <name>.text</name>
         <load_address>0x2c84</load_address>
         <run_address>0x2c84</run_address>
         <size>0x24c</size>
         <input_file_ref idref="fl-b"/>
      </object_component>
      <object_component id="oc-e3">
         <name>.text</name>
         <load_address>0x2ed0</load_address>
         <run_address>0x2ed0</run_address>
         <size>0x248</size>
         <input_file_ref idref="fl-2"/>
      </object_component>
      <object_component id="oc-d7">
         <name>.text</name>
         <load_address>0x3118</load_address>
         <run_address>0x3118</run_address>
         <size>0x20c</size>
         <input_file_ref idref="fl-3"/>
      </object_component>
      <object_component id="oc-314">
         <name>.text:_pconv_g</name>
         <load_address>0x3324</load_address>
         <run_address>0x3324</run_address>
         <size>0x1d0</size>
         <input_file_ref idref="fl-c9"/>
      </object_component>
      <object_component id="oc-190">
         <name>.text</name>
         <load_address>0x34f4</load_address>
         <run_address>0x34f4</run_address>
         <size>0x1b6</size>
         <input_file_ref idref="fl-d3"/>
      </object_component>
      <object_component id="oc-484">
         <name>.text</name>
         <load_address>0x36aa</load_address>
         <run_address>0x36aa</run_address>
         <size>0x2</size>
         <input_file_ref idref="fl-fc"/>
      </object_component>
      <object_component id="oc-320">
         <name>.text:_pconv_e</name>
         <load_address>0x36ac</load_address>
         <run_address>0x36ac</run_address>
         <size>0x13c</size>
         <input_file_ref idref="fl-c9"/>
      </object_component>
      <object_component id="oc-18b">
         <name>.text</name>
         <load_address>0x37e8</load_address>
         <run_address>0x37e8</run_address>
         <size>0x136</size>
         <input_file_ref idref="fl-d5"/>
      </object_component>
      <object_component id="oc-3f1">
         <name>.text:fcvt</name>
         <load_address>0x3920</load_address>
         <run_address>0x3920</run_address>
         <size>0x124</size>
         <input_file_ref idref="fl-c9"/>
      </object_component>
      <object_component id="oc-34e">
         <name>.text:fputs</name>
         <load_address>0x3a44</load_address>
         <run_address>0x3a44</run_address>
         <size>0x114</size>
         <input_file_ref idref="fl-d0"/>
      </object_component>
      <object_component id="oc-203">
         <name>.text:_openfile</name>
         <load_address>0x3b58</load_address>
         <run_address>0x3b58</run_address>
         <size>0x110</size>
         <input_file_ref idref="fl-ce"/>
      </object_component>
      <object_component id="oc-405">
         <name>.text:scalbn</name>
         <load_address>0x3c68</load_address>
         <run_address>0x3c68</run_address>
         <size>0x110</size>
         <input_file_ref idref="fl-f7"/>
      </object_component>
      <object_component id="oc-3ae">
         <name>.text:aligned_alloc</name>
         <load_address>0x3d78</load_address>
         <run_address>0x3d78</run_address>
         <size>0x100</size>
         <input_file_ref idref="fl-e9"/>
      </object_component>
      <object_component id="oc-10c">
         <name>.text</name>
         <load_address>0x3e78</load_address>
         <run_address>0x3e78</run_address>
         <size>0xfc</size>
         <input_file_ref idref="fl-d6"/>
      </object_component>
      <object_component id="oc-1da">
         <name>.text:free</name>
         <load_address>0x3f74</load_address>
         <run_address>0x3f74</run_address>
         <size>0xe4</size>
         <input_file_ref idref="fl-e9"/>
      </object_component>
      <object_component id="oc-4ba">
         <name>.text:setvbuf</name>
         <load_address>0x4058</load_address>
         <run_address>0x4058</run_address>
         <size>0xdc</size>
         <input_file_ref idref="fl-d2"/>
      </object_component>
      <object_component id="oc-2de">
         <name>.text:open</name>
         <load_address>0x4134</load_address>
         <run_address>0x4134</run_address>
         <size>0xbc</size>
         <input_file_ref idref="fl-f2"/>
      </object_component>
      <object_component id="oc-30e">
         <name>.text:_ltostr</name>
         <load_address>0x41f0</load_address>
         <run_address>0x41f0</run_address>
         <size>0xb1</size>
         <input_file_ref idref="fl-c9"/>
      </object_component>
      <object_component id="oc-117">
         <name>.text:fopen</name>
         <load_address>0x42a4</load_address>
         <run_address>0x42a4</run_address>
         <size>0x9c</size>
         <input_file_ref idref="fl-ce"/>
      </object_component>
      <object_component id="oc-3e">
         <name>.text</name>
         <load_address>0x4340</load_address>
         <run_address>0x4340</run_address>
         <size>0x9c</size>
         <input_file_ref idref="fl-db"/>
      </object_component>
      <object_component id="oc-3d3">
         <name>.text</name>
         <load_address>0x43dc</load_address>
         <run_address>0x43dc</run_address>
         <size>0x96</size>
         <input_file_ref idref="fl-dd"/>
      </object_component>
      <object_component id="oc-355">
         <name>.text:fputc</name>
         <load_address>0x4474</load_address>
         <run_address>0x4474</run_address>
         <size>0x8c</size>
         <input_file_ref idref="fl-cf"/>
      </object_component>
      <object_component id="oc-1f7">
         <name>.text:__aeabi_cdcmple</name>
         <load_address>0x4500</load_address>
         <run_address>0x4500</run_address>
         <size>0x86</size>
         <input_file_ref idref="fl-d4"/>
      </object_component>
      <object_component id="oc-3d9">
         <name>.text:__aeabi_cdrcmple</name>
         <load_address>0x4586</load_address>
         <run_address>0x4586</run_address>
         <size>0x86</size>
         <input_file_ref idref="fl-d4"/>
      </object_component>
      <object_component id="oc-132">
         <name>.text</name>
         <load_address>0x460c</load_address>
         <run_address>0x460c</run_address>
         <size>0x84</size>
         <input_file_ref idref="fl-8"/>
      </object_component>
      <object_component id="oc-96">
         <name>.text</name>
         <load_address>0x4690</load_address>
         <run_address>0x4690</run_address>
         <size>0x7a</size>
         <input_file_ref idref="fl-dc"/>
      </object_component>
      <object_component id="oc-237">
         <name>.text:__TI_closefile</name>
         <load_address>0x470c</load_address>
         <run_address>0x470c</run_address>
         <size>0x74</size>
         <input_file_ref idref="fl-cc"/>
      </object_component>
      <object_component id="oc-dd">
         <name>.text</name>
         <load_address>0x4780</load_address>
         <run_address>0x4780</run_address>
         <size>0x74</size>
         <input_file_ref idref="fl-4"/>
      </object_component>
      <object_component id="oc-454">
         <name>.text:split</name>
         <load_address>0x47f4</load_address>
         <run_address>0x47f4</run_address>
         <size>0x70</size>
         <input_file_ref idref="fl-e9"/>
      </object_component>
      <object_component id="oc-3ea">
         <name>.text:_mcpy</name>
         <load_address>0x4864</load_address>
         <run_address>0x4864</run_address>
         <size>0x6e</size>
         <input_file_ref idref="fl-c9"/>
      </object_component>
      <object_component id="oc-1ed">
         <name>.text</name>
         <load_address>0x48d2</load_address>
         <run_address>0x48d2</run_address>
         <size>0x6e</size>
         <input_file_ref idref="fl-d8"/>
      </object_component>
      <object_component id="oc-4fd">
         <name>.text:HOSTrename</name>
         <load_address>0x4940</load_address>
         <run_address>0x4940</run_address>
         <size>0x6c</size>
         <input_file_ref idref="fl-107"/>
      </object_component>
      <object_component id="oc-4f1">
         <name>.text:HOSTlseek</name>
         <load_address>0x49ac</load_address>
         <run_address>0x49ac</run_address>
         <size>0x68</size>
         <input_file_ref idref="fl-104"/>
      </object_component>
      <object_component id="oc-15">
         <name>.text:decompress:lzss:__TI_decompress_lzss</name>
         <load_address>0x4a14</load_address>
         <run_address>0x4a14</run_address>
         <size>0x68</size>
         <input_file_ref idref="fl-e0"/>
      </object_component>
      <object_component id="oc-123">
         <name>.text:fprintf</name>
         <load_address>0x4a7c</load_address>
         <run_address>0x4a7c</run_address>
         <size>0x64</size>
         <input_file_ref idref="fl-c8"/>
      </object_component>
      <object_component id="oc-3ff">
         <name>.text:frexp</name>
         <load_address>0x4ae0</load_address>
         <run_address>0x4ae0</run_address>
         <size>0x64</size>
         <input_file_ref idref="fl-f6"/>
      </object_component>
      <object_component id="oc-4b4">
         <name>.text:fseek</name>
         <load_address>0x4b44</load_address>
         <run_address>0x4b44</run_address>
         <size>0x64</size>
         <input_file_ref idref="fl-fa"/>
      </object_component>
      <object_component id="oc-42c">
         <name>.text:__TI_wrt_ok</name>
         <load_address>0x4ba8</load_address>
         <run_address>0x4ba8</run_address>
         <size>0x62</size>
         <input_file_ref idref="fl-d1"/>
      </object_component>
      <object_component id="oc-4d9">
         <name>.text:HOSTopen</name>
         <load_address>0x4c0c</load_address>
         <run_address>0x4c0c</run_address>
         <size>0x60</size>
         <input_file_ref idref="fl-105"/>
      </object_component>
      <object_component id="oc-364">
         <name>.text:close</name>
         <load_address>0x4c6c</load_address>
         <run_address>0x4c6c</run_address>
         <size>0x5c</size>
         <input_file_ref idref="fl-f3"/>
      </object_component>
      <object_component id="oc-4e5">
         <name>.text:HOSTread</name>
         <load_address>0x4cc8</load_address>
         <run_address>0x4cc8</run_address>
         <size>0x58</size>
         <input_file_ref idref="fl-106"/>
      </object_component>
      <object_component id="oc-4eb">
         <name>.text:HOSTwrite</name>
         <load_address>0x4d20</load_address>
         <run_address>0x4d20</run_address>
         <size>0x58</size>
         <input_file_ref idref="fl-109"/>
      </object_component>
      <object_component id="oc-31a">
         <name>.text:_pconv_f</name>
         <load_address>0x4d78</load_address>
         <run_address>0x4d78</run_address>
         <size>0x56</size>
         <input_file_ref idref="fl-c9"/>
      </object_component>
      <object_component id="oc-3de">
         <name>.text:__TI_ltoa</name>
         <load_address>0x4dce</load_address>
         <run_address>0x4dce</run_address>
         <size>0x54</size>
         <input_file_ref idref="fl-e3"/>
      </object_component>
      <object_component id="oc-3e4">
         <name>.text:_ecpy</name>
         <load_address>0x4e22</load_address>
         <run_address>0x4e22</run_address>
         <size>0x52</size>
         <input_file_ref idref="fl-c9"/>
      </object_component>
      <object_component id="oc-35e">
         <name>.text:__TI_doflush</name>
         <load_address>0x4e74</load_address>
         <run_address>0x4e74</run_address>
         <size>0x4c</size>
         <input_file_ref idref="fl-cd"/>
      </object_component>
      <object_component id="oc-308">
         <name>.text:atoi</name>
         <load_address>0x4ec0</load_address>
         <run_address>0x4ec0</run_address>
         <size>0x4c</size>
         <input_file_ref idref="fl-e4"/>
      </object_component>
      <object_component id="oc-151">
         <name>.text:exit</name>
         <load_address>0x4f0c</load_address>
         <run_address>0x4f0c</run_address>
         <size>0x48</size>
         <input_file_ref idref="fl-e1"/>
      </object_component>
      <object_component id="oc-1fc">
         <name>.text</name>
         <load_address>0x4f54</load_address>
         <run_address>0x4f54</run_address>
         <size>0x48</size>
         <input_file_ref idref="fl-d7"/>
      </object_component>
      <object_component id="oc-4df">
         <name>.text:HOSTclose</name>
         <load_address>0x4f9c</load_address>
         <run_address>0x4f9c</run_address>
         <size>0x44</size>
         <input_file_ref idref="fl-103"/>
      </object_component>
      <object_component id="oc-4f7">
         <name>.text:HOSTunlink</name>
         <load_address>0x4fe0</load_address>
         <run_address>0x4fe0</run_address>
         <size>0x44</size>
         <input_file_ref idref="fl-108"/>
      </object_component>
      <object_component id="oc-157">
         <name>.text:__TI_auto_init_nobinit_nopinit:__TI_auto_init_nobinit_nopinit</name>
         <load_address>0x5024</load_address>
         <run_address>0x5024</run_address>
         <size>0x44</size>
         <input_file_ref idref="fl-fd"/>
      </object_component>
      <object_component id="oc-3ba">
         <name>.text:getdevice</name>
         <load_address>0x5068</load_address>
         <run_address>0x5068</run_address>
         <size>0x44</size>
         <input_file_ref idref="fl-fb"/>
      </object_component>
      <object_component id="oc-11d">
         <name>.text:sprintf</name>
         <load_address>0x50ac</load_address>
         <run_address>0x50ac</run_address>
         <size>0x40</size>
         <input_file_ref idref="fl-ca"/>
      </object_component>
      <object_component id="oc-1aa">
         <name>.text:vsnprintf</name>
         <load_address>0x50ec</load_address>
         <run_address>0x50ec</run_address>
         <size>0x40</size>
         <input_file_ref idref="fl-cb"/>
      </object_component>
      <object_component id="oc-3f7">
         <name>.text:_fcpy</name>
         <load_address>0x512c</load_address>
         <run_address>0x512c</run_address>
         <size>0x3e</size>
         <input_file_ref idref="fl-c9"/>
      </object_component>
      <object_component id="oc-531">
         <name>.text:__TI_writemsg</name>
         <load_address>0x516c</load_address>
         <run_address>0x516c</run_address>
         <size>0x38</size>
         <input_file_ref idref="fl-10a"/>
      </object_component>
      <object_component id="oc-1d4">
         <name>.text:calloc</name>
         <load_address>0x51a4</load_address>
         <run_address>0x51a4</run_address>
         <size>0x38</size>
         <input_file_ref idref="fl-e9"/>
      </object_component>
      <object_component id="oc-1c6">
         <name>.text</name>
         <load_address>0x51dc</load_address>
         <run_address>0x51dc</run_address>
         <size>0x38</size>
         <input_file_ref idref="fl-d9"/>
      </object_component>
      <object_component id="oc-45d">
         <name>.text:strncpy</name>
         <load_address>0x5214</load_address>
         <run_address>0x5214</run_address>
         <size>0x36</size>
         <input_file_ref idref="fl-101"/>
      </object_component>
      <object_component id="oc-198">
         <name>.text:IntRegister</name>
         <load_address>0x524c</load_address>
         <run_address>0x524c</run_address>
         <size>0x34</size>
         <input_file_ref idref="fl-10c"/>
      </object_component>
      <object_component id="oc-2e4">
         <name>.text:__TI_cleanup</name>
         <load_address>0x5280</load_address>
         <run_address>0x5280</run_address>
         <size>0x34</size>
         <input_file_ref idref="fl-ce"/>
      </object_component>
      <object_component id="oc-537">
         <name>.text:__TI_readmsg</name>
         <load_address>0x52b4</load_address>
         <run_address>0x52b4</run_address>
         <size>0x34</size>
         <input_file_ref idref="fl-10a"/>
      </object_component>
      <object_component id="oc-5c">
         <name>.text:_c_int00_noargs:_c_int00_noargs</name>
         <load_address>0x52e8</load_address>
         <run_address>0x52e8</run_address>
         <size>0x34</size>
         <input_file_ref idref="fl-f5"/>
      </object_component>
      <object_component id="oc-28f">
         <name>.text:_outs</name>
         <load_address>0x531c</load_address>
         <run_address>0x531c</run_address>
         <size>0x30</size>
         <input_file_ref idref="fl-cb"/>
      </object_component>
      <object_component id="oc-463">
         <name>.text:finddevice</name>
         <load_address>0x534c</load_address>
         <run_address>0x534c</run_address>
         <size>0x30</size>
         <input_file_ref idref="fl-fb"/>
      </object_component>
      <object_component id="oc-107">
         <name>.text</name>
         <load_address>0x537c</load_address>
         <run_address>0x537c</run_address>
         <size>0x2e</size>
         <input_file_ref idref="fl-da"/>
      </object_component>
      <object_component id="oc-129">
         <name>.text:fclose</name>
         <load_address>0x53ac</load_address>
         <run_address>0x53ac</run_address>
         <size>0x2c</size>
         <input_file_ref idref="fl-cc"/>
      </object_component>
      <object_component id="oc-36a">
         <name>.text:unlink</name>
         <load_address>0x53d8</load_address>
         <run_address>0x53d8</run_address>
         <size>0x2c</size>
         <input_file_ref idref="fl-102"/>
      </object_component>
      <object_component id="oc-2cc">
         <name>.text:free_list_insert</name>
         <load_address>0x5404</load_address>
         <run_address>0x5404</run_address>
         <size>0x28</size>
         <input_file_ref idref="fl-e9"/>
      </object_component>
      <object_component id="oc-51a">
         <name>.text:lseek</name>
         <load_address>0x542c</load_address>
         <run_address>0x542c</run_address>
         <size>0x28</size>
         <input_file_ref idref="fl-10b"/>
      </object_component>
      <object_component id="oc-438">
         <name>.text:write</name>
         <load_address>0x5454</load_address>
         <run_address>0x5454</run_address>
         <size>0x28</size>
         <input_file_ref idref="fl-ef"/>
      </object_component>
      <object_component id="oc-432">
         <name>.text:memchr</name>
         <load_address>0x547c</load_address>
         <run_address>0x547c</run_address>
         <size>0x20</size>
         <input_file_ref idref="fl-e8"/>
      </object_component>
      <object_component id="oc-13e">
         <name>.text:strcat</name>
         <load_address>0x549c</load_address>
         <run_address>0x549c</run_address>
         <size>0x1e</size>
         <input_file_ref idref="fl-ea"/>
      </object_component>
      <object_component id="oc-2c6">
         <name>.text:free_list_remove</name>
         <load_address>0x54bc</load_address>
         <run_address>0x54bc</run_address>
         <size>0x1c</size>
         <input_file_ref idref="fl-e9"/>
      </object_component>
      <object_component id="oc-32c">
         <name>.text:memccpy</name>
         <load_address>0x54d8</load_address>
         <run_address>0x54d8</run_address>
         <size>0x1c</size>
         <input_file_ref idref="fl-e7"/>
      </object_component>
      <object_component id="oc-498">
         <name>.text:copysign</name>
         <load_address>0x54f4</load_address>
         <run_address>0x54f4</run_address>
         <size>0x1a</size>
         <input_file_ref idref="fl-f8"/>
      </object_component>
      <object_component id="oc-295">
         <name>.text:_outc</name>
         <load_address>0x550e</load_address>
         <run_address>0x550e</run_address>
         <size>0x18</size>
         <input_file_ref idref="fl-cb"/>
      </object_component>
      <object_component id="oc-21b">
         <name>.text:_outs</name>
         <load_address>0x5526</load_address>
         <run_address>0x5526</run_address>
         <size>0x18</size>
         <input_file_ref idref="fl-ca"/>
      </object_component>
      <object_component id="oc-1e0">
         <name>.text:oi_parseInt</name>
         <load_address>0x553e</load_address>
         <run_address>0x553e</run_address>
         <size>0x18</size>
         <input_file_ref idref="fl-9"/>
      </object_component>
      <object_component id="oc-1b0">
         <name>.text:strcmp</name>
         <load_address>0x5556</load_address>
         <run_address>0x5556</run_address>
         <size>0x18</size>
         <input_file_ref idref="fl-ec"/>
      </object_component>
      <object_component id="oc-40b">
         <name>.text:strchr</name>
         <load_address>0x556e</load_address>
         <run_address>0x556e</run_address>
         <size>0x16</size>
         <input_file_ref idref="fl-eb"/>
      </object_component>
      <object_component id="oc-138">
         <name>.text:strcpy</name>
         <load_address>0x5584</load_address>
         <run_address>0x5584</run_address>
         <size>0x14</size>
         <input_file_ref idref="fl-ed"/>
      </object_component>
      <object_component id="oc-302">
         <name>.text:strlen</name>
         <load_address>0x5598</load_address>
         <run_address>0x5598</run_address>
         <size>0x14</size>
         <input_file_ref idref="fl-ee"/>
      </object_component>
      <object_component id="oc-332">
         <name>.text:wcslen</name>
         <load_address>0x55ac</load_address>
         <run_address>0x55ac</run_address>
         <size>0x12</size>
         <input_file_ref idref="fl-f9"/>
      </object_component>
      <object_component id="oc-1c0">
         <name>.text:IntMasterEnable</name>
         <load_address>0x55be</load_address>
         <run_address>0x55be</run_address>
         <size>0x10</size>
         <input_file_ref idref="fl-10c"/>
      </object_component>
      <object_component id="oc-1a3">
         <name>.text:lcd_clear</name>
         <load_address>0x55ce</load_address>
         <run_address>0x55ce</run_address>
         <size>0x10</size>
         <input_file_ref idref="fl-5"/>
      </object_component>
      <object_component id="oc-1b">
         <name>.text:decompress:none:__TI_decompress_none</name>
         <load_address>0x55de</load_address>
         <run_address>0x55de</run_address>
         <size>0xe</size>
         <input_file_ref idref="fl-df"/>
      </object_component>
      <object_component id="oc-2ab">
         <name>.text:CPUcpsie</name>
         <load_address>0x55ec</load_address>
         <run_address>0x55ec</run_address>
         <size>0xc</size>
         <input_file_ref idref="fl-10d"/>
      </object_component>
      <object_component id="oc-50">
         <name>.text:decompress:ZI:__TI_zero_init</name>
         <load_address>0x55f8</load_address>
         <run_address>0x55f8</run_address>
         <size>0xc</size>
         <input_file_ref idref="fl-de"/>
      </object_component>
      <object_component id="oc-2a">
         <name>.text</name>
         <load_address>0x5604</load_address>
         <run_address>0x5604</run_address>
         <size>0xc</size>
         <input_file_ref idref="fl-c"/>
      </object_component>
      <object_component id="oc-221">
         <name>.text:_outc</name>
         <load_address>0x5610</load_address>
         <run_address>0x5610</run_address>
         <size>0xa</size>
         <input_file_ref idref="fl-ca"/>
      </object_component>
      <object_component id="oc-338">
         <name>.text:__aeabi_errno_addr</name>
         <load_address>0x561c</load_address>
         <run_address>0x561c</run_address>
         <size>0x8</size>
         <input_file_ref idref="fl-f4"/>
      </object_component>
      <object_component id="oc-2bf">
         <name>.text:malloc</name>
         <load_address>0x5624</load_address>
         <run_address>0x5624</run_address>
         <size>0x8</size>
         <input_file_ref idref="fl-e9"/>
      </object_component>
      <object_component id="oc-22f">
         <name>.text:_outc</name>
         <load_address>0x562c</load_address>
         <run_address>0x562c</run_address>
         <size>0x4</size>
         <input_file_ref idref="fl-c8"/>
      </object_component>
      <object_component id="oc-229">
         <name>.text:_outs</name>
         <load_address>0x5630</load_address>
         <run_address>0x5630</run_address>
         <size>0x4</size>
         <input_file_ref idref="fl-c8"/>
      </object_component>
      <object_component id="oc-9c">
         <name>.text:_system_pre_init</name>
         <load_address>0x5634</load_address>
         <run_address>0x5634</run_address>
         <size>0x4</size>
         <input_file_ref idref="fl-fe"/>
      </object_component>
      <object_component id="oc-14b">
         <name>.text:abort:abort</name>
         <load_address>0x5638</load_address>
         <run_address>0x5638</run_address>
         <size>0x4</size>
         <input_file_ref idref="fl-e1"/>
      </object_component>
      <object_component id="oc-3ce">
         <name>.const:.string:_ctypes_</name>
         <load_address>0x563c</load_address>
         <run_address>0x563c</run_address>
         <size>0x101</size>
         <input_file_ref idref="fl-e5"/>
      </object_component>
      <object_component id="oc-1ea">
         <name>.const:.string:$P$T0$3</name>
         <load_address>0x573d</load_address>
         <run_address>0x573d</run_address>
         <size>0xf</size>
         <input_file_ref idref="fl-9"/>
      </object_component>
      <object_component id="oc-241">
         <name>.const:.string:$P$T0$1</name>
         <load_address>0x574c</load_address>
         <run_address>0x574c</run_address>
         <size>0xc</size>
         <input_file_ref idref="fl-8"/>
      </object_component>
      <object_component id="oc-244">
         <name>.const:.string:$P$T1$2</name>
         <load_address>0x5758</load_address>
         <run_address>0x5758</run_address>
         <size>0xc</size>
         <input_file_ref idref="fl-8"/>
      </object_component>
      <object_component id="oc-247">
         <name>.const:.string:$P$T2$3</name>
         <load_address>0x5764</load_address>
         <run_address>0x5764</run_address>
         <size>0xc</size>
         <input_file_ref idref="fl-8"/>
      </object_component>
      <object_component id="oc-24a">
         <name>.const:.string:$P$T3$4</name>
         <load_address>0x5770</load_address>
         <run_address>0x5770</run_address>
         <size>0xc</size>
         <input_file_ref idref="fl-8"/>
      </object_component>
      <object_component id="oc-1b6">
         <name>.const:.string:lineAddress$1</name>
         <load_address>0x577c</load_address>
         <run_address>0x577c</run_address>
         <size>0x4</size>
         <input_file_ref idref="fl-5"/>
      </object_component>
      <object_component id="oc-1b7">
         <name>.const:.string:lineAddresses$2</name>
         <load_address>0x5780</load_address>
         <run_address>0x5780</run_address>
         <size>0x4</size>
         <input_file_ref idref="fl-5"/>
      </object_component>
      <object_component id="oc-599">
         <name>.cinit..data.load</name>
         <load_address>0x5788</load_address>
         <run_address>0x5788</run_address>
         <size>0x73</size>
      </object_component>
      <object_component id="oc-596">
         <name>__TI_handler_table</name>
         <load_address>0x57fc</load_address>
         <run_address>0x57fc</run_address>
         <size>0xc</size>
      </object_component>
      <object_component id="oc-59a">
         <name>.cinit..bss.load</name>
         <load_address>0x5808</load_address>
         <run_address>0x5808</run_address>
         <size>0x8</size>
      </object_component>
      <object_component id="oc-598">
         <name>.cinit..vtable.load</name>
         <load_address>0x5810</load_address>
         <run_address>0x5810</run_address>
         <size>0x8</size>
      </object_component>
      <object_component id="oc-597">
         <name>__TI_cinit_table</name>
         <load_address>0x5818</load_address>
         <run_address>0x5818</run_address>
         <size>0x18</size>
      </object_component>
      <object_component id="oc-283">
         <name>.vtable</name>
         <uninitialized>true</uninitialized>
         <run_address>0x20000000</run_address>
         <size>0x26c</size>
         <input_file_ref idref="fl-10c"/>
      </object_component>
      <object_component id="oc-19e">
         <name>.data</name>
         <load_address>0x200046a5</load_address>
         <run_address>0x200046a5</run_address>
         <size>0x1</size>
         <input_file_ref idref="fl-2"/>
      </object_component>
      <object_component id="oc-196">
         <name>.data</name>
         <load_address>0x200046a6</load_address>
         <run_address>0x200046a6</run_address>
         <size>0x1</size>
         <input_file_ref idref="fl-4"/>
      </object_component>
      <object_component id="oc-1e7">
         <name>.data</name>
         <load_address>0x20004660</load_address>
         <run_address>0x20004660</run_address>
         <size>0x20</size>
         <input_file_ref idref="fl-9"/>
      </object_component>
      <object_component id="oc-1cb">
         <name>.data</name>
         <load_address>0x2000469c</load_address>
         <run_address>0x2000469c</run_address>
         <size>0x9</size>
         <input_file_ref idref="fl-a"/>
      </object_component>
      <object_component id="oc-12f">
         <name>.data</name>
         <load_address>0x200046b8</load_address>
         <run_address>0x200046b8</run_address>
         <size>0x8</size>
         <input_file_ref idref="fl-d"/>
      </object_component>
      <object_component id="oc-209">
         <name>.data</name>
         <load_address>0x200046c4</load_address>
         <run_address>0x200046c4</run_address>
         <size>0x4</size>
         <input_file_ref idref="fl-ce"/>
      </object_component>
      <object_component id="oc-265">
         <name>.data:$O1$$</name>
         <load_address>0x20004690</load_address>
         <run_address>0x20004690</run_address>
         <size>0xc</size>
         <input_file_ref idref="fl-e1"/>
      </object_component>
      <object_component id="oc-20d">
         <name>.data:$O1$$</name>
         <load_address>0x200046a8</load_address>
         <run_address>0x200046a8</run_address>
         <size>0x8</size>
         <input_file_ref idref="fl-e2"/>
      </object_component>
      <object_component id="oc-20a">
         <name>.data:_ftable</name>
         <load_address>0x200044a8</load_address>
         <run_address>0x200044a8</run_address>
         <size>0xf0</size>
         <input_file_ref idref="fl-e6"/>
      </object_component>
      <object_component id="oc-210">
         <name>.data</name>
         <load_address>0x20004680</load_address>
         <run_address>0x20004680</run_address>
         <size>0x10</size>
         <input_file_ref idref="fl-e6"/>
      </object_component>
      <object_component id="oc-3b5">
         <name>.data:$O1$$</name>
         <load_address>0x200046b0</load_address>
         <run_address>0x200046b0</run_address>
         <size>0x8</size>
         <input_file_ref idref="fl-e9"/>
      </object_component>
      <object_component id="oc-469">
         <name>.data:_device</name>
         <load_address>0x20004598</load_address>
         <run_address>0x20004598</run_address>
         <size>0x78</size>
         <input_file_ref idref="fl-f0"/>
      </object_component>
      <object_component id="oc-3c1">
         <name>.data:_stream</name>
         <load_address>0x20004610</load_address>
         <run_address>0x20004610</run_address>
         <size>0x50</size>
         <input_file_ref idref="fl-f0"/>
      </object_component>
      <object_component id="oc-3c0">
         <name>.data</name>
         <load_address>0x200046c8</load_address>
         <run_address>0x200046c8</run_address>
         <size>0x4</size>
         <input_file_ref idref="fl-f2"/>
      </object_component>
      <object_component id="oc-41b">
         <name>.data</name>
         <load_address>0x200046c0</load_address>
         <run_address>0x200046c0</run_address>
         <size>0x4</size>
         <input_file_ref idref="fl-f4"/>
      </object_component>
      <object_component id="oc-1b8">
         <name>.bss:lastbuffer$3</name>
         <uninitialized>true</uninitialized>
         <run_address>0x20004430</run_address>
         <size>0x54</size>
         <input_file_ref idref="fl-5"/>
      </object_component>
      <object_component id="oc-1f2">
         <name>.bss:firmware$2</name>
         <uninitialized>true</uninitialized>
         <run_address>0x20004484</run_address>
         <size>0x18</size>
         <input_file_ref idref="fl-9"/>
      </object_component>
      <object_component id="oc-553">
         <name>.bss:_CIOBUF_</name>
         <uninitialized>true</uninitialized>
         <run_address>0x20004270</run_address>
         <size>0x120</size>
         <input_file_ref idref="fl-10a"/>
      </object_component>
      <object_component id="oc-1a1">
         <name>.common:_timeout_ticks</name>
         <uninitialized>true</uninitialized>
         <run_address>0x200044a4</run_address>
         <size>0x4</size>
      </object_component>
      <object_component id="oc-370">
         <name>.common:__TI_tmpnams</name>
         <uninitialized>true</uninitialized>
         <run_address>0x20004390</run_address>
         <size>0xa0</size>
      </object_component>
      <object_component id="oc-53d">
         <name>.common:parmbuf</name>
         <uninitialized>true</uninitialized>
         <run_address>0x2000449c</run_address>
         <size>0x8</size>
      </object_component>
      <object_component id="oc-24">
         <name>.sysmem</name>
         <uninitialized>true</uninitialized>
         <run_address>0x20002270</run_address>
         <size>0x10</size>
         <input_file_ref idref="fl-e9"/>
      </object_component>
      <object_component id="oc-59d">
         <name>.sysmem</name>
         <uninitialized>true</uninitialized>
         <run_address>0x20002270</run_address>
         <size>0x0</size>
      </object_component>
      <object_component id="oc-27">
         <name>.stack</name>
         <uninitialized>true</uninitialized>
         <run_address>0x20000270</run_address>
         <size>0x4</size>
         <input_file_ref idref="fl-f5"/>
      </object_component>
      <object_component id="oc-59c">
         <name>.stack</name>
         <uninitialized>true</uninitialized>
         <run_address>0x20000270</run_address>
         <size>0x0</size>
      </object_component>
      <object_component id="oc-c5">
         <name>.debug_info</name>
         <load_address>0x0</load_address>
         <run_address>0x0</run_address>
         <size>0x2ba</size>
         <input_file_ref idref="fl-2"/>
      </object_component>
      <object_component id="oc-19f">
         <name>.debug_info</name>
         <load_address>0x2ba</load_address>
         <run_address>0x2ba</run_address>
         <size>0xc8</size>
         <input_file_ref idref="fl-2"/>
      </object_component>
      <object_component id="oc-e5">
         <name>.debug_info</name>
         <load_address>0x382</load_address>
         <run_address>0x382</run_address>
         <size>0x510</size>
         <input_file_ref idref="fl-2"/>
      </object_component>
      <object_component id="oc-77">
         <name>.debug_info</name>
         <load_address>0x892</load_address>
         <run_address>0x892</run_address>
         <size>0x26b</size>
         <input_file_ref idref="fl-2"/>
      </object_component>
      <object_component id="oc-39">
         <name>.debug_info</name>
         <load_address>0xafd</load_address>
         <run_address>0xafd</run_address>
         <size>0x84</size>
         <input_file_ref idref="fl-2"/>
      </object_component>
      <object_component id="oc-c0">
         <name>.debug_info</name>
         <load_address>0xb81</load_address>
         <run_address>0xb81</run_address>
         <size>0x2a4</size>
         <input_file_ref idref="fl-2"/>
      </object_component>
      <object_component id="oc-7c">
         <name>.debug_info</name>
         <load_address>0xe25</load_address>
         <run_address>0xe25</run_address>
         <size>0xbb</size>
         <input_file_ref idref="fl-2"/>
      </object_component>
      <object_component id="oc-da">
         <name>.debug_info</name>
         <load_address>0xee0</load_address>
         <run_address>0xee0</run_address>
         <size>0x2e0</size>
         <input_file_ref idref="fl-3"/>
      </object_component>
      <object_component id="oc-de">
         <name>.debug_info</name>
         <load_address>0x11c0</load_address>
         <run_address>0x11c0</run_address>
         <size>0x17d</size>
         <input_file_ref idref="fl-4"/>
      </object_component>
      <object_component id="oc-1ba">
         <name>.debug_info</name>
         <load_address>0x133d</load_address>
         <run_address>0x133d</run_address>
         <size>0x388</size>
         <input_file_ref idref="fl-5"/>
      </object_component>
      <object_component id="oc-1a5">
         <name>.debug_info</name>
         <load_address>0x16c5</load_address>
         <run_address>0x16c5</run_address>
         <size>0x11d</size>
         <input_file_ref idref="fl-5"/>
      </object_component>
      <object_component id="oc-ea">
         <name>.debug_info</name>
         <load_address>0x17e2</load_address>
         <run_address>0x17e2</run_address>
         <size>0x8a9</size>
         <input_file_ref idref="fl-5"/>
      </object_component>
      <object_component id="oc-25a">
         <name>.debug_info</name>
         <load_address>0x208b</load_address>
         <run_address>0x208b</run_address>
         <size>0xcc</size>
         <input_file_ref idref="fl-5"/>
      </object_component>
      <object_component id="oc-1bb">
         <name>.debug_info</name>
         <load_address>0x2157</load_address>
         <run_address>0x2157</run_address>
         <size>0x2c</size>
         <input_file_ref idref="fl-5"/>
      </object_component>
      <object_component id="oc-25f">
         <name>.debug_info</name>
         <load_address>0x2183</load_address>
         <run_address>0x2183</run_address>
         <size>0x35</size>
         <input_file_ref idref="fl-5"/>
      </object_component>
      <object_component id="oc-14a">
         <name>.debug_info</name>
         <load_address>0x21b8</load_address>
         <run_address>0x21b8</run_address>
         <size>0x6dc</size>
         <input_file_ref idref="fl-6"/>
      </object_component>
      <object_component id="oc-a3">
         <name>.debug_info</name>
         <load_address>0x2894</load_address>
         <run_address>0x2894</run_address>
         <size>0x8f8</size>
         <input_file_ref idref="fl-6"/>
      </object_component>
      <object_component id="oc-255">
         <name>.debug_info</name>
         <load_address>0x318c</load_address>
         <run_address>0x318c</run_address>
         <size>0x5aa</size>
         <input_file_ref idref="fl-6"/>
      </object_component>
      <object_component id="oc-145">
         <name>.debug_info</name>
         <load_address>0x3736</load_address>
         <run_address>0x3736</run_address>
         <size>0x8b</size>
         <input_file_ref idref="fl-6"/>
      </object_component>
      <object_component id="oc-202">
         <name>.debug_info</name>
         <load_address>0x37c1</load_address>
         <run_address>0x37c1</run_address>
         <size>0x301</size>
         <input_file_ref idref="fl-7"/>
      </object_component>
      <object_component id="oc-112">
         <name>.debug_info</name>
         <load_address>0x3ac2</load_address>
         <run_address>0x3ac2</run_address>
         <size>0x983</size>
         <input_file_ref idref="fl-7"/>
      </object_component>
      <object_component id="oc-24e">
         <name>.debug_info</name>
         <load_address>0x4445</load_address>
         <run_address>0x4445</run_address>
         <size>0x30f</size>
         <input_file_ref idref="fl-8"/>
      </object_component>
      <object_component id="oc-242">
         <name>.debug_info</name>
         <load_address>0x4754</load_address>
         <run_address>0x4754</run_address>
         <size>0xc5</size>
         <input_file_ref idref="fl-8"/>
      </object_component>
      <object_component id="oc-245">
         <name>.debug_info</name>
         <load_address>0x4819</load_address>
         <run_address>0x4819</run_address>
         <size>0xc5</size>
         <input_file_ref idref="fl-8"/>
      </object_component>
      <object_component id="oc-248">
         <name>.debug_info</name>
         <load_address>0x48de</load_address>
         <run_address>0x48de</run_address>
         <size>0xc5</size>
         <input_file_ref idref="fl-8"/>
      </object_component>
      <object_component id="oc-24b">
         <name>.debug_info</name>
         <load_address>0x49a3</load_address>
         <run_address>0x49a3</run_address>
         <size>0xc5</size>
         <input_file_ref idref="fl-8"/>
      </object_component>
      <object_component id="oc-133">
         <name>.debug_info</name>
         <load_address>0x4a68</load_address>
         <run_address>0x4a68</run_address>
         <size>0x317</size>
         <input_file_ref idref="fl-8"/>
      </object_component>
      <object_component id="oc-1f4">
         <name>.debug_info</name>
         <load_address>0x4d7f</load_address>
         <run_address>0x4d7f</run_address>
         <size>0x405</size>
         <input_file_ref idref="fl-9"/>
      </object_component>
      <object_component id="oc-1e8">
         <name>.debug_info</name>
         <load_address>0x5184</load_address>
         <run_address>0x5184</run_address>
         <size>0x11a</size>
         <input_file_ref idref="fl-9"/>
      </object_component>
      <object_component id="oc-1eb">
         <name>.debug_info</name>
         <load_address>0x529e</load_address>
         <run_address>0x529e</run_address>
         <size>0xcf</size>
         <input_file_ref idref="fl-9"/>
      </object_component>
      <object_component id="oc-1e2">
         <name>.debug_info</name>
         <load_address>0x536d</load_address>
         <run_address>0x536d</run_address>
         <size>0x147</size>
         <input_file_ref idref="fl-9"/>
      </object_component>
      <object_component id="oc-103">
         <name>.debug_info</name>
         <load_address>0x54b4</load_address>
         <run_address>0x54b4</run_address>
         <size>0x1991</size>
         <input_file_ref idref="fl-9"/>
      </object_component>
      <object_component id="oc-1cf">
         <name>.debug_info</name>
         <load_address>0x6e45</load_address>
         <run_address>0x6e45</run_address>
         <size>0x373</size>
         <input_file_ref idref="fl-a"/>
      </object_component>
      <object_component id="oc-1cc">
         <name>.debug_info</name>
         <load_address>0x71b8</load_address>
         <run_address>0x71b8</run_address>
         <size>0x107</size>
         <input_file_ref idref="fl-a"/>
      </object_component>
      <object_component id="oc-f2">
         <name>.debug_info</name>
         <load_address>0x72bf</load_address>
         <run_address>0x72bf</run_address>
         <size>0x2eb</size>
         <input_file_ref idref="fl-a"/>
      </object_component>
      <object_component id="oc-2b7">
         <name>.debug_info</name>
         <load_address>0x75aa</load_address>
         <run_address>0x75aa</run_address>
         <size>0x44</size>
         <input_file_ref idref="fl-a"/>
      </object_component>
      <object_component id="oc-1d3">
         <name>.debug_info</name>
         <load_address>0x75ee</load_address>
         <run_address>0x75ee</run_address>
         <size>0x357</size>
         <input_file_ref idref="fl-b"/>
      </object_component>
      <object_component id="oc-fd">
         <name>.debug_info</name>
         <load_address>0x7945</load_address>
         <run_address>0x7945</run_address>
         <size>0x321</size>
         <input_file_ref idref="fl-b"/>
      </object_component>
      <object_component id="oc-32">
         <name>.debug_info</name>
         <load_address>0x7c66</load_address>
         <run_address>0x7c66</run_address>
         <size>0x2a4</size>
         <input_file_ref idref="fl-c"/>
      </object_component>
      <object_component id="oc-13">
         <name>.debug_info</name>
         <load_address>0x7f0a</load_address>
         <run_address>0x7f0a</run_address>
         <size>0xe3</size>
         <input_file_ref idref="fl-c"/>
      </object_component>
      <object_component id="oc-2b">
         <name>.debug_info</name>
         <load_address>0x7fed</load_address>
         <run_address>0x7fed</run_address>
         <size>0x25f</size>
         <input_file_ref idref="fl-c"/>
      </object_component>
      <object_component id="oc-1d1">
         <name>.debug_info</name>
         <load_address>0x824c</load_address>
         <run_address>0x824c</run_address>
         <size>0x2cb</size>
         <input_file_ref idref="fl-d"/>
      </object_component>
      <object_component id="oc-130">
         <name>.debug_info</name>
         <load_address>0x8517</load_address>
         <run_address>0x8517</run_address>
         <size>0xf0</size>
         <input_file_ref idref="fl-d"/>
      </object_component>
      <object_component id="oc-f8">
         <name>.debug_info</name>
         <load_address>0x8607</load_address>
         <run_address>0x8607</run_address>
         <size>0x416</size>
         <input_file_ref idref="fl-d"/>
      </object_component>
      <object_component id="oc-236">
         <name>.debug_info</name>
         <load_address>0x8a1d</load_address>
         <run_address>0x8a1d</run_address>
         <size>0x3c8</size>
         <input_file_ref idref="fl-c8"/>
      </object_component>
      <object_component id="oc-232">
         <name>.debug_info</name>
         <load_address>0x8de5</load_address>
         <run_address>0x8de5</run_address>
         <size>0x15a</size>
         <input_file_ref idref="fl-c8"/>
      </object_component>
      <object_component id="oc-22c">
         <name>.debug_info</name>
         <load_address>0x8f3f</load_address>
         <run_address>0x8f3f</run_address>
         <size>0x169</size>
         <input_file_ref idref="fl-c8"/>
      </object_component>
      <object_component id="oc-127">
         <name>.debug_info</name>
         <load_address>0x90a8</load_address>
         <run_address>0x90a8</run_address>
         <size>0x1cf</size>
         <input_file_ref idref="fl-c8"/>
      </object_component>
      <object_component id="oc-2fd">
         <name>.debug_info</name>
         <load_address>0x9277</load_address>
         <run_address>0x9277</run_address>
         <size>0xb2</size>
         <input_file_ref idref="fl-c8"/>
      </object_component>
      <object_component id="oc-33f">
         <name>.debug_info</name>
         <load_address>0x9329</load_address>
         <run_address>0x9329</run_address>
         <size>0x590</size>
         <input_file_ref idref="fl-c9"/>
      </object_component>
      <object_component id="oc-312">
         <name>.debug_info</name>
         <load_address>0x98b9</load_address>
         <run_address>0x98b9</run_address>
         <size>0x21e</size>
         <input_file_ref idref="fl-c9"/>
      </object_component>
      <object_component id="oc-3e8">
         <name>.debug_info</name>
         <load_address>0x9ad7</load_address>
         <run_address>0x9ad7</run_address>
         <size>0x1b3</size>
         <input_file_ref idref="fl-c9"/>
      </object_component>
      <object_component id="oc-3ee">
         <name>.debug_info</name>
         <load_address>0x9c8a</load_address>
         <run_address>0x9c8a</run_address>
         <size>0x21b</size>
         <input_file_ref idref="fl-c9"/>
      </object_component>
      <object_component id="oc-318">
         <name>.debug_info</name>
         <load_address>0x9ea5</load_address>
         <run_address>0x9ea5</run_address>
         <size>0x3c0</size>
         <input_file_ref idref="fl-c9"/>
      </object_component>
      <object_component id="oc-3f5">
         <name>.debug_info</name>
         <load_address>0xa265</load_address>
         <run_address>0xa265</run_address>
         <size>0x30a</size>
         <input_file_ref idref="fl-c9"/>
      </object_component>
      <object_component id="oc-3fb">
         <name>.debug_info</name>
         <load_address>0xa56f</load_address>
         <run_address>0xa56f</run_address>
         <size>0x215</size>
         <input_file_ref idref="fl-c9"/>
      </object_component>
      <object_component id="oc-31e">
         <name>.debug_info</name>
         <load_address>0xa784</load_address>
         <run_address>0xa784</run_address>
         <size>0x215</size>
         <input_file_ref idref="fl-c9"/>
      </object_component>
      <object_component id="oc-324">
         <name>.debug_info</name>
         <load_address>0xa999</load_address>
         <run_address>0xa999</run_address>
         <size>0x304</size>
         <input_file_ref idref="fl-c9"/>
      </object_component>
      <object_component id="oc-32a">
         <name>.debug_info</name>
         <load_address>0xac9d</load_address>
         <run_address>0xac9d</run_address>
         <size>0x4b5</size>
         <input_file_ref idref="fl-c9"/>
      </object_component>
      <object_component id="oc-218">
         <name>.debug_info</name>
         <load_address>0xb152</load_address>
         <run_address>0xb152</run_address>
         <size>0x5f4</size>
         <input_file_ref idref="fl-c9"/>
      </object_component>
      <object_component id="oc-340">
         <name>.debug_info</name>
         <load_address>0xb746</load_address>
         <run_address>0xb746</run_address>
         <size>0x86</size>
         <input_file_ref idref="fl-c9"/>
      </object_component>
      <object_component id="oc-422">
         <name>.debug_info</name>
         <load_address>0xb7cc</load_address>
         <run_address>0xb7cc</run_address>
         <size>0x39</size>
         <input_file_ref idref="fl-c9"/>
      </object_component>
      <object_component id="oc-4af">
         <name>.debug_info</name>
         <load_address>0xb805</load_address>
         <run_address>0xb805</run_address>
         <size>0xb6</size>
         <input_file_ref idref="fl-c9"/>
      </object_component>
      <object_component id="oc-427">
         <name>.debug_info</name>
         <load_address>0xb8bb</load_address>
         <run_address>0xb8bb</run_address>
         <size>0x46</size>
         <input_file_ref idref="fl-c9"/>
      </object_component>
      <object_component id="oc-345">
         <name>.debug_info</name>
         <load_address>0xb901</load_address>
         <run_address>0xb901</run_address>
         <size>0x46</size>
         <input_file_ref idref="fl-c9"/>
      </object_component>
      <object_component id="oc-29d">
         <name>.debug_info</name>
         <load_address>0xb947</load_address>
         <run_address>0xb947</run_address>
         <size>0x2c</size>
         <input_file_ref idref="fl-c9"/>
      </object_component>
      <object_component id="oc-228">
         <name>.debug_info</name>
         <load_address>0xb973</load_address>
         <run_address>0xb973</run_address>
         <size>0x333</size>
         <input_file_ref idref="fl-ca"/>
      </object_component>
      <object_component id="oc-11e">
         <name>.debug_info</name>
         <load_address>0xbca6</load_address>
         <run_address>0xbca6</run_address>
         <size>0x1d1</size>
         <input_file_ref idref="fl-ca"/>
      </object_component>
      <object_component id="oc-21c">
         <name>.debug_info</name>
         <load_address>0xbe77</load_address>
         <run_address>0xbe77</run_address>
         <size>0x18d</size>
         <input_file_ref idref="fl-ca"/>
      </object_component>
      <object_component id="oc-222">
         <name>.debug_info</name>
         <load_address>0xc004</load_address>
         <run_address>0xc004</run_address>
         <size>0x16d</size>
         <input_file_ref idref="fl-ca"/>
      </object_component>
      <object_component id="oc-29c">
         <name>.debug_info</name>
         <load_address>0xc171</load_address>
         <run_address>0xc171</run_address>
         <size>0x340</size>
         <input_file_ref idref="fl-cb"/>
      </object_component>
      <object_component id="oc-1ae">
         <name>.debug_info</name>
         <load_address>0xc4b1</load_address>
         <run_address>0xc4b1</run_address>
         <size>0x208</size>
         <input_file_ref idref="fl-cb"/>
      </object_component>
      <object_component id="oc-293">
         <name>.debug_info</name>
         <load_address>0xc6b9</load_address>
         <run_address>0xc6b9</run_address>
         <size>0x1c6</size>
         <input_file_ref idref="fl-cb"/>
      </object_component>
      <object_component id="oc-297">
         <name>.debug_info</name>
         <load_address>0xc87f</load_address>
         <run_address>0xc87f</run_address>
         <size>0x179</size>
         <input_file_ref idref="fl-cb"/>
      </object_component>
      <object_component id="oc-2a2">
         <name>.debug_info</name>
         <load_address>0xc9f8</load_address>
         <run_address>0xc9f8</run_address>
         <size>0x69</size>
         <input_file_ref idref="fl-cb"/>
      </object_component>
      <object_component id="oc-23e">
         <name>.debug_info</name>
         <load_address>0xca61</load_address>
         <run_address>0xca61</run_address>
         <size>0x3a5</size>
         <input_file_ref idref="fl-cc"/>
      </object_component>
      <object_component id="oc-23b">
         <name>.debug_info</name>
         <load_address>0xce06</load_address>
         <run_address>0xce06</run_address>
         <size>0x1f3</size>
         <input_file_ref idref="fl-cc"/>
      </object_component>
      <object_component id="oc-12d">
         <name>.debug_info</name>
         <load_address>0xcff9</load_address>
         <run_address>0xcff9</run_address>
         <size>0x19d</size>
         <input_file_ref idref="fl-cc"/>
      </object_component>
      <object_component id="oc-443">
         <name>.debug_info</name>
         <load_address>0xd196</load_address>
         <run_address>0xd196</run_address>
         <size>0x347</size>
         <input_file_ref idref="fl-cd"/>
      </object_component>
      <object_component id="oc-362">
         <name>.debug_info</name>
         <load_address>0xd4dd</load_address>
         <run_address>0xd4dd</run_address>
         <size>0x18a</size>
         <input_file_ref idref="fl-cd"/>
      </object_component>
      <object_component id="oc-214">
         <name>.debug_info</name>
         <load_address>0xd667</load_address>
         <run_address>0xd667</run_address>
         <size>0x3f5</size>
         <input_file_ref idref="fl-ce"/>
      </object_component>
      <object_component id="oc-207">
         <name>.debug_info</name>
         <load_address>0xda5c</load_address>
         <run_address>0xda5c</run_address>
         <size>0x20e</size>
         <input_file_ref idref="fl-ce"/>
      </object_component>
      <object_component id="oc-2e8">
         <name>.debug_info</name>
         <load_address>0xdc6a</load_address>
         <run_address>0xdc6a</run_address>
         <size>0x176</size>
         <input_file_ref idref="fl-ce"/>
      </object_component>
      <object_component id="oc-11b">
         <name>.debug_info</name>
         <load_address>0xdde0</load_address>
         <run_address>0xdde0</run_address>
         <size>0x1cd</size>
         <input_file_ref idref="fl-ce"/>
      </object_component>
      <object_component id="oc-b6">
         <name>.debug_info</name>
         <load_address>0xdfad</load_address>
         <run_address>0xdfad</run_address>
         <size>0x2c</size>
         <input_file_ref idref="fl-ce"/>
      </object_component>
      <object_component id="oc-441">
         <name>.debug_info</name>
         <load_address>0xdfd9</load_address>
         <run_address>0xdfd9</run_address>
         <size>0x383</size>
         <input_file_ref idref="fl-cf"/>
      </object_component>
      <object_component id="oc-356">
         <name>.debug_info</name>
         <load_address>0xe35c</load_address>
         <run_address>0xe35c</run_address>
         <size>0x1ea</size>
         <input_file_ref idref="fl-cf"/>
      </object_component>
      <object_component id="oc-43f">
         <name>.debug_info</name>
         <load_address>0xe546</load_address>
         <run_address>0xe546</run_address>
         <size>0x3fc</size>
         <input_file_ref idref="fl-d0"/>
      </object_component>
      <object_component id="oc-34f">
         <name>.debug_info</name>
         <load_address>0xe942</load_address>
         <run_address>0xe942</run_address>
         <size>0x2e2</size>
         <input_file_ref idref="fl-d0"/>
[...]
         <name>calibrate</name>
         <value>0x2d57</value>
         <object_component_ref idref="oc-fb"/>
      </symbol>
      <symbol id="sm-353">
         <name>ResetISR</name>
         <value>0x5605</value>
         <object_component_ref idref="oc-2a"/>
      </symbol>
      <symbol id="sm-354">
         <name>g_pfnVectors</name>
         <value>0x0</value>
         <object_component_ref idref="oc-12"/>
      </symbol>
      <symbol id="sm-399">
         <name>UART1_Handler</name>
         <value>0x28bd</value>
         <object_component_ref idref="oc-f5"/>
      </symbol>
      <symbol id="sm-39a">
         <name>num</name>
         <value>0x200046bc</value>
         <object_component_ref idref="oc-12f"/>
      </symbol>
      <symbol id="sm-39b">
         <name>uart_sendChar</name>
         <value>0x2857</value>
         <object_component_ref idref="oc-f5"/>
      </symbol>
      <symbol id="sm-39c">
         <name>uart_interrupt_init</name>
         <value>0x27a1</value>
         <object_component_ref idref="oc-f5"/>
      </symbol>
      <symbol id="sm-39d">
         <name>command_flag</name>
         <value>0x200046b8</value>
         <object_component_ref idref="oc-12f"/>
      </symbol>
      <symbol id="sm-39e">
         <name>uart_receive_nonblocking</name>
         <value>0x2887</value>
         <object_component_ref idref="oc-f5"/>
      </symbol>
      <symbol id="sm-39f">
         <name>uart_receive</name>
         <value>0x2873</value>
         <object_component_ref idref="oc-f5"/>
      </symbol>
      <symbol id="sm-3a0">
         <name>uart_sendStr</name>
         <value>0x289f</value>
         <object_component_ref idref="oc-f5"/>
      </symbol>
      <symbol id="sm-3cb">
         <name>fprintf</name>
         <value>0x4a7d</value>
         <object_component_ref idref="oc-123"/>
      </symbol>
      <symbol id="sm-535">
         <name>__TI_printfi</name>
         <value>0xe8d</value>
         <object_component_ref idref="oc-215"/>
      </symbol>
      <symbol id="sm-557">
         <name>sprintf</name>
         <value>0x50ad</value>
         <object_component_ref idref="oc-11d"/>
      </symbol>
      <symbol id="sm-581">
         <name>vsnprintf</name>
         <value>0x50ed</value>
         <object_component_ref idref="oc-1aa"/>
      </symbol>
      <symbol id="sm-5a1">
         <name>__TI_closefile</name>
         <value>0x470d</value>
         <object_component_ref idref="oc-237"/>
      </symbol>
      <symbol id="sm-5a2">
         <name>fclose</name>
         <value>0x53ad</value>
         <object_component_ref idref="oc-129"/>
      </symbol>
      <symbol id="sm-5b2">
         <name>__TI_doflush</name>
         <value>0x4e75</value>
         <object_component_ref idref="oc-35e"/>
      </symbol>
      <symbol id="sm-5fe">
         <name>__TI_cleanup</name>
         <value>0x5281</value>
         <object_component_ref idref="oc-2e4"/>
      </symbol>
      <symbol id="sm-5ff">
         <name>fopen</name>
         <value>0x42a5</value>
         <object_component_ref idref="oc-117"/>
      </symbol>
      <symbol id="sm-614">
         <name>putc</name>
         <value>0x4475</value>
         <object_component_ref idref="oc-355"/>
      </symbol>
      <symbol id="sm-615">
         <name>fputc</name>
         <value>0x4475</value>
         <object_component_ref idref="oc-355"/>
      </symbol>
      <symbol id="sm-638">
         <name>fputs</name>
         <value>0x3a45</value>
         <object_component_ref idref="oc-34e"/>
      </symbol>
      <symbol id="sm-650">
         <name>__TI_wrt_ok</name>
         <value>0x4ba9</value>
         <object_component_ref idref="oc-42c"/>
      </symbol>
      <symbol id="sm-66c">
         <name>setvbuf</name>
         <value>0x4059</value>
         <object_component_ref idref="oc-4ba"/>
      </symbol>
      <symbol id="sm-683">
         <name>__aeabi_dsub</name>
         <value>0x34f5</value>
         <object_component_ref idref="oc-190"/>
      </symbol>
      <symbol id="sm-684">
         <name>__aeabi_dadd</name>
         <value>0x34ff</value>
         <object_component_ref idref="oc-190"/>
      </symbol>
      <symbol id="sm-6a6">
         <name>__aeabi_cdcmpeq</name>
         <value>0x4501</value>
         <object_component_ref idref="oc-1f7"/>
      </symbol>
      <symbol id="sm-6a7">
         <name>__aeabi_cdcmple</name>
         <value>0x4501</value>
         <object_component_ref idref="oc-1f7"/>
      </symbol>
      <symbol id="sm-6a8">
         <name>__aeabi_cdrcmple</name>
         <value>0x4587</value>
         <object_component_ref idref="oc-3d9"/>
      </symbol>
      <symbol id="sm-6bc">
         <name>__aeabi_ddiv</name>
         <value>0x37e9</value>
         <object_component_ref idref="oc-18b"/>
      </symbol>
      <symbol id="sm-6c7">
         <name>__aeabi_dmul</name>
         <value>0x3e79</value>
         <object_component_ref idref="oc-10c"/>
      </symbol>
      <symbol id="sm-6d1">
         <name>__aeabi_d2iz</name>
         <value>0x4f55</value>
         <object_component_ref idref="oc-1fc"/>
      </symbol>
      <symbol id="sm-6dd">
         <name>__aeabi_d2f</name>
         <value>0x48d3</value>
         <object_component_ref idref="oc-1ed"/>
      </symbol>
      <symbol id="sm-6e8">
         <name>__aeabi_f2d</name>
         <value>0x51dd</value>
         <object_component_ref idref="oc-1c6"/>
      </symbol>
      <symbol id="sm-6f2">
         <name>__aeabi_i2d</name>
         <value>0x537d</value>
         <object_component_ref idref="oc-107"/>
      </symbol>
      <symbol id="sm-70d">
         <name>memcpy</name>
         <value>0x4341</value>
         <object_component_ref idref="oc-3e"/>
      </symbol>
      <symbol id="sm-70e">
         <name>__aeabi_memcpy</name>
         <value>0x4341</value>
         <object_component_ref idref="oc-3e"/>
      </symbol>
      <symbol id="sm-70f">
         <name>__aeabi_memcpy8</name>
         <value>0x4341</value>
         <object_component_ref idref="oc-3e"/>
      </symbol>
      <symbol id="sm-710">
         <name>__aeabi_memcpy4</name>
         <value>0x4341</value>
         <object_component_ref idref="oc-3e"/>
      </symbol>
      <symbol id="sm-71f">
         <name>__aeabi_memset</name>
         <value>0x4693</value>
         <object_component_ref idref="oc-96"/>
      </symbol>
      <symbol id="sm-720">
         <name>memset</name>
         <value>0x4699</value>
         <object_component_ref idref="oc-96"/>
      </symbol>
      <symbol id="sm-721">
         <name>__aeabi_memset8</name>
         <value>0x4693</value>
         <object_component_ref idref="oc-96"/>
      </symbol>
      <symbol id="sm-722">
         <name>__aeabi_memset4</name>
         <value>0x4693</value>
         <object_component_ref idref="oc-96"/>
      </symbol>
      <symbol id="sm-723">
         <name>__aeabi_memclr8</name>
         <value>0x4691</value>
         <object_component_ref idref="oc-96"/>
      </symbol>
      <symbol id="sm-724">
         <name>__aeabi_memclr4</name>
         <value>0x4691</value>
         <object_component_ref idref="oc-96"/>
      </symbol>
      <symbol id="sm-725">
         <name>__aeabi_memclr</name>
         <value>0x4691</value>
         <object_component_ref idref="oc-96"/>
      </symbol>
      <symbol id="sm-732">
         <name>__aeabi_uldivmod</name>
         <value>0x43dd</value>
         <object_component_ref idref="oc-3d3"/>
      </symbol>
      <symbol id="sm-744">
         <name>__TI_zero_init</name>
         <value>0x55f9</value>
         <object_component_ref idref="oc-50"/>
      </symbol>
      <symbol id="sm-75b">
         <name>__TI_decompress_none</name>
         <value>0x55df</value>
         <object_component_ref idref="oc-1b"/>
      </symbol>
      <symbol id="sm-77e">
         <name>__TI_decompress_lzss</name>
         <value>0x4a15</value>
         <object_component_ref idref="oc-15"/>
      </symbol>
      <symbol id="sm-7a4">
         <name>C$$EXIT</name>
         <value>0x5639</value>
         <object_component_ref idref="oc-14b"/>
      </symbol>
      <symbol id="sm-7a5">
         <name>abort</name>
         <value>0x5639</value>
         <object_component_ref idref="oc-14b"/>
      </symbol>
      <symbol id="sm-7a6">
         <name>__TI_dtors_ptr</name>
         <value>0x20004694</value>
         <object_component_ref idref="oc-265"/>
      </symbol>
      <symbol id="sm-7a7">
         <name>__TI_cleanup_ptr</name>
         <value>0x20004690</value>
         <object_component_ref idref="oc-265"/>
      </symbol>
      <symbol id="sm-7a8">
         <name>__TI_enable_exit_profile_output</name>
         <value>0x20004698</value>
         <object_component_ref idref="oc-265"/>
      </symbol>
      <symbol id="sm-7a9">
         <name>exit</name>
         <value>0x4f0d</value>
         <object_component_ref idref="oc-151"/>
      </symbol>
      <symbol id="sm-7be">
         <name>_nop</name>
         <value>0x18db</value>
         <object_component_ref idref="oc-2ef"/>
      </symbol>
      <symbol id="sm-7bf">
         <name>_lock</name>
         <value>0x200046a8</value>
         <object_component_ref idref="oc-20d"/>
      </symbol>
      <symbol id="sm-7c0">
         <name>_unlock</name>
         <value>0x200046ac</value>
         <object_component_ref idref="oc-20d"/>
      </symbol>
      <symbol id="sm-7cf">
         <name>__TI_ltoa</name>
         <value>0x4dcf</value>
         <object_component_ref idref="oc-3de"/>
      </symbol>
      <symbol id="sm-7e5">
         <name>atoi</name>
         <value>0x4ec1</value>
         <object_component_ref idref="oc-308"/>
      </symbol>
      <symbol id="sm-7f0">
         <name>_ctypes_</name>
         <value>0x563c</value>
         <object_component_ref idref="oc-3ce"/>
      </symbol>
      <symbol id="sm-805">
         <name>__TI_tmpnams</name>
         <value>0x20004390</value>
      </symbol>
      <symbol id="sm-806">
         <name>__aeabi_stdout</name>
         <value>0x20004688</value>
         <object_component_ref idref="oc-210"/>
      </symbol>
      <symbol id="sm-807">
         <name>__aeabi_stderr</name>
         <value>0x2000468c</value>
         <object_component_ref idref="oc-210"/>
      </symbol>
      <symbol id="sm-808">
         <name>__aeabi_stdin</name>
         <value>0x20004684</value>
         <object_component_ref idref="oc-210"/>
      </symbol>
      <symbol id="sm-809">
         <name>_ftable</name>
         <value>0x200044a8</value>
         <object_component_ref idref="oc-20a"/>
      </symbol>
      <symbol id="sm-80a">
         <name>__TI_ft_end</name>
         <value>0x20004680</value>
         <object_component_ref idref="oc-210"/>
      </symbol>
      <symbol id="sm-81a">
         <name>memccpy</name>
         <value>0x54d9</value>
         <object_component_ref idref="oc-32c"/>
      </symbol>
      <symbol id="sm-82a">
         <name>memchr</name>
         <value>0x547d</value>
         <object_component_ref idref="oc-432"/>
      </symbol>
      <symbol id="sm-8ba">
         <name>_sys_memory</name>
         <value>0x20002270</value>
         <object_component_ref idref="oc-24"/>
      </symbol>
      <symbol id="sm-8bb">
         <name>free</name>
         <value>0x3f75</value>
         <object_component_ref idref="oc-1da"/>
      </symbol>
      <symbol id="sm-8bc">
         <name>memalign</name>
         <value>0x3d79</value>
         <object_component_ref idref="oc-3ae"/>
      </symbol>
      <symbol id="sm-8bd">
         <name>calloc</name>
         <value>0x51a5</value>
         <object_component_ref idref="oc-1d4"/>
      </symbol>
      <symbol id="sm-8be">
         <name>malloc</name>
         <value>0x5625</value>
         <object_component_ref idref="oc-2bf"/>
      </symbol>
      <symbol id="sm-8bf">
         <name>aligned_alloc</name>
         <value>0x3d79</value>
         <object_component_ref idref="oc-3ae"/>
      </symbol>
      <symbol id="sm-8cf">
         <name>strcat</name>
         <value>0x549d</value>
         <object_component_ref idref="oc-13e"/>
      </symbol>
      <symbol id="sm-8df">
         <name>strchr</name>
         <value>0x556f</value>
         <object_component_ref idref="oc-40b"/>
      </symbol>
      <symbol id="sm-8ee">
         <name>strcmp</name>
         <value>0x5557</value>
         <object_component_ref idref="oc-1b0"/>
      </symbol>
      <symbol id="sm-8fc">
         <name>strcpy</name>
         <value>0x5585</value>
         <object_component_ref idref="oc-138"/>
      </symbol>
      <symbol id="sm-90a">
         <name>strlen</name>
         <value>0x5599</value>
         <object_component_ref idref="oc-302"/>
      </symbol>
      <symbol id="sm-924">
         <name>write</name>
         <value>0x5455</value>
         <object_component_ref idref="oc-438"/>
      </symbol>
      <symbol id="sm-935">
         <name>_stream</name>
         <value>0x20004610</value>
         <object_component_ref idref="oc-3c1"/>
      </symbol>
      <symbol id="sm-936">
         <name>_device</name>
         <value>0x20004598</value>
         <object_component_ref idref="oc-469"/>
      </symbol>
      <symbol id="sm-954">
         <name>open</name>
         <value>0x4135</value>
         <object_component_ref idref="oc-2de"/>
      </symbol>
      <symbol id="sm-968">
         <name>close</name>
         <value>0x4c6d</value>
         <object_component_ref idref="oc-364"/>
      </symbol>
      <symbol id="sm-97e">
         <name>__aeabi_errno_addr</name>
         <value>0x561d</value>
         <object_component_ref idref="oc-338"/>
      </symbol>
      <symbol id="sm-97f">
         <name>errno</name>
         <value>0x200046c0</value>
         <object_component_ref idref="oc-41b"/>
      </symbol>
      <symbol id="sm-992">
         <name>__stack</name>
         <value>0x20000270</value>
         <object_component_ref idref="oc-27"/>
      </symbol>
      <symbol id="sm-993">
         <name>_c_int00_noargs</name>
         <value>0x52e9</value>
         <object_component_ref idref="oc-5c"/>
      </symbol>
      <symbol id="sm-9b3">
         <name>frexpl</name>
         <value>0x4ae1</value>
         <object_component_ref idref="oc-3ff"/>
      </symbol>
      <symbol id="sm-9b4">
         <name>frexp</name>
         <value>0x4ae1</value>
         <object_component_ref idref="oc-3ff"/>
      </symbol>
      <symbol id="sm-9d1">
         <name>scalbn</name>
         <value>0x3c69</value>
         <object_component_ref idref="oc-405"/>
      </symbol>
      <symbol id="sm-9d2">
         <name>scalbnl</name>
         <value>0x3c69</value>
         <object_component_ref idref="oc-405"/>
      </symbol>
      <symbol id="sm-9d3">
         <name>ldexpl</name>
         <value>0x3c69</value>
         <object_component_ref idref="oc-405"/>
      </symbol>
      <symbol id="sm-9d4">
         <name>ldexp</name>
         <value>0x3c69</value>
         <object_component_ref idref="oc-405"/>
      </symbol>
      <symbol id="sm-9de">
         <name>copysign</name>
         <value>0x54f5</value>
         <object_component_ref idref="oc-498"/>
      </symbol>
      <symbol id="sm-9df">
         <name>copysignl</name>
         <value>0x54f5</value>
         <object_component_ref idref="oc-498"/>
      </symbol>
      <symbol id="sm-9f8">
         <name>wcslen</name>
         <value>0x55ad</value>
         <object_component_ref idref="oc-332"/>
      </symbol>
      <symbol id="sm-a0a">
         <name>fseek</name>
         <value>0x4b45</value>
         <object_component_ref idref="oc-4b4"/>
      </symbol>
      <symbol id="sm-a2d">
         <name>finddevice</name>
         <value>0x534d</value>
         <object_component_ref idref="oc-463"/>
      </symbol>
      <symbol id="sm-a2e">
         <name>getdevice</name>
         <value>0x5069</value>
         <object_component_ref idref="oc-3ba"/>
      </symbol>
      <symbol id="sm-a38">
         <name>__aeabi_idiv0</name>
         <value>0x36ab</value>
         <object_component_ref idref="oc-484"/>
      </symbol>
      <symbol id="sm-a39">
         <name>__aeabi_ldiv0</name>
         <value>0x36ab</value>
         <object_component_ref idref="oc-484"/>
      </symbol>
      <symbol id="sm-a61">
         <name>__TI_auto_init_nobinit_nopinit</name>
         <value>0x5025</value>
         <object_component_ref idref="oc-157"/>
      </symbol>
      <symbol id="sm-a6b">
         <name>_system_pre_init</name>
         <value>0x5635</value>
         <object_component_ref idref="oc-9c"/>
      </symbol>
      <symbol id="sm-a7d">
         <name>strncpy</name>
         <value>0x5215</value>
         <object_component_ref idref="oc-45d"/>
      </symbol>
      <symbol id="sm-a8d">
         <name>unlink</name>
         <value>0x53d9</value>
         <object_component_ref idref="oc-36a"/>
      </symbol>
      <symbol id="sm-a9e">
         <name>HOSTclose</name>
         <value>0x4f9d</value>
         <object_component_ref idref="oc-4df"/>
      </symbol>
      <symbol id="sm-aaf">
         <name>HOSTlseek</name>
         <value>0x49ad</value>
         <object_component_ref idref="oc-4f1"/>
      </symbol>
      <symbol id="sm-ac1">
         <name>parmbuf</name>
         <value>0x2000449c</value>
      </symbol>
      <symbol id="sm-ac2">
         <name>HOSTopen</name>
         <value>0x4c0d</value>
         <object_component_ref idref="oc-4d9"/>
      </symbol>
      <symbol id="sm-ad3">
         <name>HOSTread</name>
         <value>0x4cc9</value>
         <object_component_ref idref="oc-4e5"/>
      </symbol>
      <symbol id="sm-ae4">
         <name>HOSTrename</name>
         <value>0x4941</value>
         <object_component_ref idref="oc-4fd"/>
      </symbol>
      <symbol id="sm-af5">
         <name>HOSTunlink</name>
         <value>0x4fe1</value>
         <object_component_ref idref="oc-4f7"/>
      </symbol>
      <symbol id="sm-b06">
         <name>HOSTwrite</name>
         <value>0x4d21</value>
         <object_component_ref idref="oc-4eb"/>
      </symbol>
      <symbol id="sm-b2a">
         <name>__TI_readmsg</name>
         <value>0x52b5</value>
         <object_component_ref idref="oc-537"/>
      </symbol>
      <symbol id="sm-b2b">
         <name>C$$IO$$</name>
         <value>0x519b</value>
         <object_component_ref idref="oc-531"/>
      </symbol>
      <symbol id="sm-b2c">
         <name>__CIOBUF_</name>
         <value>0x20004270</value>
         <object_component_ref idref="oc-553"/>
      </symbol>
      <symbol id="sm-b2d">
         <name>__TI_writemsg</name>
         <value>0x516d</value>
         <object_component_ref idref="oc-531"/>
      </symbol>
      <symbol id="sm-b3d">
         <name>lseek</name>
         <value>0x542d</value>
         <object_component_ref idref="oc-51a"/>
      </symbol>
      <symbol id="sm-b6c">
         <name>IntRegister</name>
         <value>0x524d</value>
         <object_component_ref idref="oc-198"/>
      </symbol>
      <symbol id="sm-b6d">
         <name>g_pfnRAMVectors</name>
         <value>0x20000000</value>
         <object_component_ref idref="oc-283"/>
      </symbol>
      <symbol id="sm-b6e">
         <name>IntMasterEnable</name>
         <value>0x55bf</value>
         <object_component_ref idref="oc-1c0"/>
      </symbol>
      <symbol id="sm-b78">
         <name>CPUcpsie</name>
         <value>0x55ed</value>
         <object_component_ref idref="oc-2ab"/>
      </symbol>
      <symbol id="sm-b79">
         <name>__TI_static_base__</name>
         <value>0x0</value>
      </symbol>
      <symbol id="sm-b7c">
         <name>__mpu_init</name>
         <value>0x0</value>
      </symbol>
      <symbol id="sm-b7d">
         <name>_system_post_cinit</name>
         <value>0x0</value>
      </symbol>
      <symbol id="sm-b7e">
         <name>remove</name>
         <value>0x53d9</value>
      </symbol>
   </symbol_table>
   <title>Link successful</title>
</link_info>
