******************************************************************************
                  TI ARM Linker PC v20.2.6                     
******************************************************************************
>> Linked Thu Mar 23 12:01:41 2023

OUTPUT FILE NAME:   <Lab 7.out>
ENTRY POINT SYMBOL: "_c_int00_noargs"  address: 00004419


MEMORY CONFIGURATION

         name            origin    length      used     unused   attr    fill
----------------------  --------  ---------  --------  --------  ----  --------
  FLASH                 00000000   00040000  000047c4  0003b83c  R  X
  SRAM                  20000000   00008000  0000232e  00005cd2  RW X


SEGMENT ALLOCATION MAP

run origin  load origin   length   init length attrs members
----------  ----------- ---------- ----------- ----- -------
00000000    00000000    000047c8   000047c8    r-x
  00000000    00000000    0000026c   0000026c    r-- .intvecs
  0000026c    0000026c    000043f0   000043f0    r-x .text
  0000465c    0000465c    00000118   00000118    r-- .const
  00004778    00004778    00000050   00000050    r-- .cinit
20000000    20000000    00002335   00000000    rw-
  20000000    20000000    0000026c   00000000    rw- .vtable
  20000270    20000270    00001000   00000000    rw- .stack
  20001270    20001270    00001000   00000000    rw- .sysmem
  20002270    20002270    00000089   00000000    rw- .bss
  200022fc    200022fc    00000039   00000000    rw- .data


SECTION ALLOCATION MAP

 output                                  attributes/
section   page    origin      length       input sections
--------  ----  ----------  ----------   ----------------
.intvecs   0    00000000    0000026c     
                  00000000    0000026c     tm4c123gh6pm_startup_ccs.obj (.intvecs)

.text      0    0000026c    000043f0     
                  0000026c    00000c20     open_interface.obj (.text)
                  00000e8c    00000a4e     rtsv7M4_T_le_v4SPD16_eabi.lib : _printfi.c.obj (.text:__TI_printfi)
                  000018da    00000002                                   : _lock.c.obj (.text:_nop)
                  000018dc    000004ec     checkpoints.obj (.text)
                  00001dc8    00000328     lcd.obj (.text)
                  000020f0    000002e0     movement.obj (.text)
                  000023d0    00000270     rtsv7M4_T_le_v4SPD16_eabi.lib : _printfi.c.obj (.text:_pconv_a)
                  00002640    00000260     libcybotScan.lib : cyBot_Scan.obj (.text)
                  000028a0    00000248     Timer.obj (.text)
                  00002ae8    000001ec     libcybotScan.lib : ping.obj (.text)
                  00002cd4    000001d0     rtsv7M4_T_le_v4SPD16_eabi.lib : _printfi.c.obj (.text:_pconv_g)
                  00002ea4    000001b6                                   : fd_add_t2.asm.obj (.text)
                  0000305a    00000002                                   : div0.asm.obj (.text)
                  0000305c    00000158     libcybotScan.lib : servo.obj (.text)
                  000031b4    0000013c     rtsv7M4_T_le_v4SPD16_eabi.lib : _printfi.c.obj (.text:_pconv_e)
                  000032f0    00000136                                   : fd_div_t2.asm.obj (.text)
                  00003426    00000002     --HOLE-- [fill = 0]
                  00003428    00000124                                   : _printfi.c.obj (.text:fcvt)
                  0000354c    00000118     libcybotScan.lib : ir.obj (.text)
                  00003664    00000110     rtsv7M4_T_le_v4SPD16_eabi.lib : s_scalbn.c.obj (.text:scalbn)
                  00003774    00000108     uart.obj (.text)
                  0000387c    00000100     rtsv7M4_T_le_v4SPD16_eabi.lib : memory.c.obj (.text:aligned_alloc)
                  0000397c    000000fc                                   : fd_mul_t2.asm.obj (.text)
                  00003a78    000000e4                                   : memory.c.obj (.text:free)
                  00003b5c    000000b1                                   : _printfi.c.obj (.text:_ltostr)
                  00003c0d    00000001     --HOLE-- [fill = 0]
                  00003c0e    0000009c                                   : memcpy_t2.asm.obj (.text)
                  00003caa    00000096                                   : ull_div_t2.asm.obj (.text)
                  00003d40    00000086                                   : fd_cmp_t2.asm.obj (.text:__aeabi_cdcmple)
                  00003dc6    00000086                                   : fd_cmp_t2.asm.obj (.text:__aeabi_cdrcmple)
                  00003e4c    0000007a                                   : memset_t2.asm.obj (.text)
                  00003ec6    00000002     --HOLE-- [fill = 0]
                  00003ec8    00000070                                   : memory.c.obj (.text:split)
                  00003f38    0000006e                                   : _printfi.c.obj (.text:_mcpy)
                  00003fa6    0000006e                                   : fd_tos_t2.asm.obj (.text)
                  00004014    00000068                                   : copy_decompress_lzss.c.obj (.text:decompress:lzss:__TI_decompress_lzss)
                  0000407c    00000064                                   : s_frexp.c.obj (.text:frexp)
                  000040e0    00000056                                   : _printfi.c.obj (.text:_pconv_f)
                  00004136    00000054                                   : _ltoa.c.obj (.text:__TI_ltoa)
                  0000418a    00000052                                   : _printfi.c.obj (.text:_ecpy)
                  000041dc    0000004c                                   : atoi.c.obj (.text:atoi)
                  00004228    00000048                                   : fd_toi_t2.asm.obj (.text)
                  00004270    00000044                                   : autoinit.c.obj (.text:__TI_auto_init_nobinit_nopinit:__TI_auto_init_nobinit_nopinit)
                  000042b4    00000040                                   : sprintf.c.obj (.text:sprintf)
                  000042f4    00000040                                   : vsnprintf.c.obj (.text:vsnprintf)
                  00004334    0000003e                                   : _printfi.c.obj (.text:_fcpy)
                  00004372    00000002     --HOLE-- [fill = 0]
                  00004374    00000038                                   : memory.c.obj (.text:calloc)
                  000043ac    00000038                                   : fs_tod_t2.asm.obj (.text)
                  000043e4    00000034     driverlib.lib : interrupt.obj (.text:IntRegister)
                  00004418    00000034     rtsv7M4_T_le_v4SPD16_eabi.lib : boot_cortex_m.c.obj (.text:_c_int00_noargs:_c_int00_noargs)
                  0000444c    00000030                                   : vsnprintf.c.obj (.text:_outs)
                  0000447c    0000002e                                   : i_tofd_t2.asm.obj (.text)
                  000044aa    00000002     --HOLE-- [fill = 0]
                  000044ac    00000028                                   : memory.c.obj (.text:free_list_insert)
                  000044d4    0000001c                                   : copy_zero_init.c.obj (.text:decompress:ZI:__TI_zero_init_nomemset:__TI_zero_init_nomemset)
                  000044f0    0000001c                                   : memory.c.obj (.text:free_list_remove)
                  0000450c    0000001c                                   : memccpy.c.obj (.text:memccpy)
                  00004528    0000001a                                   : s_copysign.c.obj (.text:copysign)
                  00004542    00000018                                   : vsnprintf.c.obj (.text:_outc)
                  0000455a    00000018                                   : sprintf.c.obj (.text:_outs)
                  00004572    00000018     open_interface.obj (.text:oi_parseInt)
                  0000458a    00000018     rtsv7M4_T_le_v4SPD16_eabi.lib : strcmp.c.obj (.text:strcmp)
                  000045a2    00000016                                   : strchr.c.obj (.text:strchr)
                  000045b8    00000014                                   : strcpy.c.obj (.text:strcpy)
                  000045cc    00000014                                   : strlen.c.obj (.text:strlen)
                  000045e0    00000012                                   : wcslen.c.obj (.text:wcslen)
                  000045f2    00000010     driverlib.lib : interrupt.obj (.text:IntMasterEnable)
                  00004602    00000010     lcd.obj (.text:lcd_clear)
                  00004612    0000000e     rtsv7M4_T_le_v4SPD16_eabi.lib : copy_decompress_none.c.obj (.text:decompress:none:__TI_decompress_none)
                  00004620    0000000c     driverlib.lib : cpu.obj (.text:CPUcpsie)
                  0000462c    0000000c     tm4c123gh6pm_startup_ccs.obj (.text)
                  00004638    0000000a     rtsv7M4_T_le_v4SPD16_eabi.lib : sprintf.c.obj (.text:_outc)
                  00004642    00000002     --HOLE-- [fill = 0]
                  00004644    00000008                                   : errno.c.obj (.text:__aeabi_errno_addr)
                  0000464c    00000008                                   : memory.c.obj (.text:malloc)
                  00004654    00000004                                   : pre_init.c.obj (.text:_system_pre_init)
                  00004658    00000004                                   : exit.c.obj (.text:abort:abort)

.const     0    0000465c    00000118     
                  0000465c    00000101     rtsv7M4_T_le_v4SPD16_eabi.lib : ctype.c.obj (.const:.string:_ctypes_)
                  0000475d    0000000f     open_interface.obj (.const:.string:$P$T0$3)
                  0000476c    00000004     lcd.obj (.const:.string:lineAddress$1)
                  00004770    00000004     lcd.obj (.const:.string:lineAddresses$2)

.cinit     0    00004778    00000050     
                  00004778    00000018     (.cinit..data.load) [load image, compression = lzss]
                  00004790    0000000c     (__TI_handler_table)
                  0000479c    00000004     --HOLE-- [fill = 0]
                  000047a0    00000008     (.cinit..bss.load) [load image, compression = zero_init]
                  000047a8    00000008     (.cinit..vtable.load) [load image, compression = zero_init]
                  000047b0    00000018     (__TI_cinit_table)

.init_array 
*          0    00000000    00000000     UNINITIALIZED

.vtable    0    20000000    0000026c     UNINITIALIZED
                  20000000    0000026c     driverlib.lib : interrupt.obj (.vtable)

.stack     0    20000270    00001000     UNINITIALIZED
                  20000270    00000004     rtsv7M4_T_le_v4SPD16_eabi.lib : boot_cortex_m.c.obj (.stack)
                  20000274    00000ffc     --HOLE--

.sysmem    0    20001270    00001000     UNINITIALIZED
                  20001270    00000010     rtsv7M4_T_le_v4SPD16_eabi.lib : memory.c.obj (.sysmem)
                  20001280    00000ff0     --HOLE--

.bss       0    20002270    00000089     UNINITIALIZED
                  20002270    00000054     lcd.obj (.bss:lastbuffer$3)
                  200022c4    00000018     open_interface.obj (.bss:firmware$2)
                  200022dc    00000004     (.common:_timeout_ticks)
                  200022e0    00000004     (.common:fallingEdge)
                  200022e4    00000004     (.common:isr_int_value)
                  200022e8    00000004     (.common:left_calibration_value)
                  200022ec    00000004     (.common:pulseLength)
                  200022f0    00000004     (.common:right_calibration_value)
                  200022f4    00000004     (.common:risingEdge)
                  200022f8    00000001     (.common:isRisingEdge)

.data      0    200022fc    00000039     UNINITIALIZED
                  200022fc    00000020     open_interface.obj (.data)
                  2000231c    00000008     rtsv7M4_T_le_v4SPD16_eabi.lib : _lock.c.obj (.data:$O1$$)
                  20002324    00000008                                   : memory.c.obj (.data:$O1$$)
                  2000232c    00000004     libcybotScan.lib : cyBot_Scan.obj (.data)
                  20002330    00000004     rtsv7M4_T_le_v4SPD16_eabi.lib : errno.c.obj (.data)
                  20002334    00000001     Timer.obj (.data)

__llvm_prf_cnts 
*          0    20000000    00000000     UNINITIALIZED

MODULE SUMMARY

       Module                         code    ro data   rw data
       ------                         ----    -------   -------
    .\
       open_interface.obj             3128    15        56     
       checkpoints.obj                1260    0         8      
       lcd.obj                        824     8         84     
       movement.obj                   736     0         0      
       tm4c123gh6pm_startup_ccs.obj   12      620       0      
       Timer.obj                      584     0         5      
       uart.obj                       264     0         0      
    +--+------------------------------+-------+---------+---------+
       Total:                         6808    643       153    
                                                               
    ../libcybotScan.lib
       cyBot_Scan.obj                 608     0         4      
       ping.obj                       492     0         13     
       servo.obj                      344     0         0      
       ir.obj                         280     0         4      
    +--+------------------------------+-------+---------+---------+
       Total:                         1724    0         21     
                                                               
    C:/ti/TivaWare_C_Series-2.2.0.295/driverlib/ccs/Debug/driverlib.lib
       interrupt.obj                  68      0         620    
       cpu.obj                        12      0         0      
    +--+------------------------------+-------+---------+---------+
       Total:                         80      0         620    
                                                               
    C:\ti\ccs1200\ccs\tools\compiler\ti-cgt-arm_20.2.6.LTS\lib\rtsv7M4_T_le_v4SPD16_eabi.lib
       _printfi.c.obj                 4851    0         0      
       memory.c.obj                   728     0         8      
       fd_add_t2.asm.obj              438     0         0      
       fd_div_t2.asm.obj              310     0         0      
       s_scalbn.c.obj                 272     0         0      
       fd_cmp_t2.asm.obj              268     0         0      
       ctype.c.obj                    0       257       0      
       fd_mul_t2.asm.obj              252     0         0      
       memcpy_t2.asm.obj              156     0         0      
       ull_div_t2.asm.obj             150     0         0      
       vsnprintf.c.obj                136     0         0      
       memset_t2.asm.obj              122     0         0      
       fd_tos_t2.asm.obj              110     0         0      
       copy_decompress_lzss.c.obj     104     0         0      
       s_frexp.c.obj                  100     0         0      
       sprintf.c.obj                  98      0         0      
       _ltoa.c.obj                    84      0         0      
       atoi.c.obj                     76      0         0      
       fd_toi_t2.asm.obj              72      0         0      
       autoinit.c.obj                 68      0         0      
       fs_tod_t2.asm.obj              56      0         0      
       boot_cortex_m.c.obj            52      0         0      
       i_tofd_t2.asm.obj              46      0         0      
       copy_zero_init.c.obj           28      0         0      
       memccpy.c.obj                  28      0         0      
       s_copysign.c.obj               26      0         0      
       strcmp.c.obj                   24      0         0      
       strchr.c.obj                   22      0         0      
       strcpy.c.obj                   20      0         0      
       strlen.c.obj                   20      0         0      
       wcslen.c.obj                   18      0         0      
       copy_decompress_none.c.obj     14      0         0      
       errno.c.obj                    8       0         4      
       _lock.c.obj                    2       0         8      
       exit.c.obj                     4       0         0      
       pre_init.c.obj                 4       0         0      
       div0.asm.obj                   2       0         0      
    +--+------------------------------+-------+---------+---------+
       Total:                         8769    257       20     
                                                               
       Heap:                          0       0         4096   
       Stack:                         0       0         4096   
       Linker Generated:              0       76        0      
    +--+------------------------------+-------+---------+---------+
       Grand Total:                   17381   976       9006   


LINKER GENERATED COPY TABLES

__TI_cinit_table @ 000047b0 records: 3, size/record: 8, table size: 24
	.data: load addr=00004778, load size=00000018 bytes, run addr=200022fc, run size=00000039 bytes, compression=lzss
	.bss: load addr=000047a0, load size=00000008 bytes, run addr=20002270, run size=00000089 bytes, compression=zero_init
	.vtable: load addr=000047a8, load size=00000008 bytes, run addr=20000000, run size=0000026c bytes, compression=zero_init


LINKER GENERATED HANDLER TABLE

__TI_handler_table @ 00004790 records: 3, size/record: 4, table size: 12
	index: 0, handler: __TI_zero_init
	index: 1, handler: __TI_decompress_lzss
	index: 2, handler: __TI_decompress_none


GLOBAL SYMBOLS: SORTED ALPHABETICALLY BY Name 

address   name                          
-------   ----                          
000035e5  ADC0SS0_Handler               
00004659  C$$EXIT                       
00004621  CPUcpsie                      
00000bc3  GPIOF_Handler                 
000045f3  IntMasterEnable               
000043e5  IntRegister                   
0000462d  ResetISR                      
00002bd9  TIMER3B_Handler               
20001270  __STACK_END                   
00001000  __STACK_SIZE                  
20000470  __STACK_TOP                   
00001000  __SYSMEM_SIZE                 
000047b0  __TI_CINIT_Base               
000047c8  __TI_CINIT_Limit              
00004790  __TI_Handler_Table_Base       
0000479c  __TI_Handler_Table_Limit      
00004271  __TI_auto_init_nobinit_nopinit
00004015  __TI_decompress_lzss          
00004613  __TI_decompress_none          
00004137  __TI_ltoa                     
ffffffff  __TI_pprof_out_hndl           
00000e8d  __TI_printfi                  
ffffffff  __TI_prof_data_size           
ffffffff  __TI_prof_data_start          
00000000  __TI_static_base__            
000044d5  __TI_zero_init_nomemset       
00003d41  __aeabi_cdcmpeq               
00003d41  __aeabi_cdcmple               
00003dc7  __aeabi_cdrcmple              
00003fa7  __aeabi_d2f                   
00004229  __aeabi_d2iz                  
00002eaf  __aeabi_dadd                  
000032f1  __aeabi_ddiv                  
0000397d  __aeabi_dmul                  
00002ea5  __aeabi_dsub                  
00004645  __aeabi_errno_addr            
000043ad  __aeabi_f2d                   
0000447d  __aeabi_i2d                   
0000305b  __aeabi_idiv0                 
0000305b  __aeabi_ldiv0                 
00003e4d  __aeabi_memclr                
00003e4d  __aeabi_memclr4               
00003e4d  __aeabi_memclr8               
00003c0f  __aeabi_memcpy                
00003c0f  __aeabi_memcpy4               
00003c0f  __aeabi_memcpy8               
00003e4f  __aeabi_memset                
00003e4f  __aeabi_memset4               
00003e4f  __aeabi_memset8               
00003cab  __aeabi_uldivmod              
ffffffff  __binit__                     
ffffffff  __c_args__                    
UNDEFED   __mpu_init                    
20000270  __stack                       
20000000  __start___llvm_prf_cnts       
20000000  __stop___llvm_prf_cnts        
00004419  _c_int00_noargs               
0000465c  _ctypes_                      
2000231c  _lock                         
000018db  _nop                          
20002334  _running                      
20001270  _sys_memory                   
UNDEFED   _system_post_cinit            
00004655  _system_pre_init              
200022dc  _timeout_ticks                
20002320  _unlock                       
00004659  abort                         
0000387d  aligned_alloc                 
000041dd  atoi                          
ffffffff  binit                         
00004375  calloc                        
00004529  copysign                      
00004529  copysignl                     
00002719  cyBOT_SERVO_cal               
000026a7  cyBOT_Scan                    
0000264f  cyBOT_init_Scan               
2000232c  cyBOT_scan_features           
00002641  cyBOT_scan_version            
20002330  errno                         
200022e0  fallingEdge                   
00003a79  free                          
0000407d  frexp                         
0000407d  frexpl                        
20000000  g_pfnRAMVectors               
00000000  g_pfnVectors                  
0000097f  go_charge                     
000035fb  ir_enableInterrupt            
000035dd  ir_getDistance                
000035b5  ir_getValue                   
0000354d  ir_init                       
200022f8  isRisingEdge                  
200022e4  isr_int_value                 
00004603  lcd_clear                     
00001f9d  lcd_gotoLine                  
00001e05  lcd_init                      
00002003  lcd_printf                    
00001ec5  lcd_putc                      
00001efd  lcd_puts                      
00001dc9  lcd_reverseNibble             
00001f1b  lcd_sendCommand               
00001f59  lcd_sendNibble                
00001fc5  lcd_setCursorPos              
00003665  ldexp                         
00003665  ldexpl                        
200022e8  left_calibration_value        
000018dd  main                          
0000464d  malloc                        
0000387d  memalign                      
0000450d  memccpy                       
00003c0f  memcpy                        
00003e55  memset                        
200022fc  motor_cal_factor_L            
20002300  motor_cal_factor_R            
0000217b  move_backward                 
00002287  move_backward_slow            
000020f1  move_forward                  
000021fd  move_forward_slow             
0000026d  oi_alloc                      
00000aa9  oi_checkFirmware              
000002c7  oi_close                      
00000279  oi_free                       
00000ded  oi_getMotorCalibrationLeft    
00000e01  oi_getMotorCalibrationRight   
000002b1  oi_init                       
00000289  oi_init_noupdate              
00000915  oi_loadSong                   
00004573  oi_parseInt                   
0000032b  oi_parsePacket                
0000096b  oi_play_song                  
0000084b  oi_setLeds                    
00000db1  oi_setMotorCalibration        
0000088f  oi_setWheels                  
00000b51  oi_shutoff_init               
0000098d  oi_uartInit                   
00000a31  oi_uartReceive                
00000a77  oi_uartSendBuff               
00000a15  oi_uartSendChar               
00000a59  oi_uartSendStr                
000002d9  oi_update                     
00002c2b  ping_getDistance              
00002ae9  ping_init                     
00002b6f  ping_trigger                  
200022ec  pulseLength                   
200022f0  right_calibration_value       
200022f4  risingEdge                    
00003665  scalbn                        
00003665  scalbnl                       
0000305d  servo_init                    
000030ed  servo_move                    
0000314d  servo_setPWM                  
000030e1  servo_stop                    
000042b5  sprintf                       
000045a3  strchr                        
0000458b  strcmp                        
000045b9  strcpy                        
000045cd  strlen                        
000029bf  timer_getMicros               
00002967  timer_getMillis               
000028a1  timer_init                    
00002943  timer_pause                   
00002955  timer_resume                  
00002919  timer_stop                    
00002a19  timer_waitMicros              
00002a4b  timer_waitMillis              
00002369  turn_left                     
00002309  turn_right                    
00003775  uart_init                     
00003811  uart_receive                  
000037f5  uart_sendChar                 
00003825  uart_sendStr                  
000042f5  vsnprintf                     
000045e1  wcslen                        


GLOBAL SYMBOLS: SORTED BY Symbol Address 

address   name                          
-------   ----                          
00000000  __TI_static_base__            
00000000  g_pfnVectors                  
0000026d  oi_alloc                      
00000279  oi_free                       
00000289  oi_init_noupdate              
000002b1  oi_init                       
000002c7  oi_close                      
000002d9  oi_update                     
0000032b  oi_parsePacket                
0000084b  oi_setLeds                    
0000088f  oi_setWheels                  
00000915  oi_loadSong                   
0000096b  oi_play_song                  
0000097f  go_charge                     
0000098d  oi_uartInit                   
00000a15  oi_uartSendChar               
00000a31  oi_uartReceive                
00000a59  oi_uartSendStr                
00000a77  oi_uartSendBuff               
00000aa9  oi_checkFirmware              
00000b51  oi_shutoff_init               
00000bc3  GPIOF_Handler                 
00000db1  oi_setMotorCalibration        
00000ded  oi_getMotorCalibrationLeft    
00000e01  oi_getMotorCalibrationRight   
00000e8d  __TI_printfi                  
00001000  __STACK_SIZE                  
00001000  __SYSMEM_SIZE                 
000018db  _nop                          
000018dd  main                          
00001dc9  lcd_reverseNibble             
00001e05  lcd_init                      
00001ec5  lcd_putc                      
00001efd  lcd_puts                      
00001f1b  lcd_sendCommand               
00001f59  lcd_sendNibble                
00001f9d  lcd_gotoLine                  
00001fc5  lcd_setCursorPos              
00002003  lcd_printf                    
000020f1  move_forward                  
0000217b  move_backward                 
000021fd  move_forward_slow             
00002287  move_backward_slow            
00002309  turn_right                    
00002369  turn_left                     
00002641  cyBOT_scan_version            
0000264f  cyBOT_init_Scan               
000026a7  cyBOT_Scan                    
00002719  cyBOT_SERVO_cal               
000028a1  timer_init                    
00002919  timer_stop                    
00002943  timer_pause                   
00002955  timer_resume                  
00002967  timer_getMillis               
000029bf  timer_getMicros               
00002a19  timer_waitMicros              
00002a4b  timer_waitMillis              
00002ae9  ping_init                     
00002b6f  ping_trigger                  
00002bd9  TIMER3B_Handler               
00002c2b  ping_getDistance              
00002ea5  __aeabi_dsub                  
00002eaf  __aeabi_dadd                  
0000305b  __aeabi_idiv0                 
0000305b  __aeabi_ldiv0                 
0000305d  servo_init                    
000030e1  servo_stop                    
000030ed  servo_move                    
0000314d  servo_setPWM                  
000032f1  __aeabi_ddiv                  
0000354d  ir_init                       
000035b5  ir_getValue                   
000035dd  ir_getDistance                
000035e5  ADC0SS0_Handler               
000035fb  ir_enableInterrupt            
00003665  ldexp                         
00003665  ldexpl                        
00003665  scalbn                        
00003665  scalbnl                       
00003775  uart_init                     
000037f5  uart_sendChar                 
00003811  uart_receive                  
00003825  uart_sendStr                  
0000387d  aligned_alloc                 
0000387d  memalign                      
0000397d  __aeabi_dmul                  
00003a79  free                          
00003c0f  __aeabi_memcpy                
00003c0f  __aeabi_memcpy4               
00003c0f  __aeabi_memcpy8               
00003c0f  memcpy                        
00003cab  __aeabi_uldivmod              
00003d41  __aeabi_cdcmpeq               
00003d41  __aeabi_cdcmple               
00003dc7  __aeabi_cdrcmple              
00003e4d  __aeabi_memclr                
00003e4d  __aeabi_memclr4               
00003e4d  __aeabi_memclr8               
00003e4f  __aeabi_memset                
00003e4f  __aeabi_memset4               
00003e4f  __aeabi_memset8               
00003e55  memset                        
00003fa7  __aeabi_d2f                   
00004015  __TI_decompress_lzss          
0000407d  frexp                         
0000407d  frexpl                        
00004137  __TI_ltoa                     
000041dd  atoi                          
00004229  __aeabi_d2iz                  
00004271  __TI_auto_init_nobinit_nopinit
000042b5  sprintf                       
000042f5  vsnprintf                     
00004375  calloc                        
000043ad  __aeabi_f2d                   
000043e5  IntRegister                   
00004419  _c_int00_noargs               
0000447d  __aeabi_i2d                   
000044d5  __TI_zero_init_nomemset       
0000450d  memccpy                       
00004529  copysign                      
00004529  copysignl                     
00004573  oi_parseInt                   
0000458b  strcmp                        
000045a3  strchr                        
000045b9  strcpy                        
000045cd  strlen                        
000045e1  wcslen                        
000045f3  IntMasterEnable               
00004603  lcd_clear                     
00004613  __TI_decompress_none          
00004621  CPUcpsie                      
0000462d  ResetISR                      
00004645  __aeabi_errno_addr            
0000464d  malloc                        
00004655  _system_pre_init              
00004659  C$$EXIT                       
00004659  abort                         
0000465c  _ctypes_                      
00004790  __TI_Handler_Table_Base       
0000479c  __TI_Handler_Table_Limit      
000047b0  __TI_CINIT_Base               
000047c8  __TI_CINIT_Limit              
20000000  __start___llvm_prf_cnts       
20000000  __stop___llvm_prf_cnts        
20000000  g_pfnRAMVectors               
20000270  __stack                       
20000470  __STACK_TOP                   
20001270  __STACK_END                   
20001270  _sys_memory                   
200022dc  _timeout_ticks                
200022e0  fallingEdge                   
200022e4  isr_int_value                 
200022e8  left_calibration_value        
200022ec  pulseLength                   
200022f0  right_calibration_value       
200022f4  risingEdge                    
200022f8  isRisingEdge                  
200022fc  motor_cal_factor_L            
20002300  motor_cal_factor_R            
2000231c  _lock                         
20002320  _unlock                       
2000232c  cyBOT_scan_features           
20002330  errno                         
20002334  _running                      
ffffffff  __TI_pprof_out_hndl           
ffffffff  __TI_prof_data_size           
ffffffff  __TI_prof_data_start          
ffffffff  __binit__                     
ffffffff  __c_args__                    
ffffffff  binit                         
UNDEFED   __mpu_init                    
UNDEFED   _system_post_cinit            

[172 symbols]
