******************************************************************************
                  TI ARM Linker PC v20.2.6                     
******************************************************************************
>> Linked Mon May  1 09:50:22 2023

OUTPUT FILE NAME:   <Test Project.out>
ENTRY POINT SYMBOL: "_c_int00_noargs"  address: 00003f35


MEMORY CONFIGURATION

         name            origin    length      used     unused   attr    fill
----------------------  --------  ---------  --------  --------  ----  --------
  FLASH                 00000000   00040000  000042e0  0003bd20  R  X
  SRAM                  20000000   00008000  00004324  00003cdc  RW X


SEGMENT ALLOCATION MAP

run origin  load origin   length   init length attrs members
----------  ----------- ---------- ----------- ----- -------
00000000    00000000    000042e0   000042e0    r-x
  00000000    00000000    0000026c   0000026c    r-- .intvecs
  0000026c    0000026c    00003f0c   00003f0c    r-x .text
  00004178    00004178    00000118   00000118    r-- .const
  00004290    00004290    00000050   00000050    r-- .cinit
20000000    20000000    00004328   00000000    rw-
  20000000    20000000    0000026c   00000000    rw- .vtable
  20000270    20000270    00002000   00000000    rw- .stack
  20002270    20002270    00002000   00000000    rw- .sysmem
  20004270    20004270    00000070   00000000    rw- .bss
  200042e0    200042e0    00000048   00000000    rw- .data


SECTION ALLOCATION MAP

 output                                  attributes/
section   page    origin      length       input sections
--------  ----  ----------  ----------   ----------------
.intvecs   0    00000000    0000026c     
                  00000000    0000026c     tm4c123gh6pm_startup_ccs.obj (.intvecs)

.text      0    0000026c    00003f0c     
                  0000026c    00000c20     open_interface.obj (.text)
                  00000e8c    00000a4e     rtsv7M4_T_le_v4SPD16_eabi.lib : _printfi.c.obj (.text:__TI_printfi)
                  000018da    00000002                                   : _lock.c.obj (.text:_nop)
                  000018dc    00000328     lcd.obj (.text)
                  00001c04    0000030c     ping.obj (.text)
                  00001f10    00000274     uart-interrupt.obj (.text)
                  00002184    00000270     rtsv7M4_T_le_v4SPD16_eabi.lib : _printfi.c.obj (.text:_pconv_a)
                  000023f4    0000024c     servo.obj (.text)
                  00002640    00000248     Timer.obj (.text)
                  00002888    0000020c     adc.obj (.text)
                  00002a94    000001d0     rtsv7M4_T_le_v4SPD16_eabi.lib : _printfi.c.obj (.text:_pconv_g)
                  00002c64    000001b6                                   : fd_add_t2.asm.obj (.text)
                  00002e1a    00000002                                   : div0.asm.obj (.text)
                  00002e1c    0000013c                                   : _printfi.c.obj (.text:_pconv_e)
                  00002f58    00000136                                   : fd_div_t2.asm.obj (.text)
                  0000308e    00000002     --HOLE-- [fill = 0]
                  00003090    00000124                                   : _printfi.c.obj (.text:fcvt)
                  000031b4    00000110                                   : s_scalbn.c.obj (.text:scalbn)
                  000032c4    00000100                                   : memory.c.obj (.text:aligned_alloc)
                  000033c4    000000fc                                   : fd_mul_t2.asm.obj (.text)
                  000034c0    000000e4                                   : memory.c.obj (.text:free)
                  000035a4    000000b1                                   : _printfi.c.obj (.text:_ltostr)
                  00003655    00000001     --HOLE-- [fill = 0]
                  00003656    0000009c                                   : memcpy_t2.asm.obj (.text)
                  000036f2    00000096                                   : ull_div_t2.asm.obj (.text)
                  00003788    00000086                                   : fd_cmp_t2.asm.obj (.text:__aeabi_cdcmple)
                  0000380e    00000086                                   : fd_cmp_t2.asm.obj (.text:__aeabi_cdrcmple)
                  00003894    0000007a                                   : memset_t2.asm.obj (.text)
                  0000390e    00000002     --HOLE-- [fill = 0]
                  00003910    00000074     button.obj (.text)
                  00003984    00000070     rtsv7M4_T_le_v4SPD16_eabi.lib : memory.c.obj (.text:split)
                  000039f4    0000006e                                   : _printfi.c.obj (.text:_mcpy)
                  00003a62    0000006e                                   : fd_tos_t2.asm.obj (.text)
                  00003ad0    00000068                                   : copy_decompress_lzss.c.obj (.text:decompress:lzss:__TI_decompress_lzss)
                  00003b38    00000064                                   : s_frexp.c.obj (.text:frexp)
                  00003b9c    00000060     main.obj (.text)
                  00003bfc    00000056     rtsv7M4_T_le_v4SPD16_eabi.lib : _printfi.c.obj (.text:_pconv_f)
                  00003c52    00000054                                   : _ltoa.c.obj (.text:__TI_ltoa)
                  00003ca6    00000052                                   : _printfi.c.obj (.text:_ecpy)
                  00003cf8    0000004c                                   : atoi.c.obj (.text:atoi)
                  00003d44    00000048                                   : fd_toi_t2.asm.obj (.text)
                  00003d8c    00000044                                   : autoinit.c.obj (.text:__TI_auto_init_nobinit_nopinit:__TI_auto_init_nobinit_nopinit)
                  00003dd0    00000040                                   : sprintf.c.obj (.text:sprintf)
                  00003e10    00000040                                   : vsnprintf.c.obj (.text:vsnprintf)
                  00003e50    0000003e                                   : _printfi.c.obj (.text:_fcpy)
                  00003e8e    00000002     --HOLE-- [fill = 0]
                  00003e90    00000038                                   : memory.c.obj (.text:calloc)
                  00003ec8    00000038                                   : fs_tod_t2.asm.obj (.text)
                  00003f00    00000034     driverlib.lib : interrupt.obj (.text:IntRegister)
                  00003f34    00000034     rtsv7M4_T_le_v4SPD16_eabi.lib : boot_cortex_m.c.obj (.text:_c_int00_noargs:_c_int00_noargs)
                  00003f68    00000030                                   : vsnprintf.c.obj (.text:_outs)
                  00003f98    0000002e                                   : i_tofd_t2.asm.obj (.text)
                  00003fc6    00000002     --HOLE-- [fill = 0]
                  00003fc8    00000028                                   : memory.c.obj (.text:free_list_insert)
                  00003ff0    0000001c                                   : copy_zero_init.c.obj (.text:decompress:ZI:__TI_zero_init_nomemset:__TI_zero_init_nomemset)
                  0000400c    0000001c                                   : memory.c.obj (.text:free_list_remove)
                  00004028    0000001c                                   : memccpy.c.obj (.text:memccpy)
                  00004044    0000001a                                   : s_copysign.c.obj (.text:copysign)
                  0000405e    00000018                                   : vsnprintf.c.obj (.text:_outc)
                  00004076    00000018                                   : sprintf.c.obj (.text:_outs)
                  0000408e    00000018     open_interface.obj (.text:oi_parseInt)
                  000040a6    00000018     rtsv7M4_T_le_v4SPD16_eabi.lib : strcmp.c.obj (.text:strcmp)
                  000040be    00000016                                   : strchr.c.obj (.text:strchr)
                  000040d4    00000014                                   : strcpy.c.obj (.text:strcpy)
                  000040e8    00000014                                   : strlen.c.obj (.text:strlen)
                  000040fc    00000012                                   : wcslen.c.obj (.text:wcslen)
                  0000410e    00000010     driverlib.lib : interrupt.obj (.text:IntMasterEnable)
                  0000411e    00000010     lcd.obj (.text:lcd_clear)
                  0000412e    0000000e     rtsv7M4_T_le_v4SPD16_eabi.lib : copy_decompress_none.c.obj (.text:decompress:none:__TI_decompress_none)
                  0000413c    0000000c     driverlib.lib : cpu.obj (.text:CPUcpsie)
                  00004148    0000000c     tm4c123gh6pm_startup_ccs.obj (.text)
                  00004154    0000000a     rtsv7M4_T_le_v4SPD16_eabi.lib : sprintf.c.obj (.text:_outc)
                  0000415e    00000002     --HOLE-- [fill = 0]
                  00004160    00000008                                   : errno.c.obj (.text:__aeabi_errno_addr)
                  00004168    00000008                                   : memory.c.obj (.text:malloc)
                  00004170    00000004                                   : pre_init.c.obj (.text:_system_pre_init)
                  00004174    00000004                                   : exit.c.obj (.text:abort:abort)

.const     0    00004178    00000118     
                  00004178    00000101     rtsv7M4_T_le_v4SPD16_eabi.lib : ctype.c.obj (.const:.string:_ctypes_)
                  00004279    0000000f     open_interface.obj (.const:.string:$P$T0$3)
                  00004288    00000004     lcd.obj (.const:.string:lineAddress$1)
                  0000428c    00000004     lcd.obj (.const:.string:lineAddresses$2)

.cinit     0    00004290    00000050     
                  00004290    0000001a     (.cinit..data.load) [load image, compression = lzss]
                  000042aa    00000002     --HOLE-- [fill = 0]
                  000042ac    0000000c     (__TI_handler_table)
                  000042b8    00000008     (.cinit..bss.load) [load image, compression = zero_init]
                  000042c0    00000008     (.cinit..vtable.load) [load image, compression = zero_init]
                  000042c8    00000018     (__TI_cinit_table)

.init_array 
*          0    00000000    00000000     UNINITIALIZED

.vtable    0    20000000    0000026c     UNINITIALIZED
                  20000000    0000026c     driverlib.lib : interrupt.obj (.vtable)

.stack     0    20000270    00002000     UNINITIALIZED
                  20000270    00000004     rtsv7M4_T_le_v4SPD16_eabi.lib : boot_cortex_m.c.obj (.stack)
                  20000274    00001ffc     --HOLE--

.sysmem    0    20002270    00002000     UNINITIALIZED
                  20002270    00000010     rtsv7M4_T_le_v4SPD16_eabi.lib : memory.c.obj (.sysmem)
                  20002280    00001ff0     --HOLE--

.bss       0    20004270    00000070     UNINITIALIZED
                  20004270    00000054     lcd.obj (.bss:lastbuffer$3)
                  200042c4    00000018     open_interface.obj (.bss:firmware$2)
                  200042dc    00000004     (.common:_timeout_ticks)

.data      0    200042e0    00000048     UNINITIALIZED
                  200042e0    00000020     open_interface.obj (.data)
                  20004300    00000009     ping.obj (.data)
                  20004309    00000001     Timer.obj (.data)
                  2000430a    00000001     button.obj (.data)
                  2000430b    00000001     --HOLE--
                  2000430c    00000008     rtsv7M4_T_le_v4SPD16_eabi.lib : _lock.c.obj (.data:$O1$$)
                  20004314    00000008                                   : memory.c.obj (.data:$O1$$)
                  2000431c    00000008     uart-interrupt.obj (.data)
                  20004324    00000004     rtsv7M4_T_le_v4SPD16_eabi.lib : errno.c.obj (.data)

__llvm_prf_cnts 
*          0    20000000    00000000     UNINITIALIZED

MODULE SUMMARY

       Module                         code    ro data   rw data
       ------                         ----    -------   -------
    .\
       open_interface.obj             3128    15        56     
       lcd.obj                        824     8         84     
       ping.obj                       780     0         9      
       uart-interrupt.obj             628     0         8      
       tm4c123gh6pm_startup_ccs.obj   12      620       0      
       Timer.obj                      584     0         5      
       servo.obj                      588     0         0      
       adc.obj                        524     0         0      
       button.obj                     116     0         1      
       main.obj                       96      0         0      
    +--+------------------------------+-------+---------+---------+
       Total:                         7280    643       163    
                                                               
    C:/ti/TivaWare_C_Series-2.2.0.295/driverlib/ccs/Debug/driverlib.lib
       interrupt.obj                  68      0         620    
       cpu.obj                        12      0         0      
    +--+------------------------------+-------+---------+---------+
       Total:                         80      0         620    
                                                               
    C:\ti\ccs1200\ccs\tools\compiler\ti-cgt-arm_20.2.6.LTS\lib\rtsv7M4_T_le_v4SPD16_eabi.lib
       _printfi.c.obj                 4851    0         0      
       memory.c.obj                   728     0         8      
       fd_add_t2.asm.obj              438     0         0      
       fd_div_t2.asm.obj              310     0         0      
       s_scalbn.c.obj                 272     0         0      
       fd_cmp_t2.asm.obj              268     0         0      
       ctype.c.obj                    0       257       0      
       fd_mul_t2.asm.obj              252     0         0      
       memcpy_t2.asm.obj              156     0         0      
       ull_div_t2.asm.obj             150     0         0      
       vsnprintf.c.obj                136     0         0      
       memset_t2.asm.obj              122     0         0      
       fd_tos_t2.asm.obj              110     0         0      
       copy_decompress_lzss.c.obj     104     0         0      
       s_frexp.c.obj                  100     0         0      
       sprintf.c.obj                  98      0         0      
       _ltoa.c.obj                    84      0         0      
       atoi.c.obj                     76      0         0      
       fd_toi_t2.asm.obj              72      0         0      
       autoinit.c.obj                 68      0         0      
       fs_tod_t2.asm.obj              56      0         0      
       boot_cortex_m.c.obj            52      0         0      
       i_tofd_t2.asm.obj              46      0         0      
       copy_zero_init.c.obj           28      0         0      
       memccpy.c.obj                  28      0         0      
       s_copysign.c.obj               26      0         0      
       strcmp.c.obj                   24      0         0      
       strchr.c.obj                   22      0         0      
       strcpy.c.obj                   20      0         0      
       strlen.c.obj                   20      0         0      
       wcslen.c.obj                   18      0         0      
       copy_decompress_none.c.obj     14      0         0      
       errno.c.obj                    8       0         4      
       _lock.c.obj                    2       0         8      
       exit.c.obj                     4       0         0      
       pre_init.c.obj                 4       0         0      
       div0.asm.obj                   2       0         0      
    +--+------------------------------+-------+---------+---------+
       Total:                         8769    257       20     
                                                               
       Heap:                          0       0         8192   
       Stack:                         0       0         8192   
       Linker Generated:              0       78        0      
    +--+------------------------------+-------+---------+---------+
       Grand Total:                   16129   978       17187  


LINKER GENERATED COPY TABLES

__TI_cinit_table @ 000042c8 records: 3, size/record: 8, table size: 24
	.data: load addr=00004290, load size=0000001a bytes, run addr=200042e0, run size=00000048 bytes, compression=lzss
	.bss: load addr=000042b8, load size=00000008 bytes, run addr=20004270, run size=00000070 bytes, compression=zero_init
	.vtable: load addr=000042c0, load size=00000008 bytes, run addr=20000000, run size=0000026c bytes, compression=zero_init


LINKER GENERATED HANDLER TABLE

__TI_handler_table @ 000042ac records: 3, size/record: 4, table size: 12
	index: 0, handler: __TI_zero_init
	index: 1, handler: __TI_decompress_lzss
	index: 2, handler: __TI_decompress_none


GLOBAL SYMBOLS: SORTED ALPHABETICALLY BY Name 

address   name                          
-------   ----                          
00004175  C$$EXIT                       
0000413d  CPUcpsie                      
20004304  END_TIME                      
00000bc3  GPIOF_Handler                 
0000410f  IntMasterEnable               
00003f01  IntRegister                   
00004149  ResetISR                      
20004300  START_TIME                    
20004308  STATE                         
00001d69  TIMER3B_Handler               
0000202d  UART1_Handler                 
20002270  __STACK_END                   
00002000  __STACK_SIZE                  
20000470  __STACK_TOP                   
00002000  __SYSMEM_SIZE                 
000042c8  __TI_CINIT_Base               
000042e0  __TI_CINIT_Limit              
000042ac  __TI_Handler_Table_Base       
000042b8  __TI_Handler_Table_Limit      
00003d8d  __TI_auto_init_nobinit_nopinit
00003ad1  __TI_decompress_lzss          
0000412f  __TI_decompress_none          
00003c53  __TI_ltoa                     
ffffffff  __TI_pprof_out_hndl           
00000e8d  __TI_printfi                  
ffffffff  __TI_prof_data_size           
ffffffff  __TI_prof_data_start          
00000000  __TI_static_base__            
00003ff1  __TI_zero_init_nomemset       
00003789  __aeabi_cdcmpeq               
00003789  __aeabi_cdcmple               
0000380f  __aeabi_cdrcmple              
00003a63  __aeabi_d2f                   
00003d45  __aeabi_d2iz                  
00002c6f  __aeabi_dadd                  
00002f59  __aeabi_ddiv                  
000033c5  __aeabi_dmul                  
00002c65  __aeabi_dsub                  
00004161  __aeabi_errno_addr            
00003ec9  __aeabi_f2d                   
00003f99  __aeabi_i2d                   
00002e1b  __aeabi_idiv0                 
00002e1b  __aeabi_ldiv0                 
00003895  __aeabi_memclr                
00003895  __aeabi_memclr4               
00003895  __aeabi_memclr8               
00003657  __aeabi_memcpy                
00003657  __aeabi_memcpy4               
00003657  __aeabi_memcpy8               
00003897  __aeabi_memset                
00003897  __aeabi_memset4               
00003897  __aeabi_memset8               
000036f3  __aeabi_uldivmod              
ffffffff  __binit__                     
ffffffff  __c_args__                    
UNDEFED   __mpu_init                    
20000270  __stack                       
20000000  __start___llvm_prf_cnts       
20000000  __stop___llvm_prf_cnts        
00003f35  _c_int00_noargs               
00004178  _ctypes_                      
2000430c  _lock                         
000018db  _nop                          
20004309  _running                      
20002270  _sys_memory                   
UNDEFED   _system_post_cinit            
00004171  _system_pre_init              
200042dc  _timeout_ticks                
20004310  _unlock                       
00004175  abort                         
00002965  adc_getDistance               
00002889  adc_init                      
00002939  adc_read                      
000032c5  aligned_alloc                 
00003cf9  atoi                          
ffffffff  binit                         
0000393d  button_getButton              
00003911  button_init                   
000024c7  calibrate                     
00003e91  calloc                        
2000431c  command_flag                  
00004045  copysign                      
00004045  copysignl                     
20004324  errno                         
000034c1  free                          
00003b39  frexp                         
00003b39  frexpl                        
20000000  g_pfnRAMVectors               
00000000  g_pfnVectors                  
0000097f  go_charge                     
0000411f  lcd_clear                     
00001ab1  lcd_gotoLine                  
00001919  lcd_init                      
00001b17  lcd_printf                    
000019d9  lcd_putc                      
00001a11  lcd_puts                      
000018dd  lcd_reverseNibble             
00001a2f  lcd_sendCommand               
00001a6d  lcd_sendNibble                
00001ad9  lcd_setCursorPos              
000031b5  ldexp                         
000031b5  ldexpl                        
00003b9d  main                          
00004169  malloc                        
000032c5  memalign                      
00004029  memccpy                       
00003657  memcpy                        
0000389d  memset                        
200042e0  motor_cal_factor_L            
200042e4  motor_cal_factor_R            
20004320  num                           
0000026d  oi_alloc                      
00000aa9  oi_checkFirmware              
000002c7  oi_close                      
00000279  oi_free                       
00000ded  oi_getMotorCalibrationLeft    
00000e01  oi_getMotorCalibrationRight   
000002b1  oi_init                       
00000289  oi_init_noupdate              
00000915  oi_loadSong                   
0000408f  oi_parseInt                   
0000032b  oi_parsePacket                
0000096b  oi_play_song                  
0000084b  oi_setLeds                    
00000db1  oi_setMotorCalibration        
0000088f  oi_setWheels                  
00000b51  oi_shutoff_init               
0000098d  oi_uartInit                   
00000a31  oi_uartReceive                
00000a77  oi_uartSendBuff               
00000a15  oi_uartSendChar               
00000a59  oi_uartSendStr                
000002d9  oi_update                     
00001da9  ping_getDistance              
00001c05  ping_init                     
00001cdb  ping_trigger                  
000031b5  scalbn                        
000031b5  scalbnl                       
000023f5  servo_init                    
0000249b  servo_move                    
00003dd1  sprintf                       
000040bf  strchr                        
000040a7  strcmp                        
000040d5  strcpy                        
000040e9  strlen                        
0000275f  timer_getMicros               
00002707  timer_getMillis               
00002641  timer_init                    
000026e3  timer_pause                   
000026f5  timer_resume                  
000026b9  timer_stop                    
000027b9  timer_waitMicros              
000027eb  timer_waitMillis              
00001f11  uart_interrupt_init           
00001fe3  uart_receive                  
00001ff7  uart_receive_nonblocking      
00001fc7  uart_sendChar                 
0000200f  uart_sendStr                  
00003e11  vsnprintf                     
00003bd1  waitForNum                    
000040fd  wcslen                        


GLOBAL SYMBOLS: SORTED BY Symbol Address 

address   name                          
-------   ----                          
00000000  __TI_static_base__            
00000000  g_pfnVectors                  
0000026d  oi_alloc                      
00000279  oi_free                       
00000289  oi_init_noupdate              
000002b1  oi_init                       
000002c7  oi_close                      
000002d9  oi_update                     
0000032b  oi_parsePacket                
0000084b  oi_setLeds                    
0000088f  oi_setWheels                  
00000915  oi_loadSong                   
0000096b  oi_play_song                  
0000097f  go_charge                     
0000098d  oi_uartInit                   
00000a15  oi_uartSendChar               
00000a31  oi_uartReceive                
00000a59  oi_uartSendStr                
00000a77  oi_uartSendBuff               
00000aa9  oi_checkFirmware              
00000b51  oi_shutoff_init               
00000bc3  GPIOF_Handler                 
00000db1  oi_setMotorCalibration        
00000ded  oi_getMotorCalibrationLeft    
00000e01  oi_getMotorCalibrationRight   
00000e8d  __TI_printfi                  
000018db  _nop                          
000018dd  lcd_reverseNibble             
00001919  lcd_init                      
000019d9  lcd_putc                      
00001a11  lcd_puts                      
00001a2f  lcd_sendCommand               
00001a6d  lcd_sendNibble                
00001ab1  lcd_gotoLine                  
00001ad9  lcd_setCursorPos              
00001b17  lcd_printf                    
00001c05  ping_init                     
00001cdb  ping_trigger                  
00001d69  TIMER3B_Handler               
00001da9  ping_getDistance              
00001f11  uart_interrupt_init           
00001fc7  uart_sendChar                 
00001fe3  uart_receive                  
00001ff7  uart_receive_nonblocking      
00002000  __STACK_SIZE                  
00002000  __SYSMEM_SIZE                 
0000200f  uart_sendStr                  
0000202d  UART1_Handler                 
000023f5  servo_init                    
0000249b  servo_move                    
000024c7  calibrate                     
00002641  timer_init                    
000026b9  timer_stop                    
000026e3  timer_pause                   
000026f5  timer_resume                  
00002707  timer_getMillis               
0000275f  timer_getMicros               
000027b9  timer_waitMicros              
000027eb  timer_waitMillis              
00002889  adc_init                      
00002939  adc_read                      
00002965  adc_getDistance               
00002c65  __aeabi_dsub                  
00002c6f  __aeabi_dadd                  
00002e1b  __aeabi_idiv0                 
00002e1b  __aeabi_ldiv0                 
00002f59  __aeabi_ddiv                  
000031b5  ldexp                         
000031b5  ldexpl                        
000031b5  scalbn                        
000031b5  scalbnl                       
000032c5  aligned_alloc                 
000032c5  memalign                      
000033c5  __aeabi_dmul                  
000034c1  free                          
00003657  __aeabi_memcpy                
00003657  __aeabi_memcpy4               
00003657  __aeabi_memcpy8               
00003657  memcpy                        
000036f3  __aeabi_uldivmod              
00003789  __aeabi_cdcmpeq               
00003789  __aeabi_cdcmple               
0000380f  __aeabi_cdrcmple              
00003895  __aeabi_memclr                
00003895  __aeabi_memclr4               
00003895  __aeabi_memclr8               
00003897  __aeabi_memset                
00003897  __aeabi_memset4               
00003897  __aeabi_memset8               
0000389d  memset                        
00003911  button_init                   
0000393d  button_getButton              
00003a63  __aeabi_d2f                   
00003ad1  __TI_decompress_lzss          
00003b39  frexp                         
00003b39  frexpl                        
00003b9d  main                          
00003bd1  waitForNum                    
00003c53  __TI_ltoa                     
00003cf9  atoi                          
00003d45  __aeabi_d2iz                  
00003d8d  __TI_auto_init_nobinit_nopinit
00003dd1  sprintf                       
00003e11  vsnprintf                     
00003e91  calloc                        
00003ec9  __aeabi_f2d                   
00003f01  IntRegister                   
00003f35  _c_int00_noargs               
00003f99  __aeabi_i2d                   
00003ff1  __TI_zero_init_nomemset       
00004029  memccpy                       
00004045  copysign                      
00004045  copysignl                     
0000408f  oi_parseInt                   
000040a7  strcmp                        
000040bf  strchr                        
000040d5  strcpy                        
000040e9  strlen                        
000040fd  wcslen                        
0000410f  IntMasterEnable               
0000411f  lcd_clear                     
0000412f  __TI_decompress_none          
0000413d  CPUcpsie                      
00004149  ResetISR                      
00004161  __aeabi_errno_addr            
00004169  malloc                        
00004171  _system_pre_init              
00004175  C$$EXIT                       
00004175  abort                         
00004178  _ctypes_                      
000042ac  __TI_Handler_Table_Base       
000042b8  __TI_Handler_Table_Limit      
000042c8  __TI_CINIT_Base               
000042e0  __TI_CINIT_Limit              
20000000  __start___llvm_prf_cnts       
20000000  __stop___llvm_prf_cnts        
20000000  g_pfnRAMVectors               
20000270  __stack                       
20000470  __STACK_TOP                   
20002270  __STACK_END                   
20002270  _sys_memory                   
200042dc  _timeout_ticks                
200042e0  motor_cal_factor_L            
200042e4  motor_cal_factor_R            
20004300  START_TIME                    
20004304  END_TIME                      
20004308  STATE                         
20004309  _running                      
2000430c  _lock                         
20004310  _unlock                       
2000431c  command_flag                  
20004320  num                           
20004324  errno                         
ffffffff  __TI_pprof_out_hndl           
ffffffff  __TI_prof_data_size           
ffffffff  __TI_prof_data_start          
ffffffff  __binit__                     
ffffffff  __c_args__                    
ffffffff  binit                         
UNDEFED   __mpu_init                    
UNDEFED   _system_post_cinit            

[161 symbols]
