******************************************************************************
                  TI ARM Linker PC v20.2.6                     
******************************************************************************
>> Linked Thu Feb 16 11:19:50 2023

OUTPUT FILE NAME:   <Lab 3.out>
ENTRY POINT SYMBOL: "_c_int00_noargs"  address: 00002f95


MEMORY CONFIGURATION

         name            origin    length      used     unused   attr    fill
----------------------  --------  ---------  --------  --------  ----  --------
  FLASH                 00000000   00040000  000032b9  0003cd47  R  X
  SRAM                  20000000   00008000  0000231e  00005ce2  RW X


SEGMENT ALLOCATION MAP

run origin  load origin   length   init length attrs members
----------  ----------- ---------- ----------- ----- -------
00000000    00000000    000032c0   000032c0    r-x
  00000000    00000000    0000026c   0000026c    r-- .intvecs
  0000026c    0000026c    00002f04   00002f04    r-x .text
  00003170    00003170    00000109   00000109    r-- .const
  00003280    00003280    00000040   00000040    r-- .cinit
20000000    20000000    00002325   00000000    rw-
  20000000    20000000    0000026c   00000000    rw- .vtable
  20000270    20000270    00001000   00000000    rw- .stack
  20001270    20001270    00001000   00000000    rw- .sysmem
  20002270    20002270    000000a5   00000000    rw- .bss
  20002318    20002318    0000000d   00000000    rw- .data


SECTION ALLOCATION MAP

 output                                  attributes/
section   page    origin      length       input sections
--------  ----  ----------  ----------   ----------------
.intvecs   0    00000000    0000026c     
                  00000000    0000026c     tm4c123gh6pm_startup_ccs.obj (.intvecs)

.text      0    0000026c    00002f04     
                  0000026c    00000a4e     rtsv7M4_T_le_v4SPD16_eabi.lib : _printfi.c.obj (.text:__TI_printfi)
                  00000cba    00000002                                   : div0.asm.obj (.text)
                  00000cbc    00000328     lcd.obj (.text)
                  00000fe4    00000270     rtsv7M4_T_le_v4SPD16_eabi.lib : _printfi.c.obj (.text:_pconv_a)
                  00001254    00000260     libcybotScan.lib : cyBot_Scan.obj (.text)
                  000014b4    00000248     Timer.obj (.text)
                  000016fc    00000210     checkpoints.obj (.text)
                  0000190c    000001ec     libcybotScan.lib : ping.obj (.text)
                  00001af8    000001d0     rtsv7M4_T_le_v4SPD16_eabi.lib : _printfi.c.obj (.text:_pconv_g)
                  00001cc8    000001b6                                   : fd_add_t2.asm.obj (.text)
                  00001e7e    00000002     --HOLE-- [fill = 0]
                  00001e80    0000015c     libcybotUART.lib : uart.obj (.text)
                  00001fdc    00000158     libcybotScan.lib : servo.obj (.text)
                  00002134    0000013c     rtsv7M4_T_le_v4SPD16_eabi.lib : _printfi.c.obj (.text:_pconv_e)
                  00002270    00000136                                   : fd_div_t2.asm.obj (.text)
                  000023a6    00000002     --HOLE-- [fill = 0]
                  000023a8    00000124                                   : _printfi.c.obj (.text:fcvt)
                  000024cc    00000118     libcybotScan.lib : ir.obj (.text)
                  000025e4    00000110     rtsv7M4_T_le_v4SPD16_eabi.lib : s_scalbn.c.obj (.text:scalbn)
                  000026f4    000000fc                                   : fd_mul_t2.asm.obj (.text)
                  000027f0    000000b1                                   : _printfi.c.obj (.text:_ltostr)
                  000028a1    00000001     --HOLE-- [fill = 0]
                  000028a2    0000009c                                   : memcpy_t2.asm.obj (.text)
                  0000293e    00000096                                   : ull_div_t2.asm.obj (.text)
                  000029d4    00000086                                   : fd_cmp_t2.asm.obj (.text:__aeabi_cdcmple)
                  00002a5a    00000086                                   : fd_cmp_t2.asm.obj (.text:__aeabi_cdrcmple)
                  00002ae0    0000007a                                   : memset_t2.asm.obj (.text)
                  00002b5a    0000006e                                   : _printfi.c.obj (.text:_mcpy)
                  00002bc8    00000068                                   : copy_decompress_lzss.c.obj (.text:decompress:lzss:__TI_decompress_lzss)
                  00002c30    00000064                                   : s_frexp.c.obj (.text:frexp)
                  00002c94    00000056                                   : _printfi.c.obj (.text:_pconv_f)
                  00002cea    00000054                                   : _ltoa.c.obj (.text:__TI_ltoa)
                  00002d3e    00000052                                   : _printfi.c.obj (.text:_ecpy)
                  00002d90    0000004c                                   : atoi.c.obj (.text:atoi)
                  00002ddc    00000048                                   : fd_toi_t2.asm.obj (.text)
                  00002e24    00000044                                   : autoinit.c.obj (.text:__TI_auto_init_nobinit_nopinit:__TI_auto_init_nobinit_nopinit)
                  00002e68    00000040                                   : sprintf.c.obj (.text:sprintf)
                  00002ea8    00000040                                   : vsnprintf.c.obj (.text:vsnprintf)
                  00002ee8    0000003e                                   : _printfi.c.obj (.text:_fcpy)
                  00002f26    00000038                                   : fs_tod_t2.asm.obj (.text)
                  00002f5e    00000002     --HOLE-- [fill = 0]
                  00002f60    00000034     driverlib.lib : interrupt.obj (.text:IntRegister)
                  00002f94    00000034     rtsv7M4_T_le_v4SPD16_eabi.lib : boot_cortex_m.c.obj (.text:_c_int00_noargs:_c_int00_noargs)
                  00002fc8    00000030                                   : vsnprintf.c.obj (.text:_outs)
                  00002ff8    0000002e                                   : i_tofd_t2.asm.obj (.text)
                  00003026    0000001c                                   : copy_zero_init.c.obj (.text:decompress:ZI:__TI_zero_init_nomemset:__TI_zero_init_nomemset)
                  00003042    0000001c                                   : memccpy.c.obj (.text:memccpy)
                  0000305e    0000001a                                   : s_copysign.c.obj (.text:copysign)
                  00003078    00000018                                   : vsnprintf.c.obj (.text:_outc)
                  00003090    00000018                                   : sprintf.c.obj (.text:_outs)
                  000030a8    00000018                                   : strcmp.c.obj (.text:strcmp)
                  000030c0    00000016                                   : strchr.c.obj (.text:strchr)
                  000030d6    00000014                                   : strcpy.c.obj (.text:strcpy)
                  000030ea    00000014                                   : strlen.c.obj (.text:strlen)
                  000030fe    00000012                                   : wcslen.c.obj (.text:wcslen)
                  00003110    00000010     driverlib.lib : interrupt.obj (.text:IntMasterEnable)
                  00003120    00000010     lcd.obj (.text:lcd_clear)
                  00003130    0000000e     rtsv7M4_T_le_v4SPD16_eabi.lib : copy_decompress_none.c.obj (.text:decompress:none:__TI_decompress_none)
                  0000313e    0000000c     driverlib.lib : cpu.obj (.text:CPUcpsie)
                  0000314a    0000000c     tm4c123gh6pm_startup_ccs.obj (.text)
                  00003156    0000000a     rtsv7M4_T_le_v4SPD16_eabi.lib : sprintf.c.obj (.text:_outc)
                  00003160    00000008                                   : errno.c.obj (.text:__aeabi_errno_addr)
                  00003168    00000004                                   : pre_init.c.obj (.text:_system_pre_init)
                  0000316c    00000004                                   : exit.c.obj (.text:abort:abort)

.const     0    00003170    00000109     
                  00003170    00000101     rtsv7M4_T_le_v4SPD16_eabi.lib : ctype.c.obj (.const:.string:_ctypes_)
                  00003271    00000004     lcd.obj (.const:.string:lineAddress$1)
                  00003275    00000004     lcd.obj (.const:.string:lineAddresses$2)

.cinit     0    00003280    00000040     
                  00003280    0000000c     (__TI_handler_table)
                  0000328c    00000004     --HOLE-- [fill = 0]
                  00003290    00000008     (.cinit..bss.load) [load image, compression = zero_init]
                  00003298    00000008     (.cinit..vtable.load) [load image, compression = zero_init]
                  000032a0    00000007     (.cinit..data.load) [load image, compression = lzss]
                  000032a7    00000001     --HOLE-- [fill = 0]
                  000032a8    00000018     (__TI_cinit_table)

.init_array 
*          0    00000000    00000000     UNINITIALIZED

.vtable    0    20000000    0000026c     UNINITIALIZED
                  20000000    0000026c     driverlib.lib : interrupt.obj (.vtable)

.stack     0    20000270    00001000     UNINITIALIZED
                  20000270    00000004     rtsv7M4_T_le_v4SPD16_eabi.lib : boot_cortex_m.c.obj (.stack)
                  20000274    00000ffc     --HOLE--

.sysmem    0    20001270    00001000     UNINITIALIZED
                  20001270    00000010     rtsv7M4_T_le_v4SPD16_eabi.lib : memory.c.obj (.sysmem)
                  20001280    00000ff0     --HOLE--

.bss       0    20002270    000000a5     UNINITIALIZED
                  20002270    00000054     lcd.obj (.bss:lastbuffer$3)
                  200022c4    00000034     (.common:isr_char_buffer)
                  200022f8    00000004     (.common:_timeout_ticks)
                  200022fc    00000004     (.common:fallingEdge)
                  20002300    00000004     (.common:isr_int_value)
                  20002304    00000004     (.common:left_calibration_value)
                  20002308    00000004     (.common:pulseLength)
                  2000230c    00000004     (.common:right_calibration_value)
                  20002310    00000004     (.common:risingEdge)
                  20002314    00000001     (.common:isRisingEdge)

.data      0    20002318    0000000d     UNINITIALIZED
                  20002318    00000004     libcybotScan.lib : cyBot_Scan.obj (.data)
                  2000231c    00000004     libcybotUART.lib : uart.obj (.data)
                  20002320    00000004     rtsv7M4_T_le_v4SPD16_eabi.lib : errno.c.obj (.data)
                  20002324    00000001     Timer.obj (.data)

__llvm_prf_cnts 
*          0    20000000    00000000     UNINITIALIZED

MODULE SUMMARY

       Module                         code    ro data   rw data
       ------                         ----    -------   -------
    .\
       lcd.obj                        824     8         84     
       tm4c123gh6pm_startup_ccs.obj   12      620       0      
       Timer.obj                      584     0         5      
       checkpoints.obj                528     0         8      
    +--+------------------------------+-------+---------+---------+
       Total:                         1948    628       97     
                                                               
    ../libcybotScan.lib
       cyBot_Scan.obj                 608     0         4      
       ping.obj                       492     0         13     
       servo.obj                      344     0         0      
       ir.obj                         280     0         4      
    +--+------------------------------+-------+---------+---------+
       Total:                         1724    0         21     
                                                               
    ../libcybotUART.lib
       uart.obj                       348     0         56     
    +--+------------------------------+-------+---------+---------+
       Total:                         348     0         56     
                                                               
    C:/ti/TivaWare_C_Series-2.2.0.295/driverlib/ccs/Debug/driverlib.lib
       interrupt.obj                  68      0         620    
       cpu.obj                        12      0         0      
    +--+------------------------------+-------+---------+---------+
       Total:                         80      0         620    
                                                               
    C:\ti\ccs1200\ccs\tools\compiler\ti-cgt-arm_20.2.6.LTS\lib\rtsv7M4_T_le_v4SPD16_eabi.lib
       _printfi.c.obj                 4851    0         0      
       fd_add_t2.asm.obj              438     0         0      
       fd_div_t2.asm.obj              310     0         0      
       s_scalbn.c.obj                 272     0         0      
       fd_cmp_t2.asm.obj              268     0         0      
       ctype.c.obj                    0       257       0      
       fd_mul_t2.asm.obj              252     0         0      
       memcpy_t2.asm.obj              156     0         0      
       ull_div_t2.asm.obj             150     0         0      
       vsnprintf.c.obj                136     0         0      
       memset_t2.asm.obj              122     0         0      
       copy_decompress_lzss.c.obj     104     0         0      
       s_frexp.c.obj                  100     0         0      
       sprintf.c.obj                  98      0         0      
       _ltoa.c.obj                    84      0         0      
       atoi.c.obj                     76      0         0      
       fd_toi_t2.asm.obj              72      0         0      
       autoinit.c.obj                 68      0         0      
       fs_tod_t2.asm.obj              56      0         0      
       boot_cortex_m.c.obj            52      0         0      
       i_tofd_t2.asm.obj              46      0         0      
       copy_zero_init.c.obj           28      0         0      
       memccpy.c.obj                  28      0         0      
       s_copysign.c.obj               26      0         0      
       strcmp.c.obj                   24      0         0      
       strchr.c.obj                   22      0         0      
       strcpy.c.obj                   20      0         0      
       strlen.c.obj                   20      0         0      
       wcslen.c.obj                   18      0         0      
       copy_decompress_none.c.obj     14      0         0      
       errno.c.obj                    8       0         4      
       exit.c.obj                     4       0         0      
       pre_init.c.obj                 4       0         0      
       div0.asm.obj                   2       0         0      
    +--+------------------------------+-------+---------+---------+
       Total:                         7929    257       4      
                                                               
       Heap:                          0       0         4096   
       Stack:                         0       0         4096   
       Linker Generated:              0       59        0      
    +--+------------------------------+-------+---------+---------+
       Grand Total:                   12029   944       8990   


LINKER GENERATED COPY TABLES

__TI_cinit_table @ 000032a8 records: 3, size/record: 8, table size: 24
	.bss: load addr=00003290, load size=00000008 bytes, run addr=20002270, run size=000000a5 bytes, compression=zero_init
	.vtable: load addr=00003298, load size=00000008 bytes, run addr=20000000, run size=0000026c bytes, compression=zero_init
	.data: load addr=000032a0, load size=00000007 bytes, run addr=20002318, run size=0000000d bytes, compression=lzss


LINKER GENERATED HANDLER TABLE

__TI_handler_table @ 00003280 records: 3, size/record: 4, table size: 12
	index: 0, handler: __TI_zero_init
	index: 1, handler: __TI_decompress_lzss
	index: 2, handler: __TI_decompress_none


GLOBAL SYMBOLS: SORTED ALPHABETICALLY BY Name 

address   name                          
-------   ----                          
00002565  ADC0SS0_Handler               
0000316d  C$$EXIT                       
0000313f  CPUcpsie                      
00003111  IntMasterEnable               
00002f61  IntRegister                   
0000314b  ResetISR                      
000019fd  TIMER3B_Handler               
20001270  __STACK_END                   
00001000  __STACK_SIZE                  
20000470  __STACK_TOP                   
00001000  __SYSMEM_SIZE                 
000032a8  __TI_CINIT_Base               
000032c0  __TI_CINIT_Limit              
00003280  __TI_Handler_Table_Base       
0000328c  __TI_Handler_Table_Limit      
00002e25  __TI_auto_init_nobinit_nopinit
00002bc9  __TI_decompress_lzss          
00003131  __TI_decompress_none          
00002ceb  __TI_ltoa                     
ffffffff  __TI_pprof_out_hndl           
0000026d  __TI_printfi                  
ffffffff  __TI_prof_data_size           
ffffffff  __TI_prof_data_start          
00000000  __TI_static_base__            
00003027  __TI_zero_init_nomemset       
000029d5  __aeabi_cdcmpeq               
000029d5  __aeabi_cdcmple               
00002a5b  __aeabi_cdrcmple              
00002ddd  __aeabi_d2iz                  
00001cd3  __aeabi_dadd                  
00002271  __aeabi_ddiv                  
000026f5  __aeabi_dmul                  
00001cc9  __aeabi_dsub                  
00003161  __aeabi_errno_addr            
00002f27  __aeabi_f2d                   
00002ff9  __aeabi_i2d                   
00000cbb  __aeabi_idiv0                 
00000cbb  __aeabi_ldiv0                 
00002ae1  __aeabi_memclr                
00002ae1  __aeabi_memclr4               
00002ae1  __aeabi_memclr8               
000028a3  __aeabi_memcpy                
000028a3  __aeabi_memcpy4               
000028a3  __aeabi_memcpy8               
00002ae3  __aeabi_memset                
00002ae3  __aeabi_memset4               
00002ae3  __aeabi_memset8               
0000293f  __aeabi_uldivmod              
ffffffff  __binit__                     
ffffffff  __c_args__                    
UNDEFED   __mpu_init                    
20000270  __stack                       
20000000  __start___llvm_prf_cnts       
20000000  __stop___llvm_prf_cnts        
00002f95  _c_int00_noargs               
00003170  _ctypes_                      
20002324  _running                      
20001270  _sys_memory                   
UNDEFED   _system_post_cinit            
00003169  _system_pre_init              
200022f8  _timeout_ticks                
0000316d  abort                         
00002d91  atoi                          
ffffffff  binit                         
0000305f  copysign                      
0000305f  copysignl                     
0000132d  cyBOT_SERVO_cal               
000012bb  cyBOT_Scan                    
00001263  cyBOT_init_Scan               
20002318  cyBOT_scan_features           
00001255  cyBOT_scan_version            
00001f89  cyBot_UART1_Handler           
00001f6f  cyBot_getByte                 
00001e81  cyBot_sendByte                
00001f51  cyBot_uart_flush              
00001ebf  cyBot_uart_init               
00001ea7  cyBot_uart_sendBuffer         
00001e8d  cyBot_uart_sendStr            
20002320  errno                         
200022fc  fallingEdge                   
00002c31  frexp                         
00002c31  frexpl                        
20000000  g_pfnRAMVectors               
00000000  g_pfnVectors                  
0000257b  ir_enableInterrupt            
0000255d  ir_getDistance                
00002535  ir_getValue                   
000024cd  ir_init                       
20002314  isRisingEdge                  
200022c4  isr_char_buffer               
2000231c  isr_counter                   
20002300  isr_int_value                 
00003121  lcd_clear                     
00000e91  lcd_gotoLine                  
00000cf9  lcd_init                      
00000ef7  lcd_printf                    
00000db9  lcd_putc                      
00000df1  lcd_puts                      
00000cbd  lcd_reverseNibble             
00000e0f  lcd_sendCommand               
00000e4d  lcd_sendNibble                
00000eb9  lcd_setCursorPos              
000025e5  ldexp                         
000025e5  ldexpl                        
20002304  left_calibration_value        
000016fd  main                          
00003043  memccpy                       
000028a3  memcpy                        
00002ae9  memset                        
00001a4f  ping_getDistance              
0000190d  ping_init                     
00001993  ping_trigger                  
0000188b  printToPutty                  
20002308  pulseLength                   
2000230c  right_calibration_value       
20002310  risingEdge                    
000025e5  scalbn                        
000025e5  scalbnl                       
00001fdd  servo_init                    
0000206d  servo_move                    
000020cd  servo_setPWM                  
00002061  servo_stop                    
00002e69  sprintf                       
000030c1  strchr                        
000030a9  strcmp                        
000030d7  strcpy                        
000030eb  strlen                        
000015d3  timer_getMicros               
0000157b  timer_getMillis               
000014b5  timer_init                    
00001557  timer_pause                   
00001569  timer_resume                  
0000152d  timer_stop                    
0000162d  timer_waitMicros              
0000165f  timer_waitMillis              
00002ea9  vsnprintf                     
000030ff  wcslen                        


GLOBAL SYMBOLS: SORTED BY Symbol Address 

address   name                          
-------   ----                          
00000000  __TI_static_base__            
00000000  g_pfnVectors                  
0000026d  __TI_printfi                  
00000cbb  __aeabi_idiv0                 
00000cbb  __aeabi_ldiv0                 
00000cbd  lcd_reverseNibble             
00000cf9  lcd_init                      
00000db9  lcd_putc                      
00000df1  lcd_puts                      
00000e0f  lcd_sendCommand               
00000e4d  lcd_sendNibble                
00000e91  lcd_gotoLine                  
00000eb9  lcd_setCursorPos              
00000ef7  lcd_printf                    
00001000  __STACK_SIZE                  
00001000  __SYSMEM_SIZE                 
00001255  cyBOT_scan_version            
00001263  cyBOT_init_Scan               
000012bb  cyBOT_Scan                    
0000132d  cyBOT_SERVO_cal               
000014b5  timer_init                    
0000152d  timer_stop                    
00001557  timer_pause                   
00001569  timer_resume                  
0000157b  timer_getMillis               
000015d3  timer_getMicros               
0000162d  timer_waitMicros              
0000165f  timer_waitMillis              
000016fd  main                          
0000188b  printToPutty                  
0000190d  ping_init                     
00001993  ping_trigger                  
000019fd  TIMER3B_Handler               
00001a4f  ping_getDistance              
00001cc9  __aeabi_dsub                  
00001cd3  __aeabi_dadd                  
00001e81  cyBot_sendByte                
00001e8d  cyBot_uart_sendStr            
00001ea7  cyBot_uart_sendBuffer         
00001ebf  cyBot_uart_init               
00001f51  cyBot_uart_flush              
00001f6f  cyBot_getByte                 
00001f89  cyBot_UART1_Handler           
00001fdd  servo_init                    
00002061  servo_stop                    
0000206d  servo_move                    
000020cd  servo_setPWM                  
00002271  __aeabi_ddiv                  
000024cd  ir_init                       
00002535  ir_getValue                   
0000255d  ir_getDistance                
00002565  ADC0SS0_Handler               
0000257b  ir_enableInterrupt            
000025e5  ldexp                         
000025e5  ldexpl                        
000025e5  scalbn                        
000025e5  scalbnl                       
000026f5  __aeabi_dmul                  
000028a3  __aeabi_memcpy                
000028a3  __aeabi_memcpy4               
000028a3  __aeabi_memcpy8               
000028a3  memcpy                        
0000293f  __aeabi_uldivmod              
000029d5  __aeabi_cdcmpeq               
000029d5  __aeabi_cdcmple               
00002a5b  __aeabi_cdrcmple              
00002ae1  __aeabi_memclr                
00002ae1  __aeabi_memclr4               
00002ae1  __aeabi_memclr8               
00002ae3  __aeabi_memset                
00002ae3  __aeabi_memset4               
00002ae3  __aeabi_memset8               
00002ae9  memset                        
00002bc9  __TI_decompress_lzss          
00002c31  frexp                         
00002c31  frexpl                        
00002ceb  __TI_ltoa                     
00002d91  atoi                          
00002ddd  __aeabi_d2iz                  
00002e25  __TI_auto_init_nobinit_nopinit
00002e69  sprintf                       
00002ea9  vsnprintf                     
00002f27  __aeabi_f2d                   
00002f61  IntRegister                   
00002f95  _c_int00_noargs               
00002ff9  __aeabi_i2d                   
00003027  __TI_zero_init_nomemset       
00003043  memccpy                       
0000305f  copysign                      
0000305f  copysignl                     
000030a9  strcmp                        
000030c1  strchr                        
000030d7  strcpy                        
000030eb  strlen                        
000030ff  wcslen                        
00003111  IntMasterEnable               
00003121  lcd_clear                     
00003131  __TI_decompress_none          
0000313f  CPUcpsie                      
0000314b  ResetISR                      
00003161  __aeabi_errno_addr            
00003169  _system_pre_init              
0000316d  C$$EXIT                       
0000316d  abort                         
00003170  _ctypes_                      
00003280  __TI_Handler_Table_Base       
0000328c  __TI_Handler_Table_Limit      
000032a8  __TI_CINIT_Base               
000032c0  __TI_CINIT_Limit              
20000000  __start___llvm_prf_cnts       
20000000  __stop___llvm_prf_cnts        
20000000  g_pfnRAMVectors               
20000270  __stack                       
20000470  __STACK_TOP                   
20001270  __STACK_END                   
20001270  _sys_memory                   
200022c4  isr_char_buffer               
200022f8  _timeout_ticks                
200022fc  fallingEdge                   
20002300  isr_int_value                 
20002304  left_calibration_value        
20002308  pulseLength                   
2000230c  right_calibration_value       
20002310  risingEdge                    
20002314  isRisingEdge                  
20002318  cyBOT_scan_features           
2000231c  isr_counter                   
20002320  errno                         
20002324  _running                      
ffffffff  __TI_pprof_out_hndl           
ffffffff  __TI_prof_data_size           
ffffffff  __TI_prof_data_start          
ffffffff  __binit__                     
ffffffff  __c_args__                    
ffffffff  binit                         
UNDEFED   __mpu_init                    
UNDEFED   _system_post_cinit            

[137 symbols]
