******************************************************************************
                  TI ARM Linker PC v20.2.6                     
******************************************************************************
>> Linked Thu Jan 26 14:32:26 2023

OUTPUT FILE NAME:   <Lab1.out>
ENTRY POINT SYMBOL: "_c_int00_noargs"  address: 00002c95


MEMORY CONFIGURATION

         name            origin    length      used     unused   attr    fill
----------------------  --------  ---------  --------  --------  ----  --------
  FLASH                 00000000   00040000  00003019  0003cfe7  R  X
  SRAM                  20000000   00008000  000022dd  00005d23  RW X


SEGMENT ALLOCATION MAP

run origin  load origin   length   init length attrs members
----------  ----------- ---------- ----------- ----- -------
00000000    00000000    00003020   00003020    r-x
  00000000    00000000    0000026c   0000026c    r-- .intvecs
  0000026c    0000026c    00002c64   00002c64    r-x .text
  00002ed0    00002ed0    00000109   00000109    r-- .const
  00002fe0    00002fe0    00000040   00000040    r-- .cinit
20000000    20000000    000022e1   00000000    rw-
  20000000    20000000    0000026c   00000000    rw- .vtable
  20000270    20000270    00001000   00000000    rw- .stack
  20001270    20001270    00001000   00000000    rw- .sysmem
  20002270    20002270    00000058   00000000    rw- .bss
  200022c8    200022c8    00000019   00000000    rw- .data


SECTION ALLOCATION MAP

 output                                  attributes/
section   page    origin      length       input sections
--------  ----  ----------  ----------   ----------------
.intvecs   0    00000000    0000026c     
                  00000000    0000026c     tm4c123gh6pm_startup_ccs.obj (.intvecs)

.text      0    0000026c    00002c64     
                  0000026c    00000a4e     rtsv7M4_T_le_v4SPD16_eabi.lib : _printfi.c.obj (.text:__TI_printfi)
                  00000cba    00000002                                   : _lock.c.obj (.text:_nop)
                  00000cbc    00000328     lcd.obj (.text)
                  00000fe4    00000270     rtsv7M4_T_le_v4SPD16_eabi.lib : _printfi.c.obj (.text:_pconv_a)
                  00001254    00000248     Timer.obj (.text)
                  0000149c    0000022e     RotatingBanner.obj (.text)
                  000016ca    00000002     rtsv7M4_T_le_v4SPD16_eabi.lib : div0.asm.obj (.text)
                  000016cc    000001d0                                   : _printfi.c.obj (.text:_pconv_g)
                  0000189c    000001b6                                   : fd_add_t2.asm.obj (.text)
                  00001a52    00000002     --HOLE-- [fill = 0]
                  00001a54    0000014c                                   : vla_alloc.c.obj (.text:__vla_alloc)
                  00001ba0    0000013c                                   : _printfi.c.obj (.text:_pconv_e)
                  00001cdc    00000136                                   : fd_div_t2.asm.obj (.text)
                  00001e12    00000002     --HOLE-- [fill = 0]
                  00001e14    00000124                                   : _printfi.c.obj (.text:fcvt)
                  00001f38    00000110                                   : s_scalbn.c.obj (.text:scalbn)
                  00002048    00000100                                   : memory.c.obj (.text:aligned_alloc)
                  00002148    000000fc                                   : fd_mul_t2.asm.obj (.text)
                  00002244    000000e4                                   : memory.c.obj (.text:free)
                  00002328    000000e4                                   : memory.c.obj (.text:realloc)
                  0000240c    000000b1                                   : _printfi.c.obj (.text:_ltostr)
                  000024bd    00000001     --HOLE-- [fill = 0]
                  000024be    0000009c                                   : memcpy_t2.asm.obj (.text)
                  0000255a    00000096                                   : ull_div_t2.asm.obj (.text)
                  000025f0    00000086                                   : fd_cmp_t2.asm.obj (.text:__aeabi_cdcmple)
                  00002676    00000086                                   : fd_cmp_t2.asm.obj (.text:__aeabi_cdrcmple)
                  000026fc    0000007a                                   : memset_t2.asm.obj (.text)
                  00002776    00000002     --HOLE-- [fill = 0]
                  00002778    00000078                                   : vla_alloc.c.obj (.text:_ZN33_INTERNAL_11_vla_alloc_c_be8bd49b21free_dead_allocationsEPv)
                  000027f0    00000070                                   : vla_alloc.c.obj (.text:__vla_dealloc)
                  00002860    00000070                                   : memory.c.obj (.text:split)
                  000028d0    0000006e                                   : _printfi.c.obj (.text:_mcpy)
                  0000293e    00000068                                   : copy_decompress_lzss.c.obj (.text:decompress:lzss:__TI_decompress_lzss)
                  000029a6    00000002     --HOLE-- [fill = 0]
                  000029a8    00000064                                   : s_frexp.c.obj (.text:frexp)
                  00002a0c    00000056                                   : _printfi.c.obj (.text:_pconv_f)
                  00002a62    00000054                                   : _ltoa.c.obj (.text:__TI_ltoa)
                  00002ab6    00000052                                   : _printfi.c.obj (.text:_ecpy)
                  00002b08    0000004c                                   : atoi.c.obj (.text:atoi)
                  00002b54    00000048                                   : fd_toi_t2.asm.obj (.text)
                  00002b9c    00000044                                   : autoinit.c.obj (.text:__TI_auto_init_nobinit_nopinit:__TI_auto_init_nobinit_nopinit)
                  00002be0    00000040                                   : vsnprintf.c.obj (.text:vsnprintf)
                  00002c20    0000003e                                   : _printfi.c.obj (.text:_fcpy)
                  00002c5e    00000002     --HOLE-- [fill = 0]
                  00002c60    00000034     driverlib.lib : interrupt.obj (.text:IntRegister)
                  00002c94    00000034     rtsv7M4_T_le_v4SPD16_eabi.lib : boot_cortex_m.c.obj (.text:_c_int00_noargs:_c_int00_noargs)
                  00002cc8    00000030                                   : vsnprintf.c.obj (.text:_outs)
                  00002cf8    0000002e                                   : i_tofd_t2.asm.obj (.text)
                  00002d26    0000002e                                   : strncat.c.obj (.text:strncat)
                  00002d54    00000028                                   : memory.c.obj (.text:free_list_insert)
                  00002d7c    0000001e                                   : strcat.c.obj (.text:strcat)
                  00002d9a    0000001c                                   : copy_zero_init.c.obj (.text:decompress:ZI:__TI_zero_init_nomemset:__TI_zero_init_nomemset)
                  00002db6    00000002     --HOLE-- [fill = 0]
                  00002db8    0000001c                                   : memory.c.obj (.text:free_list_remove)
                  00002dd4    0000001c                                   : memccpy.c.obj (.text:memccpy)
                  00002df0    0000001a                                   : s_copysign.c.obj (.text:copysign)
                  00002e0a    00000018                                   : vsnprintf.c.obj (.text:_outc)
                  00002e22    00000018                                   : strcmp.c.obj (.text:strcmp)
                  00002e3a    00000016                                   : strchr.c.obj (.text:strchr)
                  00002e50    00000014                                   : strcpy.c.obj (.text:strcpy)
                  00002e64    00000014                                   : strlen.c.obj (.text:strlen)
                  00002e78    00000012                                   : wcslen.c.obj (.text:wcslen)
                  00002e8a    00000010     lcd.obj (.text:lcd_clear)
                  00002e9a    0000000e     rtsv7M4_T_le_v4SPD16_eabi.lib : copy_decompress_none.c.obj (.text:decompress:none:__TI_decompress_none)
                  00002ea8    0000000c     tm4c123gh6pm_startup_ccs.obj (.text)
                  00002eb4    00000008     rtsv7M4_T_le_v4SPD16_eabi.lib : errno.c.obj (.text:__aeabi_errno_addr)
                  00002ebc    00000008                                   : memory.c.obj (.text:malloc)
                  00002ec4    00000004                                   : error.c.obj (.text:__abort_execution)
                  00002ec8    00000004                                   : pre_init.c.obj (.text:_system_pre_init)
                  00002ecc    00000004                                   : exit.c.obj (.text:abort:abort)

.const     0    00002ed0    00000109     
                  00002ed0    00000101     rtsv7M4_T_le_v4SPD16_eabi.lib : ctype.c.obj (.const:.string:_ctypes_)
                  00002fd1    00000004     lcd.obj (.const:.string:lineAddress$1)
                  00002fd5    00000004     lcd.obj (.const:.string:lineAddresses$2)

.cinit     0    00002fe0    00000040     
                  00002fe0    0000000c     (.cinit..data.load) [load image, compression = lzss]
                  00002fec    0000000c     (__TI_handler_table)
                  00002ff8    00000008     (.cinit..bss.load) [load image, compression = zero_init]
                  00003000    00000008     (.cinit..vtable.load) [load image, compression = zero_init]
                  00003008    00000018     (__TI_cinit_table)

.init_array 
*          0    00000000    00000000     UNINITIALIZED

.vtable    0    20000000    0000026c     UNINITIALIZED
                  20000000    0000026c     driverlib.lib : interrupt.obj (.vtable)

.stack     0    20000270    00001000     UNINITIALIZED
                  20000270    00000004     rtsv7M4_T_le_v4SPD16_eabi.lib : boot_cortex_m.c.obj (.stack)
                  20000274    00000ffc     --HOLE--

.sysmem    0    20001270    00001000     UNINITIALIZED
                  20001270    00000010     rtsv7M4_T_le_v4SPD16_eabi.lib : memory.c.obj (.sysmem)
                  20001280    00000ff0     --HOLE--

.bss       0    20002270    00000058     UNINITIALIZED
                  20002270    00000054     lcd.obj (.bss:lastbuffer$3)
                  200022c4    00000004     (.common:_timeout_ticks)

.data      0    200022c8    00000019     UNINITIALIZED
                  200022c8    00000008     rtsv7M4_T_le_v4SPD16_eabi.lib : _lock.c.obj (.data:$O1$$)
                  200022d0    00000008                                   : memory.c.obj (.data:$O1$$)
                  200022d8    00000004                                   : errno.c.obj (.data)
                  200022dc    00000004                                   : vla_alloc.c.obj (.data)
                  200022e0    00000001     Timer.obj (.data)

__llvm_prf_cnts 
*          0    20000000    00000000     UNINITIALIZED

MODULE SUMMARY

       Module                         code    ro data   rw data
       ------                         ----    -------   -------
    .\
       lcd.obj                        824     8         84     
       tm4c123gh6pm_startup_ccs.obj   12      620       0      
       Timer.obj                      584     0         5      
       RotatingBanner.obj             558     0         0      
    +--+------------------------------+-------+---------+---------+
       Total:                         1978    628       89     
                                                               
    C:/ti/TivaWare_C_Series-2.2.0.295/driverlib/ccs/Debug/driverlib.lib
       interrupt.obj                  52      0         620    
    +--+------------------------------+-------+---------+---------+
       Total:                         52      0         620    
                                                               
    C:\ti\ccs1200\ccs\tools\compiler\ti-cgt-arm_20.2.6.LTS\lib\rtsv7M4_T_le_v4SPD16_eabi.lib
       _printfi.c.obj                 4851    0         0      
       memory.c.obj                   900     0         8      
       vla_alloc.c.obj                564     0         4      
       fd_add_t2.asm.obj              438     0         0      
       fd_div_t2.asm.obj              310     0         0      
       s_scalbn.c.obj                 272     0         0      
       fd_cmp_t2.asm.obj              268     0         0      
       ctype.c.obj                    0       257       0      
       fd_mul_t2.asm.obj              252     0         0      
       memcpy_t2.asm.obj              156     0         0      
       ull_div_t2.asm.obj             150     0         0      
       vsnprintf.c.obj                136     0         0      
       memset_t2.asm.obj              122     0         0      
       copy_decompress_lzss.c.obj     104     0         0      
       s_frexp.c.obj                  100     0         0      
       _ltoa.c.obj                    84      0         0      
       atoi.c.obj                     76      0         0      
       fd_toi_t2.asm.obj              72      0         0      
       autoinit.c.obj                 68      0         0      
       boot_cortex_m.c.obj            52      0         0      
       i_tofd_t2.asm.obj              46      0         0      
       strncat.c.obj                  46      0         0      
       strcat.c.obj                   30      0         0      
       copy_zero_init.c.obj           28      0         0      
       memccpy.c.obj                  28      0         0      
       s_copysign.c.obj               26      0         0      
       strcmp.c.obj                   24      0         0      
       strchr.c.obj                   22      0         0      
       strcpy.c.obj                   20      0         0      
       strlen.c.obj                   20      0         0      
       wcslen.c.obj                   18      0         0      
       copy_decompress_none.c.obj     14      0         0      
       errno.c.obj                    8       0         4      
       _lock.c.obj                    2       0         8      
       error.c.obj                    4       0         0      
       exit.c.obj                     4       0         0      
       pre_init.c.obj                 4       0         0      
       div0.asm.obj                   2       0         0      
    +--+------------------------------+-------+---------+---------+
       Total:                         9321    257       24     
                                                               
       Heap:                          0       0         4096   
       Stack:                         0       0         4096   
       Linker Generated:              0       64        0      
    +--+------------------------------+-------+---------+---------+
       Grand Total:                   11351   949       8925   


LINKER GENERATED COPY TABLES

__TI_cinit_table @ 00003008 records: 3, size/record: 8, table size: 24
	.data: load addr=00002fe0, load size=0000000c bytes, run addr=200022c8, run size=00000019 bytes, compression=lzss
	.bss: load addr=00002ff8, load size=00000008 bytes, run addr=20002270, run size=00000058 bytes, compression=zero_init
	.vtable: load addr=00003000, load size=00000008 bytes, run addr=20000000, run size=0000026c bytes, compression=zero_init


LINKER GENERATED HANDLER TABLE

__TI_handler_table @ 00002fec records: 3, size/record: 4, table size: 12
	index: 0, handler: __TI_zero_init
	index: 1, handler: __TI_decompress_lzss
	index: 2, handler: __TI_decompress_none


GLOBAL SYMBOLS: SORTED ALPHABETICALLY BY Name 

address   name                          
-------   ----                          
00002ecd  C$$EXIT                       
00002c61  IntRegister                   
00002ea9  ResetISR                      
20001270  __STACK_END                   
00001000  __STACK_SIZE                  
20000470  __STACK_TOP                   
00001000  __SYSMEM_SIZE                 
00003008  __TI_CINIT_Base               
00003020  __TI_CINIT_Limit              
00002fec  __TI_Handler_Table_Base       
00002ff8  __TI_Handler_Table_Limit      
00002b9d  __TI_auto_init_nobinit_nopinit
0000293f  __TI_decompress_lzss          
00002e9b  __TI_decompress_none          
00002a63  __TI_ltoa                     
ffffffff  __TI_pprof_out_hndl           
0000026d  __TI_printfi                  
ffffffff  __TI_prof_data_size           
ffffffff  __TI_prof_data_start          
00000000  __TI_static_base__            
00002d9b  __TI_zero_init_nomemset       
00002ec5  __abort_execution             
000025f1  __aeabi_cdcmpeq               
000025f1  __aeabi_cdcmple               
00002677  __aeabi_cdrcmple              
00002b55  __aeabi_d2iz                  
000018a7  __aeabi_dadd                  
00001cdd  __aeabi_ddiv                  
00002149  __aeabi_dmul                  
0000189d  __aeabi_dsub                  
00002eb5  __aeabi_errno_addr            
00002cf9  __aeabi_i2d                   
000016cb  __aeabi_idiv0                 
000016cb  __aeabi_ldiv0                 
000026fd  __aeabi_memclr                
000026fd  __aeabi_memclr4               
000026fd  __aeabi_memclr8               
000024bf  __aeabi_memcpy                
000024bf  __aeabi_memcpy4               
000024bf  __aeabi_memcpy8               
000026ff  __aeabi_memset                
000026ff  __aeabi_memset4               
000026ff  __aeabi_memset8               
0000255b  __aeabi_uldivmod              
ffffffff  __binit__                     
ffffffff  __c_args__                    
UNDEFED   __mpu_init                    
20000270  __stack                       
20000000  __start___llvm_prf_cnts       
20000000  __stop___llvm_prf_cnts        
00001a55  __vla_alloc                   
000027f1  __vla_dealloc                 
00002c95  _c_int00_noargs               
00002ed0  _ctypes_                      
200022c8  _lock                         
00000cbb  _nop                          
200022e0  _running                      
20001270  _sys_memory                   
UNDEFED   _system_post_cinit            
00002ec9  _system_pre_init              
200022c4  _timeout_ticks                
200022cc  _unlock                       
00002ecd  abort                         
00002049  aligned_alloc                 
00002b09  atoi                          
ffffffff  binit                         
00002df1  copysign                      
00002df1  copysignl                     
200022d8  errno                         
00002245  free                          
000029a9  frexp                         
000029a9  frexpl                        
20000000  g_pfnRAMVectors               
00000000  g_pfnVectors                  
00002e8b  lcd_clear                     
00000e91  lcd_gotoLine                  
00000cf9  lcd_init                      
00000ef7  lcd_printf                    
00000db9  lcd_putc                      
00000df1  lcd_puts                      
00000cbd  lcd_reverseNibble             
000014b1  lcd_rotatingBanner            
00000e0f  lcd_sendCommand               
00000e4d  lcd_sendNibble                
00000eb9  lcd_setCursorPos              
00001f39  ldexp                         
00001f39  ldexpl                        
0000149d  main                          
00002ebd  malloc                        
00002049  memalign                      
00002dd5  memccpy                       
000024bf  memcpy                        
00002705  memset                        
00002329  realloc                       
00001f39  scalbn                        
00001f39  scalbnl                       
00002d7d  strcat                        
00002e3b  strchr                        
00002e23  strcmp                        
00002e51  strcpy                        
00002e65  strlen                        
00002d27  strncat                       
00001373  timer_getMicros               
0000131b  timer_getMillis               
00001255  timer_init                    
000012f7  timer_pause                   
00001309  timer_resume                  
000012cd  timer_stop                    
000013cd  timer_waitMicros              
000013ff  timer_waitMillis              
00002be1  vsnprintf                     
00002e79  wcslen                        


GLOBAL SYMBOLS: SORTED BY Symbol Address 

address   name                          
-------   ----                          
00000000  __TI_static_base__            
00000000  g_pfnVectors                  
0000026d  __TI_printfi                  
00000cbb  _nop                          
00000cbd  lcd_reverseNibble             
00000cf9  lcd_init                      
00000db9  lcd_putc                      
00000df1  lcd_puts                      
00000e0f  lcd_sendCommand               
00000e4d  lcd_sendNibble                
00000e91  lcd_gotoLine                  
00000eb9  lcd_setCursorPos              
00000ef7  lcd_printf                    
00001000  __STACK_SIZE                  
00001000  __SYSMEM_SIZE                 
00001255  timer_init                    
000012cd  timer_stop                    
000012f7  timer_pause                   
00001309  timer_resume                  
0000131b  timer_getMillis               
00001373  timer_getMicros               
000013cd  timer_waitMicros              
000013ff  timer_waitMillis              
0000149d  main                          
000014b1  lcd_rotatingBanner            
000016cb  __aeabi_idiv0                 
000016cb  __aeabi_ldiv0                 
0000189d  __aeabi_dsub                  
000018a7  __aeabi_dadd                  
00001a55  __vla_alloc                   
00001cdd  __aeabi_ddiv                  
00001f39  ldexp                         
00001f39  ldexpl                        
00001f39  scalbn                        
00001f39  scalbnl                       
00002049  aligned_alloc                 
00002049  memalign                      
00002149  __aeabi_dmul                  
00002245  free                          
00002329  realloc                       
000024bf  __aeabi_memcpy                
000024bf  __aeabi_memcpy4               
000024bf  __aeabi_memcpy8               
000024bf  memcpy                        
0000255b  __aeabi_uldivmod              
000025f1  __aeabi_cdcmpeq               
000025f1  __aeabi_cdcmple               
00002677  __aeabi_cdrcmple              
000026fd  __aeabi_memclr                
000026fd  __aeabi_memclr4               
000026fd  __aeabi_memclr8               
000026ff  __aeabi_memset                
000026ff  __aeabi_memset4               
000026ff  __aeabi_memset8               
00002705  memset                        
000027f1  __vla_dealloc                 
0000293f  __TI_decompress_lzss          
000029a9  frexp                         
000029a9  frexpl                        
00002a63  __TI_ltoa                     
00002b09  atoi                          
00002b55  __aeabi_d2iz                  
00002b9d  __TI_auto_init_nobinit_nopinit
00002be1  vsnprintf                     
00002c61  IntRegister                   
00002c95  _c_int00_noargs               
00002cf9  __aeabi_i2d                   
00002d27  strncat                       
00002d7d  strcat                        
00002d9b  __TI_zero_init_nomemset       
00002dd5  memccpy                       
00002df1  copysign                      
00002df1  copysignl                     
00002e23  strcmp                        
00002e3b  strchr                        
00002e51  strcpy                        
00002e65  strlen                        
00002e79  wcslen                        
00002e8b  lcd_clear                     
00002e9b  __TI_decompress_none          
00002ea9  ResetISR                      
00002eb5  __aeabi_errno_addr            
00002ebd  malloc                        
00002ec5  __abort_execution             
00002ec9  _system_pre_init              
00002ecd  C$$EXIT                       
00002ecd  abort                         
00002ed0  _ctypes_                      
00002fec  __TI_Handler_Table_Base       
00002ff8  __TI_Handler_Table_Limit      
00003008  __TI_CINIT_Base               
00003020  __TI_CINIT_Limit              
20000000  __start___llvm_prf_cnts       
20000000  __stop___llvm_prf_cnts        
20000000  g_pfnRAMVectors               
20000270  __stack                       
20000470  __STACK_TOP                   
20001270  __STACK_END                   
20001270  _sys_memory                   
200022c4  _timeout_ticks                
200022c8  _lock                         
200022cc  _unlock                       
200022d8  errno                         
200022e0  _running                      
ffffffff  __TI_pprof_out_hndl           
ffffffff  __TI_prof_data_size           
ffffffff  __TI_prof_data_start          
ffffffff  __binit__                     
ffffffff  __c_args__                    
ffffffff  binit                         
UNDEFED   __mpu_init                    
UNDEFED   _system_post_cinit            

[112 symbols]
